Archive member included because of file (symbol)

a:/03- imt sdk/imt_sdk_win_64/winavr/bin/../lib/gcc/avr/4.3.3/avr5\libgcc.a(_mulsi3.o)
                              ./2_HAL/Servo/Servo.o (__mulsi3)
a:/03- imt sdk/imt_sdk_win_64/winavr/bin/../lib/gcc/avr/4.3.3/avr5\libgcc.a(_udivmodsi4.o)
                              ./2_HAL/Servo/Servo.o (__udivmodsi4)
a:/03- imt sdk/imt_sdk_win_64/winavr/bin/../lib/gcc/avr/4.3.3/avr5\libgcc.a(_exit.o)
                              a:/03- imt sdk/imt_sdk_win_64/winavr/bin/../lib/gcc/avr/4.3.3/../../../../avr/lib/avr5/crtm32.o (exit)
a:/03- imt sdk/imt_sdk_win_64/winavr/bin/../lib/gcc/avr/4.3.3/avr5\libgcc.a(_copy_data.o)
                              ./3_APP/App_1/App.o (__do_copy_data)
a:/03- imt sdk/imt_sdk_win_64/winavr/bin/../lib/gcc/avr/4.3.3/avr5\libgcc.a(_clear_bss.o)
                              ./1_MCAL/TIMER/TIMER_program.o (__do_clear_bss)
a:/03- imt sdk/imt_sdk_win_64/winavr/bin/../lib/gcc/avr/4.3.3/avr5\libgcc.a(_ashldi3.o)
                              ./2_HAL/LCD/LCD_PROGRAME.o (__ashldi3)
a:/03- imt sdk/imt_sdk_win_64/winavr/bin/../lib/gcc/avr/4.3.3/avr5\libgcc.a(_divdi3.o)
                              ./2_HAL/LCD/LCD_PROGRAME.o (__divdi3)
a:/03- imt sdk/imt_sdk_win_64/winavr/bin/../lib/gcc/avr/4.3.3/avr5\libgcc.a(_moddi3.o)
                              ./2_HAL/LCD/LCD_PROGRAME.o (__moddi3)
a:/03- imt sdk/imt_sdk_win_64/winavr/bin/../lib/gcc/avr/4.3.3/avr5\libgcc.a(_udivdi3.o)
                              ./2_HAL/LCD/LCD_PROGRAME.o (__udivdi3)
a:/03- imt sdk/imt_sdk_win_64/winavr/bin/../lib/gcc/avr/4.3.3/avr5\libgcc.a(_umoddi3.o)
                              ./2_HAL/LCD/LCD_PROGRAME.o (__umoddi3)
a:/03- imt sdk/imt_sdk_win_64/winavr/bin/../lib/gcc/avr/4.3.3/avr5\libgcc.a(_prologue.o)
                              a:/03- imt sdk/imt_sdk_win_64/winavr/bin/../lib/gcc/avr/4.3.3/avr5\libgcc.a(_divdi3.o) (__prologue_saves__)
a:/03- imt sdk/imt_sdk_win_64/winavr/bin/../lib/gcc/avr/4.3.3/avr5\libgcc.a(_epilogue.o)
                              a:/03- imt sdk/imt_sdk_win_64/winavr/bin/../lib/gcc/avr/4.3.3/avr5\libgcc.a(_divdi3.o) (__epilogue_restores__)
a:/03- imt sdk/imt_sdk_win_64/winavr/bin/../lib/gcc/avr/4.3.3/avr5\libgcc.a(_clz.o)
                              a:/03- imt sdk/imt_sdk_win_64/winavr/bin/../lib/gcc/avr/4.3.3/avr5\libgcc.a(_divdi3.o) (__clz_tab)
a:/03- imt sdk/imt_sdk_win_64/winavr/bin/../lib/gcc/avr/4.3.3/../../../../avr/lib/avr5\libc.a(strcpy.o)
                              ./3_APP/App_1/App.o (strcpy)
a:/03- imt sdk/imt_sdk_win_64/winavr/bin/../lib/gcc/avr/4.3.3/../../../../avr/lib/avr5\libc.a(strncmp.o)
                              ./3_APP/App_1/App.o (strncmp)

Memory Configuration

Name             Origin             Length             Attributes
text             0x00000000         0x00020000         xr
data             0x00800060         0x0000ffa0         rw !x
eeprom           0x00810000         0x00010000         rw !x
fuse             0x00820000         0x00000400         rw !x
lock             0x00830000         0x00000400         rw !x
signature        0x00840000         0x00000400         rw !x
*default*        0x00000000         0xffffffff

Linker script and memory map

LOAD a:/03- imt sdk/imt_sdk_win_64/winavr/bin/../lib/gcc/avr/4.3.3/../../../../avr/lib/avr5/crtm32.o
LOAD ./3_APP/App_1/App.o
LOAD ./2_HAL/Servo/Servo.o
LOAD ./2_HAL/LCD/LCD_PROGRAME.o
LOAD ./2_HAL/KEYPAD/KEYPAD_PROGRAME.o
LOAD ./2_HAL/EEPROM/EEPROM_program.o
LOAD ./1_MCAL/TWI/TWI_program.o
LOAD ./1_MCAL/TIMER/TIMER_program.o
LOAD ./1_MCAL/DIO/DIO_PROGRAM.o
LOAD a:/03- imt sdk/imt_sdk_win_64/winavr/bin/../lib/gcc/avr/4.3.3/avr5\libgcc.a
LOAD a:/03- imt sdk/imt_sdk_win_64/winavr/bin/../lib/gcc/avr/4.3.3/../../../../avr/lib/avr5\libc.a
LOAD a:/03- imt sdk/imt_sdk_win_64/winavr/bin/../lib/gcc/avr/4.3.3/avr5\libgcc.a

.hash
 *(.hash)

.dynsym
 *(.dynsym)

.dynstr
 *(.dynstr)

.gnu.version
 *(.gnu.version)

.gnu.version_d
 *(.gnu.version_d)

.gnu.version_r
 *(.gnu.version_r)

.rel.init
 *(.rel.init)

.rela.init
 *(.rela.init)

.rel.text
 *(.rel.text)
 *(.rel.text.*)
 *(.rel.gnu.linkonce.t*)

.rela.text
 *(.rela.text)
 *(.rela.text.*)
 *(.rela.gnu.linkonce.t*)

.rel.fini
 *(.rel.fini)

.rela.fini
 *(.rela.fini)

.rel.rodata
 *(.rel.rodata)
 *(.rel.rodata.*)
 *(.rel.gnu.linkonce.r*)

.rela.rodata
 *(.rela.rodata)
 *(.rela.rodata.*)
 *(.rela.gnu.linkonce.r*)

.rel.data
 *(.rel.data)
 *(.rel.data.*)
 *(.rel.gnu.linkonce.d*)

.rela.data
 *(.rela.data)
 *(.rela.data.*)
 *(.rela.gnu.linkonce.d*)

.rel.ctors
 *(.rel.ctors)

.rela.ctors
 *(.rela.ctors)

.rel.dtors
 *(.rel.dtors)

.rela.dtors
 *(.rela.dtors)

.rel.got
 *(.rel.got)

.rela.got
 *(.rela.got)

.rel.bss
 *(.rel.bss)

.rela.bss
 *(.rela.bss)

.rel.plt
 *(.rel.plt)

.rela.plt
 *(.rela.plt)

.text           0x00000000     0x6858
 *(.vectors)
 .vectors       0x00000000       0x54 a:/03- imt sdk/imt_sdk_win_64/winavr/bin/../lib/gcc/avr/4.3.3/../../../../avr/lib/avr5/crtm32.o
                0x00000000                __vectors
                0x00000000                __vector_default
 *(.vectors)
 *(.progmem.gcc*)
 *(.progmem*)
                0x00000054                . = ALIGN (0x2)
                0x00000054                __trampolines_start = .
 *(.trampolines)
 .trampolines   0x00000054        0x0 linker stubs
 *(.trampolines*)
                0x00000054                __trampolines_end = .
 *(.jumptables)
 *(.jumptables*)
 *(.lowtext)
 *(.lowtext*)
                0x00000054                __ctors_start = .
 *(.ctors)
                0x00000054                __ctors_end = .
                0x00000054                __dtors_start = .
 *(.dtors)
                0x00000054                __dtors_end = .
 SORT(*)(.ctors)
 SORT(*)(.dtors)
 *(.init0)
 .init0         0x00000054        0x0 a:/03- imt sdk/imt_sdk_win_64/winavr/bin/../lib/gcc/avr/4.3.3/../../../../avr/lib/avr5/crtm32.o
                0x00000054                __init
 *(.init0)
 *(.init1)
 *(.init1)
 *(.init2)
 .init2         0x00000054        0xc a:/03- imt sdk/imt_sdk_win_64/winavr/bin/../lib/gcc/avr/4.3.3/../../../../avr/lib/avr5/crtm32.o
 *(.init2)
 *(.init3)
 *(.init3)
 *(.init4)
 .init4         0x00000060       0x16 a:/03- imt sdk/imt_sdk_win_64/winavr/bin/../lib/gcc/avr/4.3.3/avr5\libgcc.a(_copy_data.o)
                0x00000060                __do_copy_data
 .init4         0x00000076       0x10 a:/03- imt sdk/imt_sdk_win_64/winavr/bin/../lib/gcc/avr/4.3.3/avr5\libgcc.a(_clear_bss.o)
                0x00000076                __do_clear_bss
 *(.init4)
 *(.init5)
 *(.init5)
 *(.init6)
 *(.init6)
 *(.init7)
 *(.init7)
 *(.init8)
 *(.init8)
 *(.init9)
 .init9         0x00000086        0x8 a:/03- imt sdk/imt_sdk_win_64/winavr/bin/../lib/gcc/avr/4.3.3/../../../../avr/lib/avr5/crtm32.o
 *(.init9)
 *(.text)
 .text          0x0000008e        0x4 a:/03- imt sdk/imt_sdk_win_64/winavr/bin/../lib/gcc/avr/4.3.3/../../../../avr/lib/avr5/crtm32.o
                0x0000008e                __vector_1
                0x0000008e                __vector_12
                0x0000008e                __bad_interrupt
                0x0000008e                __vector_3
                0x0000008e                __vector_13
                0x0000008e                __vector_17
                0x0000008e                __vector_19
                0x0000008e                __vector_2
                0x0000008e                __vector_15
                0x0000008e                __vector_14
                0x0000008e                __vector_16
                0x0000008e                __vector_18
                0x0000008e                __vector_20
 .text          0x00000092        0x0 ./3_APP/App_1/App.o
 .text          0x00000092        0x0 ./2_HAL/Servo/Servo.o
 .text          0x00000092        0x0 ./2_HAL/LCD/LCD_PROGRAME.o
 .text          0x00000092        0x0 ./2_HAL/KEYPAD/KEYPAD_PROGRAME.o
 .text          0x00000092        0x0 ./2_HAL/EEPROM/EEPROM_program.o
 .text          0x00000092        0x0 ./1_MCAL/TWI/TWI_program.o
 .text          0x00000092        0x0 ./1_MCAL/TIMER/TIMER_program.o
 .text          0x00000092        0x0 ./1_MCAL/DIO/DIO_PROGRAM.o
 .text          0x00000092        0x0 a:/03- imt sdk/imt_sdk_win_64/winavr/bin/../lib/gcc/avr/4.3.3/avr5\libgcc.a(_mulsi3.o)
 .text          0x00000092        0x0 a:/03- imt sdk/imt_sdk_win_64/winavr/bin/../lib/gcc/avr/4.3.3/avr5\libgcc.a(_udivmodsi4.o)
 .text          0x00000092        0x0 a:/03- imt sdk/imt_sdk_win_64/winavr/bin/../lib/gcc/avr/4.3.3/avr5\libgcc.a(_exit.o)
 .text          0x00000092        0x0 a:/03- imt sdk/imt_sdk_win_64/winavr/bin/../lib/gcc/avr/4.3.3/avr5\libgcc.a(_copy_data.o)
 .text          0x00000092        0x0 a:/03- imt sdk/imt_sdk_win_64/winavr/bin/../lib/gcc/avr/4.3.3/avr5\libgcc.a(_clear_bss.o)
 .text          0x00000092       0xfe a:/03- imt sdk/imt_sdk_win_64/winavr/bin/../lib/gcc/avr/4.3.3/avr5\libgcc.a(_ashldi3.o)
                0x00000092                __ashldi3
 .text          0x00000190     0x1050 a:/03- imt sdk/imt_sdk_win_64/winavr/bin/../lib/gcc/avr/4.3.3/avr5\libgcc.a(_divdi3.o)
                0x00000190                __divdi3
 .text          0x000011e0     0x107a a:/03- imt sdk/imt_sdk_win_64/winavr/bin/../lib/gcc/avr/4.3.3/avr5\libgcc.a(_moddi3.o)
                0x000011e0                __moddi3
 .text          0x0000225a      0xcea a:/03- imt sdk/imt_sdk_win_64/winavr/bin/../lib/gcc/avr/4.3.3/avr5\libgcc.a(_udivdi3.o)
                0x0000225a                __udivdi3
 .text          0x00002f44      0xce0 a:/03- imt sdk/imt_sdk_win_64/winavr/bin/../lib/gcc/avr/4.3.3/avr5\libgcc.a(_umoddi3.o)
                0x00002f44                __umoddi3
 .text          0x00003c24        0x0 a:/03- imt sdk/imt_sdk_win_64/winavr/bin/../lib/gcc/avr/4.3.3/avr5\libgcc.a(_prologue.o)
 .text          0x00003c24        0x0 a:/03- imt sdk/imt_sdk_win_64/winavr/bin/../lib/gcc/avr/4.3.3/avr5\libgcc.a(_epilogue.o)
 .text          0x00003c24        0x0 a:/03- imt sdk/imt_sdk_win_64/winavr/bin/../lib/gcc/avr/4.3.3/avr5\libgcc.a(_clz.o)
 .text          0x00003c24        0x0 a:/03- imt sdk/imt_sdk_win_64/winavr/bin/../lib/gcc/avr/4.3.3/../../../../avr/lib/avr5\libc.a(strcpy.o)
 .text          0x00003c24        0x0 a:/03- imt sdk/imt_sdk_win_64/winavr/bin/../lib/gcc/avr/4.3.3/../../../../avr/lib/avr5\libc.a(strncmp.o)
                0x00003c24                . = ALIGN (0x2)
 *(.text.*)
 .text.main     0x00003c24      0x2da ./3_APP/App_1/App.o
                0x00003c24                main
 .text.SERVO_SetAngle
                0x00003efe       0x30 ./2_HAL/Servo/Servo.o
                0x00003efe                SERVO_SetAngle
 .text.SERVO_Init
                0x00003f2e       0x16 ./2_HAL/Servo/Servo.o
                0x00003f2e                SERVO_Init
 .text.LCD_enuSendData
                0x00003f44       0x88 ./2_HAL/LCD/LCD_PROGRAME.o
                0x00003f44                LCD_enuSendData
 .text.LCD_enuSendCommand
                0x00003fcc       0x88 ./2_HAL/LCD/LCD_PROGRAME.o
                0x00003fcc                LCD_enuSendCommand
 .text.LCD_enuClearScreen
                0x00004054       0x82 ./2_HAL/LCD/LCD_PROGRAME.o
                0x00004054                LCD_enuClearScreen
 .text.LCD_enuSetPosition
                0x000040d6       0xbc ./2_HAL/LCD/LCD_PROGRAME.o
                0x000040d6                LCD_enuSetPosition
 .text.LCD_enuInit
                0x00004192      0x2a4 ./2_HAL/LCD/LCD_PROGRAME.o
                0x00004192                LCD_enuInit
 .text.LCD_enuSendString
                0x00004436       0xac ./2_HAL/LCD/LCD_PROGRAME.o
                0x00004436                LCD_enuSendString
 .text.LCD_WriteNumberIn4Digits
                0x000044e2      0x5ea ./2_HAL/LCD/LCD_PROGRAME.o
                0x000044e2                LCD_WriteNumberIn4Digits
 .text.LCD_WriteNumberIn3Digits
                0x00004acc      0x4c2 ./2_HAL/LCD/LCD_PROGRAME.o
                0x00004acc                LCD_WriteNumberIn3Digits
 .text.LCD_enuSendExtraChar
                0x00004f8e      0x524 ./2_HAL/LCD/LCD_PROGRAME.o
                0x00004f8e                LCD_enuSendExtraChar
 .text.LCD_enuSendNumber
                0x000054b2      0x564 ./2_HAL/LCD/LCD_PROGRAME.o
                0x000054b2                LCD_enuSendNumber
 .text.KPD_enu_GetPressed
                0x00005a16       0xfa ./2_HAL/KEYPAD/KEYPAD_PROGRAME.o
                0x00005a16                KPD_enu_GetPressed
 .text.KPD_enu_Init
                0x00005b10       0xa4 ./2_HAL/KEYPAD/KEYPAD_PROGRAME.o
                0x00005b10                KPD_enu_Init
 .text.EEPROM_u8ReadDataByte
                0x00005bb4       0x44 ./2_HAL/EEPROM/EEPROM_program.o
                0x00005bb4                EEPROM_u8ReadDataByte
 .text.EEPROM_voidSendDataByte
                0x00005bf8       0x30 ./2_HAL/EEPROM/EEPROM_program.o
                0x00005bf8                EEPROM_voidSendDataByte
 .text.EEPROM_voidInit
                0x00005c28       0x36 ./2_HAL/EEPROM/EEPROM_program.o
                0x00005c28                EEPROM_voidInit
 .text.TWI_voidInitMaster
                0x00005c5e       0x1e ./1_MCAL/TWI/TWI_program.o
                0x00005c5e                TWI_voidInitMaster
 .text.TWI_voidInitSlave
                0x00005c7c       0x12 ./1_MCAL/TWI/TWI_program.o
                0x00005c7c                TWI_voidInitSlave
 .text.TWI_SendStartCondition
                0x00005c8e       0x28 ./1_MCAL/TWI/TWI_program.o
                0x00005c8e                TWI_SendStartCondition
 .text.TWI_SendRepeatedStart
                0x00005cb6       0x22 ./1_MCAL/TWI/TWI_program.o
                0x00005cb6                TWI_SendRepeatedStart
 .text.TWI_SendSlaveAddressWithWrite
                0x00005cd8       0x28 ./1_MCAL/TWI/TWI_program.o
                0x00005cd8                TWI_SendSlaveAddressWithWrite
 .text.TWI_SendSlaveAddressWithRead
                0x00005d00       0x28 ./1_MCAL/TWI/TWI_program.o
                0x00005d00                TWI_SendSlaveAddressWithRead
 .text.TWI_MasterWriteDataByte
                0x00005d28       0x1e ./1_MCAL/TWI/TWI_program.o
                0x00005d28                TWI_MasterWriteDataByte
 .text.TWI_MasterReadDataByteWithoutACK
                0x00005d46       0x20 ./1_MCAL/TWI/TWI_program.o
                0x00005d46                TWI_MasterReadDataByteWithoutACK
 .text.TWI_MasterReadDataByteWithACK
                0x00005d66       0x20 ./1_MCAL/TWI/TWI_program.o
                0x00005d66                TWI_MasterReadDataByteWithACK
 .text.TWI_SlaveWriteDataByte
                0x00005d86       0x1e ./1_MCAL/TWI/TWI_program.o
                0x00005d86                TWI_SlaveWriteDataByte
 .text.TWI_SlaveReadDataByte
                0x00005da4       0x22 ./1_MCAL/TWI/TWI_program.o
                0x00005da4                TWI_SlaveReadDataByte
 .text.TWI_SendStopCondition
                0x00005dc6        0xe ./1_MCAL/TWI/TWI_program.o
                0x00005dc6                TWI_SendStopCondition
 .text.TWI_voidDisableACK
                0x00005dd4        0x8 ./1_MCAL/TWI/TWI_program.o
                0x00005dd4                TWI_voidDisableACK
 .text.TWI_voidDisableTWI
                0x00005ddc        0x8 ./1_MCAL/TWI/TWI_program.o
                0x00005ddc                TWI_voidDisableTWI
 .text.TWI_voidEnableACK
                0x00005de4        0x8 ./1_MCAL/TWI/TWI_program.o
                0x00005de4                TWI_voidEnableACK
 .text.TWI_voidEnableTWI
                0x00005dec        0x8 ./1_MCAL/TWI/TWI_program.o
                0x00005dec                TWI_voidEnableTWI
 .text.TWI_SendACK
                0x00005df4       0x14 ./1_MCAL/TWI/TWI_program.o
                0x00005df4                TWI_SendACK
 .text.TWI_SendNACK
                0x00005e08       0x14 ./1_MCAL/TWI/TWI_program.o
                0x00005e08                TWI_SendNACK
 .text.TWI_u8SendFrame
                0x00005e1c       0x86 ./1_MCAL/TWI/TWI_program.o
                0x00005e1c                TWI_u8SendFrame
 .text.TIMER0_voidInit
                0x00005ea2       0x24 ./1_MCAL/TIMER/TIMER_program.o
                0x00005ea2                TIMER0_voidInit
 .text.TIMER1_voidInit
                0x00005ec6       0x70 ./1_MCAL/TIMER/TIMER_program.o
                0x00005ec6                TIMER1_voidInit
 .text.TIMER2_voidInit
                0x00005f36       0x30 ./1_MCAL/TIMER/TIMER_program.o
                0x00005f36                TIMER2_voidInit
 .text.TIMER0_voidSetPreload
                0x00005f66        0x4 ./1_MCAL/TIMER/TIMER_program.o
                0x00005f66                TIMER0_voidSetPreload
 .text.TIMER1_voidSetPreload
                0x00005f6a        0x6 ./1_MCAL/TIMER/TIMER_program.o
                0x00005f6a                TIMER1_voidSetPreload
 .text.TIMER2_voidSetPreload
                0x00005f70        0x4 ./1_MCAL/TIMER/TIMER_program.o
                0x00005f70                TIMER2_voidSetPreload
 .text.TIMER0_voidSetCTC
                0x00005f74        0x4 ./1_MCAL/TIMER/TIMER_program.o
                0x00005f74                TIMER0_voidSetCTC
 .text.TIMER1_voidSetCTCA
                0x00005f78        0x6 ./1_MCAL/TIMER/TIMER_program.o
                0x00005f78                TIMER1_voidSetCTCA
 .text.TIMER1_voidSetCTCB
                0x00005f7e        0x6 ./1_MCAL/TIMER/TIMER_program.o
                0x00005f7e                TIMER1_voidSetCTCB
 .text.TIMER2_voidSetCTC
                0x00005f84        0x4 ./1_MCAL/TIMER/TIMER_program.o
                0x00005f84                TIMER2_voidSetCTC
 .text.TIMER1_voidSetICR1
                0x00005f88        0x6 ./1_MCAL/TIMER/TIMER_program.o
                0x00005f88                TIMER1_voidSetICR1
 .text.TIMER0_u8GetTimerCounterValue
                0x00005f8e        0x4 ./1_MCAL/TIMER/TIMER_program.o
                0x00005f8e                TIMER0_u8GetTimerCounterValue
 .text.TIMER1_u16GetTimerCounterValue
                0x00005f92        0x8 ./1_MCAL/TIMER/TIMER_program.o
                0x00005f92                TIMER1_u16GetTimerCounterValue
 .text.TIMER2_u8GetTimerCounterValue
                0x00005f9a        0x4 ./1_MCAL/TIMER/TIMER_program.o
                0x00005f9a                TIMER2_u8GetTimerCounterValue
 .text.TIMER_voidSetPWM
                0x00005f9e        0x6 ./1_MCAL/TIMER/TIMER_program.o
                0x00005f9e                TIMER_voidSetPWM
 .text.TIMER_voidICUInitEnable
                0x00005fa4        0xe ./1_MCAL/TIMER/TIMER_program.o
                0x00005fa4                TIMER_voidICUInitEnable
 .text.TIMER_voidICUSetTriggerEdge
                0x00005fb2       0x20 ./1_MCAL/TIMER/TIMER_program.o
                0x00005fb2                TIMER_voidICUSetTriggerEdge
 .text.TIMER_voidICUEnableInterrupt
                0x00005fd2        0x8 ./1_MCAL/TIMER/TIMER_program.o
                0x00005fd2                TIMER_voidICUEnableInterrupt
 .text.TIMER_voidICUDisableInterrupt
                0x00005fda        0x8 ./1_MCAL/TIMER/TIMER_program.o
                0x00005fda                TIMER_voidICUDisableInterrupt
 .text.Timer0_OV_InterruptEnable
                0x00005fe2        0x8 ./1_MCAL/TIMER/TIMER_program.o
                0x00005fe2                Timer0_OV_InterruptEnable
 .text.Timer0_OV_InterruptDisable
                0x00005fea        0x8 ./1_MCAL/TIMER/TIMER_program.o
                0x00005fea                Timer0_OV_InterruptDisable
 .text.Timer0_OC_InterruptEnable
                0x00005ff2        0x8 ./1_MCAL/TIMER/TIMER_program.o
                0x00005ff2                Timer0_OC_InterruptEnable
 .text.Timer0_OC_InterruptDisable
                0x00005ffa        0x8 ./1_MCAL/TIMER/TIMER_program.o
                0x00005ffa                Timer0_OC_InterruptDisable
 .text.Timer1_OVF_InterruptEnable
                0x00006002        0x8 ./1_MCAL/TIMER/TIMER_program.o
                0x00006002                Timer1_OVF_InterruptEnable
 .text.Timer1_OVF_InterruptDisable
                0x0000600a        0x8 ./1_MCAL/TIMER/TIMER_program.o
                0x0000600a                Timer1_OVF_InterruptDisable
 .text.Timer1_OCA_InterruptEnable
                0x00006012        0x8 ./1_MCAL/TIMER/TIMER_program.o
                0x00006012                Timer1_OCA_InterruptEnable
 .text.Timer1_OCA_InterruptDisable
                0x0000601a        0x8 ./1_MCAL/TIMER/TIMER_program.o
                0x0000601a                Timer1_OCA_InterruptDisable
 .text.Timer1_OCB_InterruptEnable
                0x00006022        0x8 ./1_MCAL/TIMER/TIMER_program.o
                0x00006022                Timer1_OCB_InterruptEnable
 .text.Timer1_OCB_InterruptDisable
                0x0000602a        0x8 ./1_MCAL/TIMER/TIMER_program.o
                0x0000602a                Timer1_OCB_InterruptDisable
 .text.Timer2_OV_InterruptEnable
                0x00006032        0x8 ./1_MCAL/TIMER/TIMER_program.o
                0x00006032                Timer2_OV_InterruptEnable
 .text.Timer2_OV_InterruptDisable
                0x0000603a        0x8 ./1_MCAL/TIMER/TIMER_program.o
                0x0000603a                Timer2_OV_InterruptDisable
 .text.Timer2_OC_InterruptEnable
                0x00006042        0x8 ./1_MCAL/TIMER/TIMER_program.o
                0x00006042                Timer2_OC_InterruptEnable
 .text.Timer2_OC_InterruptDisable
                0x0000604a        0x8 ./1_MCAL/TIMER/TIMER_program.o
                0x0000604a                Timer2_OC_InterruptDisable
 .text.TIMER_u16GetICR
                0x00006052        0x8 ./1_MCAL/TIMER/TIMER_program.o
                0x00006052                TIMER_u16GetICR
 .text.TIMER_voidWDTSleep
                0x0000605a        0xe ./1_MCAL/TIMER/TIMER_program.o
                0x0000605a                TIMER_voidWDTSleep
 .text.TIMER_voidWDTEnable
                0x00006068        0x8 ./1_MCAL/TIMER/TIMER_program.o
                0x00006068                TIMER_voidWDTEnable
 .text.TIMER_voidWDTDisable
                0x00006070        0xa ./1_MCAL/TIMER/TIMER_program.o
                0x00006070                TIMER_voidWDTDisable
 .text.TIMER_u8SetCallBack
                0x0000607a       0x1c ./1_MCAL/TIMER/TIMER_program.o
                0x0000607a                TIMER_u8SetCallBack
 .text.__vector_11
                0x00006096       0x52 ./1_MCAL/TIMER/TIMER_program.o
                0x00006096                __vector_11
 .text.__vector_10
                0x000060e8       0x52 ./1_MCAL/TIMER/TIMER_program.o
                0x000060e8                __vector_10
 .text.__vector_9
                0x0000613a       0x52 ./1_MCAL/TIMER/TIMER_program.o
                0x0000613a                __vector_9
 .text.__vector_8
                0x0000618c       0x52 ./1_MCAL/TIMER/TIMER_program.o
                0x0000618c                __vector_8
 .text.__vector_7
                0x000061de       0x52 ./1_MCAL/TIMER/TIMER_program.o
                0x000061de                __vector_7
 .text.__vector_6
                0x00006230       0x52 ./1_MCAL/TIMER/TIMER_program.o
                0x00006230                __vector_6
 .text.__vector_5
                0x00006282       0x52 ./1_MCAL/TIMER/TIMER_program.o
                0x00006282                __vector_5
 .text.__vector_4
                0x000062d4       0x52 ./1_MCAL/TIMER/TIMER_program.o
                0x000062d4                __vector_4
 .text.DIO_Enu_Init
                0x00006326       0x16 ./1_MCAL/DIO/DIO_PROGRAM.o
                0x00006326                DIO_Enu_Init
 .text.DIO_Enu_SetPortDirection
                0x0000633c       0x34 ./1_MCAL/DIO/DIO_PROGRAM.o
                0x0000633c                DIO_Enu_SetPortDirection
 .text.DIO_Enu_SetPortValue
                0x00006370       0x34 ./1_MCAL/DIO/DIO_PROGRAM.o
                0x00006370                DIO_Enu_SetPortValue
 .text.DIO_Enu_SetPinDirection
                0x000063a4       0xd2 ./1_MCAL/DIO/DIO_PROGRAM.o
                0x000063a4                DIO_Enu_SetPinDirection
 .text.DIO_Enu_SetPinValue
                0x00006476       0xd2 ./1_MCAL/DIO/DIO_PROGRAM.o
                0x00006476                DIO_Enu_SetPinValue
 .text.DIO_Enu_TogPortValue
                0x00006548       0x44 ./1_MCAL/DIO/DIO_PROGRAM.o
                0x00006548                DIO_Enu_TogPortValue
 .text.DIO_Enu_TogPinValue
                0x0000658c       0x7c ./1_MCAL/DIO/DIO_PROGRAM.o
                0x0000658c                DIO_Enu_TogPinValue
 .text.DIO_Enu_GetPortValue
                0x00006608       0x46 ./1_MCAL/DIO/DIO_PROGRAM.o
                0x00006608                DIO_Enu_GetPortValue
 .text.DIO_Enu_GetPinValue
                0x0000664e       0x4e ./1_MCAL/DIO/DIO_PROGRAM.o
                0x0000664e                DIO_Enu_GetPinValue
 .text.DIO_Enu_WriteHighNibbles
                0x0000669c       0x50 ./1_MCAL/DIO/DIO_PROGRAM.o
                0x0000669c                DIO_Enu_WriteHighNibbles
 .text.DIO_Enu_WriteLowNibbles
                0x000066ec       0x4e ./1_MCAL/DIO/DIO_PROGRAM.o
                0x000066ec                DIO_Enu_WriteLowNibbles
 .text.libgcc   0x0000673a       0x3e a:/03- imt sdk/imt_sdk_win_64/winavr/bin/../lib/gcc/avr/4.3.3/avr5\libgcc.a(_mulsi3.o)
                0x0000673a                __mulsi3
 .text.libgcc   0x00006778       0x44 a:/03- imt sdk/imt_sdk_win_64/winavr/bin/../lib/gcc/avr/4.3.3/avr5\libgcc.a(_udivmodsi4.o)
                0x00006778                __udivmodsi4
 .text.libgcc   0x000067bc        0x0 a:/03- imt sdk/imt_sdk_win_64/winavr/bin/../lib/gcc/avr/4.3.3/avr5\libgcc.a(_exit.o)
 .text.libgcc   0x000067bc        0x0 a:/03- imt sdk/imt_sdk_win_64/winavr/bin/../lib/gcc/avr/4.3.3/avr5\libgcc.a(_copy_data.o)
 .text.libgcc   0x000067bc        0x0 a:/03- imt sdk/imt_sdk_win_64/winavr/bin/../lib/gcc/avr/4.3.3/avr5\libgcc.a(_clear_bss.o)
 .text.libgcc   0x000067bc       0x38 a:/03- imt sdk/imt_sdk_win_64/winavr/bin/../lib/gcc/avr/4.3.3/avr5\libgcc.a(_prologue.o)
                0x000067bc                __prologue_saves__
 .text.libgcc   0x000067f4       0x36 a:/03- imt sdk/imt_sdk_win_64/winavr/bin/../lib/gcc/avr/4.3.3/avr5\libgcc.a(_epilogue.o)
                0x000067f4                __epilogue_restores__
 .text.avr-libc
                0x0000682a        0xe a:/03- imt sdk/imt_sdk_win_64/winavr/bin/../lib/gcc/avr/4.3.3/../../../../avr/lib/avr5\libc.a(strcpy.o)
                0x0000682a                strcpy
 .text.avr-libc
                0x00006838       0x1c a:/03- imt sdk/imt_sdk_win_64/winavr/bin/../lib/gcc/avr/4.3.3/../../../../avr/lib/avr5\libc.a(strncmp.o)
                0x00006838                strncmp
                0x00006854                . = ALIGN (0x2)
 *(.fini9)
 .fini9         0x00006854        0x0 a:/03- imt sdk/imt_sdk_win_64/winavr/bin/../lib/gcc/avr/4.3.3/avr5\libgcc.a(_exit.o)
                0x00006854                exit
                0x00006854                _exit
 *(.fini9)
 *(.fini8)
 *(.fini8)
 *(.fini7)
 *(.fini7)
 *(.fini6)
 *(.fini6)
 *(.fini5)
 *(.fini5)
 *(.fini4)
 *(.fini4)
 *(.fini3)
 *(.fini3)
 *(.fini2)
 *(.fini2)
 *(.fini1)
 *(.fini1)
 *(.fini0)
 .fini0         0x00006854        0x4 a:/03- imt sdk/imt_sdk_win_64/winavr/bin/../lib/gcc/avr/4.3.3/avr5\libgcc.a(_exit.o)
 *(.fini0)
                0x00006858                _etext = .

.data           0x00800060      0x1a0 load address 0x00006858
                0x00800060                PROVIDE (__data_start, .)
 *(.data)
 .data          0x00800060        0x0 a:/03- imt sdk/imt_sdk_win_64/winavr/bin/../lib/gcc/avr/4.3.3/../../../../avr/lib/avr5/crtm32.o
 .data          0x00800060       0x6b ./3_APP/App_1/App.o
 .data          0x008000cb        0x0 ./2_HAL/Servo/Servo.o
 .data          0x008000cb        0x0 ./2_HAL/LCD/LCD_PROGRAME.o
 .data          0x008000cb        0x0 ./2_HAL/KEYPAD/KEYPAD_PROGRAME.o
 .data          0x008000cb        0x0 ./2_HAL/EEPROM/EEPROM_program.o
 .data          0x008000cb        0x0 ./1_MCAL/TWI/TWI_program.o
 .data          0x008000cb        0x0 ./1_MCAL/TIMER/TIMER_program.o
 .data          0x008000cb        0x0 ./1_MCAL/DIO/DIO_PROGRAM.o
 .data          0x008000cb        0x0 a:/03- imt sdk/imt_sdk_win_64/winavr/bin/../lib/gcc/avr/4.3.3/avr5\libgcc.a(_mulsi3.o)
 .data          0x008000cb        0x0 a:/03- imt sdk/imt_sdk_win_64/winavr/bin/../lib/gcc/avr/4.3.3/avr5\libgcc.a(_udivmodsi4.o)
 .data          0x008000cb        0x0 a:/03- imt sdk/imt_sdk_win_64/winavr/bin/../lib/gcc/avr/4.3.3/avr5\libgcc.a(_exit.o)
 .data          0x008000cb        0x0 a:/03- imt sdk/imt_sdk_win_64/winavr/bin/../lib/gcc/avr/4.3.3/avr5\libgcc.a(_copy_data.o)
 .data          0x008000cb        0x0 a:/03- imt sdk/imt_sdk_win_64/winavr/bin/../lib/gcc/avr/4.3.3/avr5\libgcc.a(_clear_bss.o)
 .data          0x008000cb        0x0 a:/03- imt sdk/imt_sdk_win_64/winavr/bin/../lib/gcc/avr/4.3.3/avr5\libgcc.a(_ashldi3.o)
 .data          0x008000cb        0x0 a:/03- imt sdk/imt_sdk_win_64/winavr/bin/../lib/gcc/avr/4.3.3/avr5\libgcc.a(_divdi3.o)
 .data          0x008000cb        0x0 a:/03- imt sdk/imt_sdk_win_64/winavr/bin/../lib/gcc/avr/4.3.3/avr5\libgcc.a(_moddi3.o)
 .data          0x008000cb        0x0 a:/03- imt sdk/imt_sdk_win_64/winavr/bin/../lib/gcc/avr/4.3.3/avr5\libgcc.a(_udivdi3.o)
 .data          0x008000cb        0x0 a:/03- imt sdk/imt_sdk_win_64/winavr/bin/../lib/gcc/avr/4.3.3/avr5\libgcc.a(_umoddi3.o)
 .data          0x008000cb        0x0 a:/03- imt sdk/imt_sdk_win_64/winavr/bin/../lib/gcc/avr/4.3.3/avr5\libgcc.a(_prologue.o)
 .data          0x008000cb        0x0 a:/03- imt sdk/imt_sdk_win_64/winavr/bin/../lib/gcc/avr/4.3.3/avr5\libgcc.a(_epilogue.o)
 .data          0x008000cb      0x100 a:/03- imt sdk/imt_sdk_win_64/winavr/bin/../lib/gcc/avr/4.3.3/avr5\libgcc.a(_clz.o)
                0x008000cb                __clz_tab
 .data          0x008001cb        0x0 a:/03- imt sdk/imt_sdk_win_64/winavr/bin/../lib/gcc/avr/4.3.3/../../../../avr/lib/avr5\libc.a(strcpy.o)
 .data          0x008001cb        0x0 a:/03- imt sdk/imt_sdk_win_64/winavr/bin/../lib/gcc/avr/4.3.3/../../../../avr/lib/avr5\libc.a(strncmp.o)
 *(.data*)
 .data.LCD_u8ExtraChar
                0x008001cb       0x20 ./2_HAL/LCD/LCD_PROGRAME.o
                0x008001cb                LCD_u8ExtraChar
 *(.rodata)
 *(.rodata*)
 .rodata.KPD_u8Buttons
                0x008001eb       0x10 ./2_HAL/KEYPAD/KEYPAD_PROGRAME.o
 .rodata.LOC_u8KPDColumnArr.1331
                0x008001fb        0x4 ./2_HAL/KEYPAD/KEYPAD_PROGRAME.o
 *(.gnu.linkonce.d*)
                0x00800200                . = ALIGN (0x2)
 *fill*         0x008001ff        0x1 00
                0x00800200                _edata = .
                0x00800200                PROVIDE (__data_end, .)

.bss            0x00800200       0x20
                0x00800200                PROVIDE (__bss_start, .)
 *(.bss)
 .bss           0x00800200        0x0 a:/03- imt sdk/imt_sdk_win_64/winavr/bin/../lib/gcc/avr/4.3.3/../../../../avr/lib/avr5/crtm32.o
 .bss           0x00800200        0x0 ./3_APP/App_1/App.o
 .bss           0x00800200        0x0 ./2_HAL/Servo/Servo.o
 .bss           0x00800200        0x0 ./2_HAL/LCD/LCD_PROGRAME.o
 .bss           0x00800200        0x0 ./2_HAL/KEYPAD/KEYPAD_PROGRAME.o
 .bss           0x00800200        0x0 ./2_HAL/EEPROM/EEPROM_program.o
 .bss           0x00800200        0x0 ./1_MCAL/TWI/TWI_program.o
 .bss           0x00800200        0x0 ./1_MCAL/TIMER/TIMER_program.o
 .bss           0x00800200        0x0 ./1_MCAL/DIO/DIO_PROGRAM.o
 .bss           0x00800200        0x0 a:/03- imt sdk/imt_sdk_win_64/winavr/bin/../lib/gcc/avr/4.3.3/avr5\libgcc.a(_mulsi3.o)
 .bss           0x00800200        0x0 a:/03- imt sdk/imt_sdk_win_64/winavr/bin/../lib/gcc/avr/4.3.3/avr5\libgcc.a(_udivmodsi4.o)
 .bss           0x00800200        0x0 a:/03- imt sdk/imt_sdk_win_64/winavr/bin/../lib/gcc/avr/4.3.3/avr5\libgcc.a(_exit.o)
 .bss           0x00800200        0x0 a:/03- imt sdk/imt_sdk_win_64/winavr/bin/../lib/gcc/avr/4.3.3/avr5\libgcc.a(_copy_data.o)
 .bss           0x00800200        0x0 a:/03- imt sdk/imt_sdk_win_64/winavr/bin/../lib/gcc/avr/4.3.3/avr5\libgcc.a(_clear_bss.o)
 .bss           0x00800200        0x0 a:/03- imt sdk/imt_sdk_win_64/winavr/bin/../lib/gcc/avr/4.3.3/avr5\libgcc.a(_ashldi3.o)
 .bss           0x00800200        0x0 a:/03- imt sdk/imt_sdk_win_64/winavr/bin/../lib/gcc/avr/4.3.3/avr5\libgcc.a(_divdi3.o)
 .bss           0x00800200        0x0 a:/03- imt sdk/imt_sdk_win_64/winavr/bin/../lib/gcc/avr/4.3.3/avr5\libgcc.a(_moddi3.o)
 .bss           0x00800200        0x0 a:/03- imt sdk/imt_sdk_win_64/winavr/bin/../lib/gcc/avr/4.3.3/avr5\libgcc.a(_udivdi3.o)
 .bss           0x00800200        0x0 a:/03- imt sdk/imt_sdk_win_64/winavr/bin/../lib/gcc/avr/4.3.3/avr5\libgcc.a(_umoddi3.o)
 .bss           0x00800200        0x0 a:/03- imt sdk/imt_sdk_win_64/winavr/bin/../lib/gcc/avr/4.3.3/avr5\libgcc.a(_prologue.o)
 .bss           0x00800200        0x0 a:/03- imt sdk/imt_sdk_win_64/winavr/bin/../lib/gcc/avr/4.3.3/avr5\libgcc.a(_epilogue.o)
 .bss           0x00800200        0x0 a:/03- imt sdk/imt_sdk_win_64/winavr/bin/../lib/gcc/avr/4.3.3/avr5\libgcc.a(_clz.o)
 .bss           0x00800200        0x0 a:/03- imt sdk/imt_sdk_win_64/winavr/bin/../lib/gcc/avr/4.3.3/../../../../avr/lib/avr5\libc.a(strcpy.o)
 .bss           0x00800200        0x0 a:/03- imt sdk/imt_sdk_win_64/winavr/bin/../lib/gcc/avr/4.3.3/../../../../avr/lib/avr5\libc.a(strncmp.o)
 *(.bss*)
 .bss.TIMERS_pvCallBackFunc
                0x00800200       0x20 ./1_MCAL/TIMER/TIMER_program.o
 *(COMMON)
                0x00800220                PROVIDE (__bss_end, .)
                0x00006858                __data_load_start = LOADADDR (.data)
                0x000069f8                __data_load_end = (__data_load_start + SIZEOF (.data))

.noinit         0x00800220        0x0
                0x00800220                PROVIDE (__noinit_start, .)
 *(.noinit*)
                0x00800220                PROVIDE (__noinit_end, .)
                0x00800220                _end = .
                0x00800220                PROVIDE (__heap_start, .)

.eeprom         0x00810000        0x0
 *(.eeprom*)
                0x00810000                __eeprom_end = .

.fuse
 *(.fuse)
 *(.lfuse)
 *(.hfuse)
 *(.efuse)

.lock
 *(.lock*)

.signature
 *(.signature*)

.stab
 *(.stab)

.stabstr
 *(.stabstr)

.stab.excl
 *(.stab.excl)

.stab.exclstr
 *(.stab.exclstr)

.stab.index
 *(.stab.index)

.stab.indexstr
 *(.stab.indexstr)

.comment
 *(.comment)

.debug
 *(.debug)

.line
 *(.line)

.debug_srcinfo
 *(.debug_srcinfo)

.debug_sfnames
 *(.debug_sfnames)

.debug_aranges  0x00000000      0x450
 *(.debug_aranges)
 .debug_aranges
                0x00000000       0x20 ./3_APP/App_1/App.o
 .debug_aranges
                0x00000020       0x28 ./2_HAL/Servo/Servo.o
 .debug_aranges
                0x00000048       0x68 ./2_HAL/LCD/LCD_PROGRAME.o
 .debug_aranges
                0x000000b0       0x28 ./2_HAL/KEYPAD/KEYPAD_PROGRAME.o
 .debug_aranges
                0x000000d8       0x30 ./2_HAL/EEPROM/EEPROM_program.o
 .debug_aranges
                0x00000108       0xb0 ./1_MCAL/TWI/TWI_program.o
 .debug_aranges
                0x000001b8      0x188 ./1_MCAL/TIMER/TIMER_program.o
 .debug_aranges
                0x00000340       0x70 ./1_MCAL/DIO/DIO_PROGRAM.o
 .debug_aranges
                0x000003b0       0x20 a:/03- imt sdk/imt_sdk_win_64/winavr/bin/../lib/gcc/avr/4.3.3/avr5\libgcc.a(_ashldi3.o)
 .debug_aranges
                0x000003d0       0x20 a:/03- imt sdk/imt_sdk_win_64/winavr/bin/../lib/gcc/avr/4.3.3/avr5\libgcc.a(_divdi3.o)
 .debug_aranges
                0x000003f0       0x20 a:/03- imt sdk/imt_sdk_win_64/winavr/bin/../lib/gcc/avr/4.3.3/avr5\libgcc.a(_moddi3.o)
 .debug_aranges
                0x00000410       0x20 a:/03- imt sdk/imt_sdk_win_64/winavr/bin/../lib/gcc/avr/4.3.3/avr5\libgcc.a(_udivdi3.o)
 .debug_aranges
                0x00000430       0x20 a:/03- imt sdk/imt_sdk_win_64/winavr/bin/../lib/gcc/avr/4.3.3/avr5\libgcc.a(_umoddi3.o)

.debug_pubnames
                0x00000000      0xa78
 *(.debug_pubnames)
 .debug_pubnames
                0x00000000       0x1b ./3_APP/App_1/App.o
 .debug_pubnames
                0x0000001b       0x34 ./2_HAL/Servo/Servo.o
 .debug_pubnames
                0x0000004f      0x10e ./2_HAL/LCD/LCD_PROGRAME.o
 .debug_pubnames
                0x0000015d       0x3a ./2_HAL/KEYPAD/KEYPAD_PROGRAME.o
 .debug_pubnames
                0x00000197       0x5c ./2_HAL/EEPROM/EEPROM_program.o
 .debug_pubnames
                0x000001f3      0x1f8 ./1_MCAL/TWI/TWI_program.o
 .debug_pubnames
                0x000003eb      0x4a7 ./1_MCAL/TIMER/TIMER_program.o
 .debug_pubnames
                0x00000892      0x128 ./1_MCAL/DIO/DIO_PROGRAM.o
 .debug_pubnames
                0x000009ba       0x20 a:/03- imt sdk/imt_sdk_win_64/winavr/bin/../lib/gcc/avr/4.3.3/avr5\libgcc.a(_ashldi3.o)
 .debug_pubnames
                0x000009da       0x1f a:/03- imt sdk/imt_sdk_win_64/winavr/bin/../lib/gcc/avr/4.3.3/avr5\libgcc.a(_divdi3.o)
 .debug_pubnames
                0x000009f9       0x1f a:/03- imt sdk/imt_sdk_win_64/winavr/bin/../lib/gcc/avr/4.3.3/avr5\libgcc.a(_moddi3.o)
 .debug_pubnames
                0x00000a18       0x20 a:/03- imt sdk/imt_sdk_win_64/winavr/bin/../lib/gcc/avr/4.3.3/avr5\libgcc.a(_udivdi3.o)
 .debug_pubnames
                0x00000a38       0x20 a:/03- imt sdk/imt_sdk_win_64/winavr/bin/../lib/gcc/avr/4.3.3/avr5\libgcc.a(_umoddi3.o)
 .debug_pubnames
                0x00000a58       0x20 a:/03- imt sdk/imt_sdk_win_64/winavr/bin/../lib/gcc/avr/4.3.3/avr5\libgcc.a(_clz.o)

.debug_info     0x00000000     0x5fd2
 *(.debug_info)
 .debug_info    0x00000000      0x252 ./3_APP/App_1/App.o
 .debug_info    0x00000252       0xbd ./2_HAL/Servo/Servo.o
 .debug_info    0x0000030f     0x2add ./2_HAL/LCD/LCD_PROGRAME.o
 .debug_info    0x00002dec      0x1c4 ./2_HAL/KEYPAD/KEYPAD_PROGRAME.o
 .debug_info    0x00002fb0      0x1c0 ./2_HAL/EEPROM/EEPROM_program.o
 .debug_info    0x00003170      0x4e0 ./1_MCAL/TWI/TWI_program.o
 .debug_info    0x00003650      0x608 ./1_MCAL/TIMER/TIMER_program.o
 .debug_info    0x00003c58      0x406 ./1_MCAL/DIO/DIO_PROGRAM.o
 .debug_info    0x0000405e      0x17f a:/03- imt sdk/imt_sdk_win_64/winavr/bin/../lib/gcc/avr/4.3.3/avr5\libgcc.a(_ashldi3.o)
 .debug_info    0x000041dd      0x756 a:/03- imt sdk/imt_sdk_win_64/winavr/bin/../lib/gcc/avr/4.3.3/avr5\libgcc.a(_divdi3.o)
 .debug_info    0x00004933      0x781 a:/03- imt sdk/imt_sdk_win_64/winavr/bin/../lib/gcc/avr/4.3.3/avr5\libgcc.a(_moddi3.o)
 .debug_info    0x000050b4      0x71e a:/03- imt sdk/imt_sdk_win_64/winavr/bin/../lib/gcc/avr/4.3.3/avr5\libgcc.a(_udivdi3.o)
 .debug_info    0x000057d2      0x757 a:/03- imt sdk/imt_sdk_win_64/winavr/bin/../lib/gcc/avr/4.3.3/avr5\libgcc.a(_umoddi3.o)
 .debug_info    0x00005f29       0xa9 a:/03- imt sdk/imt_sdk_win_64/winavr/bin/../lib/gcc/avr/4.3.3/avr5\libgcc.a(_clz.o)
 *(.gnu.linkonce.wi.*)

.debug_abbrev   0x00000000     0x119e
 *(.debug_abbrev)
 .debug_abbrev  0x00000000      0x10f ./3_APP/App_1/App.o
 .debug_abbrev  0x0000010f       0x69 ./2_HAL/Servo/Servo.o
 .debug_abbrev  0x00000178      0x292 ./2_HAL/LCD/LCD_PROGRAME.o
 .debug_abbrev  0x0000040a       0xda ./2_HAL/KEYPAD/KEYPAD_PROGRAME.o
 .debug_abbrev  0x000004e4       0xfa ./2_HAL/EEPROM/EEPROM_program.o
 .debug_abbrev  0x000005de      0x1e6 ./1_MCAL/TWI/TWI_program.o
 .debug_abbrev  0x000007c4      0x129 ./1_MCAL/TIMER/TIMER_program.o
 .debug_abbrev  0x000008ed      0x10a ./1_MCAL/DIO/DIO_PROGRAM.o
 .debug_abbrev  0x000009f7       0xee a:/03- imt sdk/imt_sdk_win_64/winavr/bin/../lib/gcc/avr/4.3.3/avr5\libgcc.a(_ashldi3.o)
 .debug_abbrev  0x00000ae5      0x19f a:/03- imt sdk/imt_sdk_win_64/winavr/bin/../lib/gcc/avr/4.3.3/avr5\libgcc.a(_divdi3.o)
 .debug_abbrev  0x00000c84      0x19f a:/03- imt sdk/imt_sdk_win_64/winavr/bin/../lib/gcc/avr/4.3.3/avr5\libgcc.a(_moddi3.o)
 .debug_abbrev  0x00000e23      0x181 a:/03- imt sdk/imt_sdk_win_64/winavr/bin/../lib/gcc/avr/4.3.3/avr5\libgcc.a(_udivdi3.o)
 .debug_abbrev  0x00000fa4      0x190 a:/03- imt sdk/imt_sdk_win_64/winavr/bin/../lib/gcc/avr/4.3.3/avr5\libgcc.a(_umoddi3.o)
 .debug_abbrev  0x00001134       0x6a a:/03- imt sdk/imt_sdk_win_64/winavr/bin/../lib/gcc/avr/4.3.3/avr5\libgcc.a(_clz.o)

.debug_line     0x00000000     0x3f49
 *(.debug_line)
 .debug_line    0x00000000      0x419 ./3_APP/App_1/App.o
 .debug_line    0x00000419       0xe2 ./2_HAL/Servo/Servo.o
 .debug_line    0x000004fb     0x1883 ./2_HAL/LCD/LCD_PROGRAME.o
 .debug_line    0x00001d7e      0x20b ./2_HAL/KEYPAD/KEYPAD_PROGRAME.o
 .debug_line    0x00001f89      0x242 ./2_HAL/EEPROM/EEPROM_program.o
 .debug_line    0x000021cb      0x551 ./1_MCAL/TWI/TWI_program.o
 .debug_line    0x0000271c      0x8c9 ./1_MCAL/TIMER/TIMER_program.o
 .debug_line    0x00002fe5      0x561 ./1_MCAL/DIO/DIO_PROGRAM.o
 .debug_line    0x00003546       0xd7 a:/03- imt sdk/imt_sdk_win_64/winavr/bin/../lib/gcc/avr/4.3.3/avr5\libgcc.a(_ashldi3.o)
 .debug_line    0x0000361d      0x228 a:/03- imt sdk/imt_sdk_win_64/winavr/bin/../lib/gcc/avr/4.3.3/avr5\libgcc.a(_divdi3.o)
 .debug_line    0x00003845      0x280 a:/03- imt sdk/imt_sdk_win_64/winavr/bin/../lib/gcc/avr/4.3.3/avr5\libgcc.a(_moddi3.o)
 .debug_line    0x00003ac5      0x1d8 a:/03- imt sdk/imt_sdk_win_64/winavr/bin/../lib/gcc/avr/4.3.3/avr5\libgcc.a(_udivdi3.o)
 .debug_line    0x00003c9d      0x230 a:/03- imt sdk/imt_sdk_win_64/winavr/bin/../lib/gcc/avr/4.3.3/avr5\libgcc.a(_umoddi3.o)
 .debug_line    0x00003ecd       0x7c a:/03- imt sdk/imt_sdk_win_64/winavr/bin/../lib/gcc/avr/4.3.3/avr5\libgcc.a(_clz.o)

.debug_frame    0x00000000      0x700
 *(.debug_frame)
 .debug_frame   0x00000000       0x20 ./3_APP/App_1/App.o
 .debug_frame   0x00000020       0x30 ./2_HAL/Servo/Servo.o
 .debug_frame   0x00000050       0xb0 ./2_HAL/LCD/LCD_PROGRAME.o
 .debug_frame   0x00000100       0x30 ./2_HAL/KEYPAD/KEYPAD_PROGRAME.o
 .debug_frame   0x00000130       0x40 ./2_HAL/EEPROM/EEPROM_program.o
 .debug_frame   0x00000170      0x140 ./1_MCAL/TWI/TWI_program.o
 .debug_frame   0x000002b0      0x2f0 ./1_MCAL/TIMER/TIMER_program.o
 .debug_frame   0x000005a0       0xc0 ./1_MCAL/DIO/DIO_PROGRAM.o
 .debug_frame   0x00000660       0x20 a:/03- imt sdk/imt_sdk_win_64/winavr/bin/../lib/gcc/avr/4.3.3/avr5\libgcc.a(_ashldi3.o)
 .debug_frame   0x00000680       0x20 a:/03- imt sdk/imt_sdk_win_64/winavr/bin/../lib/gcc/avr/4.3.3/avr5\libgcc.a(_divdi3.o)
 .debug_frame   0x000006a0       0x20 a:/03- imt sdk/imt_sdk_win_64/winavr/bin/../lib/gcc/avr/4.3.3/avr5\libgcc.a(_moddi3.o)
 .debug_frame   0x000006c0       0x20 a:/03- imt sdk/imt_sdk_win_64/winavr/bin/../lib/gcc/avr/4.3.3/avr5\libgcc.a(_udivdi3.o)
 .debug_frame   0x000006e0       0x20 a:/03- imt sdk/imt_sdk_win_64/winavr/bin/../lib/gcc/avr/4.3.3/avr5\libgcc.a(_umoddi3.o)

.debug_str      0x00000000      0xeb7
 *(.debug_str)
 .debug_str     0x00000000      0x107 ./3_APP/App_1/App.o
                                0x159 (size before relaxing)
 .debug_str     0x00000107       0x37 ./2_HAL/Servo/Servo.o
                                 0xf3 (size before relaxing)
 .debug_str     0x0000013e      0x22b ./2_HAL/LCD/LCD_PROGRAME.o
                                0x330 (size before relaxing)
 .debug_str     0x00000369       0xa1 ./2_HAL/KEYPAD/KEYPAD_PROGRAME.o
                                0x208 (size before relaxing)
 .debug_str     0x0000040a       0xaa ./2_HAL/EEPROM/EEPROM_program.o
                                0x1af (size before relaxing)
 .debug_str     0x000004b4      0x2c8 ./1_MCAL/TWI/TWI_program.o
                                0x394 (size before relaxing)
 .debug_str     0x0000077c      0x4d0 ./1_MCAL/TIMER/TIMER_program.o
                                0x616 (size before relaxing)
 .debug_str     0x00000c4c      0x12e ./1_MCAL/DIO/DIO_PROGRAM.o
                                0x296 (size before relaxing)
 .debug_str     0x00000d7a       0xa5 a:/03- imt sdk/imt_sdk_win_64/winavr/bin/../lib/gcc/avr/4.3.3/avr5\libgcc.a(_ashldi3.o)
                                0x131 (size before relaxing)
 .debug_str     0x00000e1f       0x7b a:/03- imt sdk/imt_sdk_win_64/winavr/bin/../lib/gcc/avr/4.3.3/avr5\libgcc.a(_divdi3.o)
                                0x189 (size before relaxing)
 .debug_str     0x00000e9a        0x9 a:/03- imt sdk/imt_sdk_win_64/winavr/bin/../lib/gcc/avr/4.3.3/avr5\libgcc.a(_moddi3.o)
                                0x189 (size before relaxing)
 .debug_str     0x00000ea3        0xa a:/03- imt sdk/imt_sdk_win_64/winavr/bin/../lib/gcc/avr/4.3.3/avr5\libgcc.a(_udivdi3.o)
                                0x18a (size before relaxing)
 .debug_str     0x00000ead        0xa a:/03- imt sdk/imt_sdk_win_64/winavr/bin/../lib/gcc/avr/4.3.3/avr5\libgcc.a(_umoddi3.o)
                                0x18a (size before relaxing)
 .debug_str     0x00000000       0xf4 a:/03- imt sdk/imt_sdk_win_64/winavr/bin/../lib/gcc/avr/4.3.3/avr5\libgcc.a(_clz.o)

.debug_loc      0x00000000     0x5748
 *(.debug_loc)
 .debug_loc     0x00000000       0x9c ./3_APP/App_1/App.o
 .debug_loc     0x0000009c       0x49 ./2_HAL/Servo/Servo.o
 .debug_loc     0x000000e5     0x1759 ./2_HAL/LCD/LCD_PROGRAME.o
 .debug_loc     0x0000183e       0xca ./2_HAL/KEYPAD/KEYPAD_PROGRAME.o
 .debug_loc     0x00001908       0x4e ./2_HAL/EEPROM/EEPROM_program.o
 .debug_loc     0x00001956      0x26d ./1_MCAL/TWI/TWI_program.o
 .debug_loc     0x00001bc3       0xc6 ./1_MCAL/TIMER/TIMER_program.o
 .debug_loc     0x00001c89      0x6af ./1_MCAL/DIO/DIO_PROGRAM.o
 .debug_loc     0x00002338       0xf8 a:/03- imt sdk/imt_sdk_win_64/winavr/bin/../lib/gcc/avr/4.3.3/avr5\libgcc.a(_ashldi3.o)
 .debug_loc     0x00002430      0xe71 a:/03- imt sdk/imt_sdk_win_64/winavr/bin/../lib/gcc/avr/4.3.3/avr5\libgcc.a(_divdi3.o)
 .debug_loc     0x000032a1      0xb81 a:/03- imt sdk/imt_sdk_win_64/winavr/bin/../lib/gcc/avr/4.3.3/avr5\libgcc.a(_moddi3.o)
 .debug_loc     0x00003e22      0xe74 a:/03- imt sdk/imt_sdk_win_64/winavr/bin/../lib/gcc/avr/4.3.3/avr5\libgcc.a(_udivdi3.o)
 .debug_loc     0x00004c96      0xab2 a:/03- imt sdk/imt_sdk_win_64/winavr/bin/../lib/gcc/avr/4.3.3/avr5\libgcc.a(_umoddi3.o)

.debug_macinfo
 *(.debug_macinfo)
OUTPUT(lab25.elf elf32-avr)
LOAD linker stubs

.debug_ranges   0x00000000     0x14c0
 .debug_ranges  0x00000000      0x108 ./3_APP/App_1/App.o
 .debug_ranges  0x00000108       0x20 ./2_HAL/Servo/Servo.o
 .debug_ranges  0x00000128     0x1060 ./2_HAL/LCD/LCD_PROGRAME.o
 .debug_ranges  0x00001188       0x20 ./2_HAL/KEYPAD/KEYPAD_PROGRAME.o
 .debug_ranges  0x000011a8       0x28 ./2_HAL/EEPROM/EEPROM_program.o
 .debug_ranges  0x000011d0       0xa8 ./1_MCAL/TWI/TWI_program.o
 .debug_ranges  0x00001278      0x180 ./1_MCAL/TIMER/TIMER_program.o
 .debug_ranges  0x000013f8       0x68 ./1_MCAL/DIO/DIO_PROGRAM.o
 .debug_ranges  0x00001460       0x18 a:/03- imt sdk/imt_sdk_win_64/winavr/bin/../lib/gcc/avr/4.3.3/avr5\libgcc.a(_divdi3.o)
 .debug_ranges  0x00001478       0x18 a:/03- imt sdk/imt_sdk_win_64/winavr/bin/../lib/gcc/avr/4.3.3/avr5\libgcc.a(_moddi3.o)
 .debug_ranges  0x00001490       0x18 a:/03- imt sdk/imt_sdk_win_64/winavr/bin/../lib/gcc/avr/4.3.3/avr5\libgcc.a(_udivdi3.o)
 .debug_ranges  0x000014a8       0x18 a:/03- imt sdk/imt_sdk_win_64/winavr/bin/../lib/gcc/avr/4.3.3/avr5\libgcc.a(_umoddi3.o)
