Archive member included because of file (symbol)

a:/03- imt sdk/imt_sdk_win_64/winavr/bin/../lib/gcc/avr/4.3.3/avr5\libgcc.a(_mulsi3.o)
                              ./5_SERVICE/Timers_Services.o (__mulsi3)
a:/03- imt sdk/imt_sdk_win_64/winavr/bin/../lib/gcc/avr/4.3.3/avr5\libgcc.a(_udivmodsi4.o)
                              ./5_SERVICE/Timers_Services.o (__udivmodsi4)
a:/03- imt sdk/imt_sdk_win_64/winavr/bin/../lib/gcc/avr/4.3.3/avr5\libgcc.a(_exit.o)
                              a:/03- imt sdk/imt_sdk_win_64/winavr/bin/../lib/gcc/avr/4.3.3/../../../../avr/lib/avr5/crtm32.o (exit)
a:/03- imt sdk/imt_sdk_win_64/winavr/bin/../lib/gcc/avr/4.3.3/avr5\libgcc.a(_copy_data.o)
                              ./3_APP/App_1/App.o (__do_copy_data)
a:/03- imt sdk/imt_sdk_win_64/winavr/bin/../lib/gcc/avr/4.3.3/avr5\libgcc.a(_clear_bss.o)
                              ./5_SERVICE/Timers_Services.o (__do_clear_bss)
a:/03- imt sdk/imt_sdk_win_64/winavr/bin/../lib/gcc/avr/4.3.3/avr5\libgcc.a(_ashldi3.o)
                              ./2_HAL/LCD/LCD_PROGRAME.o (__ashldi3)
a:/03- imt sdk/imt_sdk_win_64/winavr/bin/../lib/gcc/avr/4.3.3/avr5\libgcc.a(_divdi3.o)
                              ./2_HAL/LCD/LCD_PROGRAME.o (__divdi3)
a:/03- imt sdk/imt_sdk_win_64/winavr/bin/../lib/gcc/avr/4.3.3/avr5\libgcc.a(_moddi3.o)
                              ./2_HAL/LCD/LCD_PROGRAME.o (__moddi3)
a:/03- imt sdk/imt_sdk_win_64/winavr/bin/../lib/gcc/avr/4.3.3/avr5\libgcc.a(_udivdi3.o)
                              ./2_HAL/LCD/LCD_PROGRAME.o (__udivdi3)
a:/03- imt sdk/imt_sdk_win_64/winavr/bin/../lib/gcc/avr/4.3.3/avr5\libgcc.a(_umoddi3.o)
                              ./2_HAL/LCD/LCD_PROGRAME.o (__umoddi3)
a:/03- imt sdk/imt_sdk_win_64/winavr/bin/../lib/gcc/avr/4.3.3/avr5\libgcc.a(_prologue.o)
                              a:/03- imt sdk/imt_sdk_win_64/winavr/bin/../lib/gcc/avr/4.3.3/avr5\libgcc.a(_divdi3.o) (__prologue_saves__)
a:/03- imt sdk/imt_sdk_win_64/winavr/bin/../lib/gcc/avr/4.3.3/avr5\libgcc.a(_epilogue.o)
                              a:/03- imt sdk/imt_sdk_win_64/winavr/bin/../lib/gcc/avr/4.3.3/avr5\libgcc.a(_divdi3.o) (__epilogue_restores__)
a:/03- imt sdk/imt_sdk_win_64/winavr/bin/../lib/gcc/avr/4.3.3/avr5\libgcc.a(_clz.o)
                              a:/03- imt sdk/imt_sdk_win_64/winavr/bin/../lib/gcc/avr/4.3.3/avr5\libgcc.a(_divdi3.o) (__clz_tab)

Memory Configuration

Name             Origin             Length             Attributes
text             0x00000000         0x00020000         xr
data             0x00800060         0x0000ffa0         rw !x
eeprom           0x00810000         0x00010000         rw !x
fuse             0x00820000         0x00000400         rw !x
lock             0x00830000         0x00000400         rw !x
signature        0x00840000         0x00000400         rw !x
*default*        0x00000000         0xffffffff

Linker script and memory map

LOAD a:/03- imt sdk/imt_sdk_win_64/winavr/bin/../lib/gcc/avr/4.3.3/../../../../avr/lib/avr5/crtm32.o
LOAD ./5_SERVICE/Timers_Services.o
LOAD ./3_APP/App_1/App.o
LOAD ./2_HAL/LCD/LCD_PROGRAME.o
LOAD ./1_MCAL/TIMER/TIMER_program.o
LOAD ./1_MCAL/EXTI/EXTI_PP/EXTI_PROGRAME.o
LOAD ./1_MCAL/DIO/DIO_PROGRAM.o
LOAD a:/03- imt sdk/imt_sdk_win_64/winavr/bin/../lib/gcc/avr/4.3.3/avr5\libgcc.a
LOAD a:/03- imt sdk/imt_sdk_win_64/winavr/bin/../lib/gcc/avr/4.3.3/../../../../avr/lib/avr5\libc.a
LOAD a:/03- imt sdk/imt_sdk_win_64/winavr/bin/../lib/gcc/avr/4.3.3/avr5\libgcc.a

.hash
 *(.hash)

.dynsym
 *(.dynsym)

.dynstr
 *(.dynstr)

.gnu.version
 *(.gnu.version)

.gnu.version_d
 *(.gnu.version_d)

.gnu.version_r
 *(.gnu.version_r)

.rel.init
 *(.rel.init)

.rela.init
 *(.rela.init)

.rel.text
 *(.rel.text)
 *(.rel.text.*)
 *(.rel.gnu.linkonce.t*)

.rela.text
 *(.rela.text)
 *(.rela.text.*)
 *(.rela.gnu.linkonce.t*)

.rel.fini
 *(.rel.fini)

.rela.fini
 *(.rela.fini)

.rel.rodata
 *(.rel.rodata)
 *(.rel.rodata.*)
 *(.rel.gnu.linkonce.r*)

.rela.rodata
 *(.rela.rodata)
 *(.rela.rodata.*)
 *(.rela.gnu.linkonce.r*)

.rel.data
 *(.rel.data)
 *(.rel.data.*)
 *(.rel.gnu.linkonce.d*)

.rela.data
 *(.rela.data)
 *(.rela.data.*)
 *(.rela.gnu.linkonce.d*)

.rel.ctors
 *(.rel.ctors)

.rela.ctors
 *(.rela.ctors)

.rel.dtors
 *(.rel.dtors)

.rela.dtors
 *(.rela.dtors)

.rel.got
 *(.rel.got)

.rela.got
 *(.rela.got)

.rel.bss
 *(.rel.bss)

.rela.bss
 *(.rela.bss)

.rel.plt
 *(.rel.plt)

.rela.plt
 *(.rela.plt)

.text           0x00000000     0x5648
 *(.vectors)
 .vectors       0x00000000       0x54 a:/03- imt sdk/imt_sdk_win_64/winavr/bin/../lib/gcc/avr/4.3.3/../../../../avr/lib/avr5/crtm32.o
                0x00000000                __vectors
                0x00000000                __vector_default
 *(.vectors)
 *(.progmem.gcc*)
 *(.progmem*)
                0x00000054                . = ALIGN (0x2)
                0x00000054                __trampolines_start = .
 *(.trampolines)
 .trampolines   0x00000054        0x0 linker stubs
 *(.trampolines*)
                0x00000054                __trampolines_end = .
 *(.jumptables)
 *(.jumptables*)
 *(.lowtext)
 *(.lowtext*)
                0x00000054                __ctors_start = .
 *(.ctors)
                0x00000054                __ctors_end = .
                0x00000054                __dtors_start = .
 *(.dtors)
                0x00000054                __dtors_end = .
 SORT(*)(.ctors)
 SORT(*)(.dtors)
 *(.init0)
 .init0         0x00000054        0x0 a:/03- imt sdk/imt_sdk_win_64/winavr/bin/../lib/gcc/avr/4.3.3/../../../../avr/lib/avr5/crtm32.o
                0x00000054                __init
 *(.init0)
 *(.init1)
 *(.init1)
 *(.init2)
 .init2         0x00000054        0xc a:/03- imt sdk/imt_sdk_win_64/winavr/bin/../lib/gcc/avr/4.3.3/../../../../avr/lib/avr5/crtm32.o
 *(.init2)
 *(.init3)
 *(.init3)
 *(.init4)
 .init4         0x00000060       0x16 a:/03- imt sdk/imt_sdk_win_64/winavr/bin/../lib/gcc/avr/4.3.3/avr5\libgcc.a(_copy_data.o)
                0x00000060                __do_copy_data
 .init4         0x00000076       0x10 a:/03- imt sdk/imt_sdk_win_64/winavr/bin/../lib/gcc/avr/4.3.3/avr5\libgcc.a(_clear_bss.o)
                0x00000076                __do_clear_bss
 *(.init4)
 *(.init5)
 *(.init5)
 *(.init6)
 *(.init6)
 *(.init7)
 *(.init7)
 *(.init8)
 *(.init8)
 *(.init9)
 .init9         0x00000086        0x8 a:/03- imt sdk/imt_sdk_win_64/winavr/bin/../lib/gcc/avr/4.3.3/../../../../avr/lib/avr5/crtm32.o
 *(.init9)
 *(.text)
 .text          0x0000008e        0x4 a:/03- imt sdk/imt_sdk_win_64/winavr/bin/../lib/gcc/avr/4.3.3/../../../../avr/lib/avr5/crtm32.o
                0x0000008e                __vector_12
                0x0000008e                __bad_interrupt
                0x0000008e                __vector_13
                0x0000008e                __vector_17
                0x0000008e                __vector_19
                0x0000008e                __vector_15
                0x0000008e                __vector_14
                0x0000008e                __vector_16
                0x0000008e                __vector_18
                0x0000008e                __vector_20
 .text          0x00000092        0x0 ./5_SERVICE/Timers_Services.o
 .text          0x00000092        0x0 ./3_APP/App_1/App.o
 .text          0x00000092        0x0 ./2_HAL/LCD/LCD_PROGRAME.o
 .text          0x00000092        0x0 ./1_MCAL/TIMER/TIMER_program.o
 .text          0x00000092        0x0 ./1_MCAL/EXTI/EXTI_PP/EXTI_PROGRAME.o
 .text          0x00000092        0x0 ./1_MCAL/DIO/DIO_PROGRAM.o
 .text          0x00000092        0x0 a:/03- imt sdk/imt_sdk_win_64/winavr/bin/../lib/gcc/avr/4.3.3/avr5\libgcc.a(_mulsi3.o)
 .text          0x00000092        0x0 a:/03- imt sdk/imt_sdk_win_64/winavr/bin/../lib/gcc/avr/4.3.3/avr5\libgcc.a(_udivmodsi4.o)
 .text          0x00000092        0x0 a:/03- imt sdk/imt_sdk_win_64/winavr/bin/../lib/gcc/avr/4.3.3/avr5\libgcc.a(_exit.o)
 .text          0x00000092        0x0 a:/03- imt sdk/imt_sdk_win_64/winavr/bin/../lib/gcc/avr/4.3.3/avr5\libgcc.a(_copy_data.o)
 .text          0x00000092        0x0 a:/03- imt sdk/imt_sdk_win_64/winavr/bin/../lib/gcc/avr/4.3.3/avr5\libgcc.a(_clear_bss.o)
 .text          0x00000092       0xfe a:/03- imt sdk/imt_sdk_win_64/winavr/bin/../lib/gcc/avr/4.3.3/avr5\libgcc.a(_ashldi3.o)
                0x00000092                __ashldi3
 .text          0x00000190     0x1050 a:/03- imt sdk/imt_sdk_win_64/winavr/bin/../lib/gcc/avr/4.3.3/avr5\libgcc.a(_divdi3.o)
                0x00000190                __divdi3
 .text          0x000011e0     0x107a a:/03- imt sdk/imt_sdk_win_64/winavr/bin/../lib/gcc/avr/4.3.3/avr5\libgcc.a(_moddi3.o)
                0x000011e0                __moddi3
 .text          0x0000225a      0xcea a:/03- imt sdk/imt_sdk_win_64/winavr/bin/../lib/gcc/avr/4.3.3/avr5\libgcc.a(_udivdi3.o)
                0x0000225a                __udivdi3
 .text          0x00002f44      0xce0 a:/03- imt sdk/imt_sdk_win_64/winavr/bin/../lib/gcc/avr/4.3.3/avr5\libgcc.a(_umoddi3.o)
                0x00002f44                __umoddi3
 .text          0x00003c24        0x0 a:/03- imt sdk/imt_sdk_win_64/winavr/bin/../lib/gcc/avr/4.3.3/avr5\libgcc.a(_prologue.o)
 .text          0x00003c24        0x0 a:/03- imt sdk/imt_sdk_win_64/winavr/bin/../lib/gcc/avr/4.3.3/avr5\libgcc.a(_epilogue.o)
 .text          0x00003c24        0x0 a:/03- imt sdk/imt_sdk_win_64/winavr/bin/../lib/gcc/avr/4.3.3/avr5\libgcc.a(_clz.o)
                0x00003c24                . = ALIGN (0x2)
 *(.text.*)
 .text.PWM_Measure_HW
                0x00003c24       0xac ./5_SERVICE/Timers_Services.o
                0x00003c24                PWM_Measure_HW
 .text.Func_ICU_HW
                0x00003cd0       0x8a ./5_SERVICE/Timers_Services.o
 .text.PWM_Measure2
                0x00003d5a      0x14c ./5_SERVICE/Timers_Services.o
                0x00003d5a                PWM_Measure2
 .text.EXTI_Callback
                0x00003ea6       0x5c ./5_SERVICE/Timers_Services.o
 .text.PWM_Measure_SW
                0x00003f02       0xb0 ./5_SERVICE/Timers_Services.o
                0x00003f02                PWM_Measure_SW
 .text.Timer1_SetInterruptTime_us
                0x00003fb2       0x2e ./5_SERVICE/Timers_Services.o
                0x00003fb2                Timer1_SetInterruptTime_us
 .text.Timer1_SetInterruptTime_ms
                0x00003fe0       0x40 ./5_SERVICE/Timers_Services.o
                0x00003fe0                Timer1_SetInterruptTime_ms
 .text.main     0x00004020       0x94 ./3_APP/App_1/App.o
                0x00004020                main
 .text.LCD_voidSendFallingEdge
                0x000040b4       0x2e ./2_HAL/LCD/LCD_PROGRAME.o
 .text.LCD_enuSendData
                0x000040e2       0x42 ./2_HAL/LCD/LCD_PROGRAME.o
                0x000040e2                LCD_enuSendData
 .text.LCD_WriteNumberIn4Digits
                0x00004124      0x210 ./2_HAL/LCD/LCD_PROGRAME.o
                0x00004124                LCD_WriteNumberIn4Digits
 .text.LCD_WriteNumberIn3Digits
                0x00004334      0x204 ./2_HAL/LCD/LCD_PROGRAME.o
                0x00004334                LCD_WriteNumberIn3Digits
 .text.LCD_enuSendNumber
                0x00004538      0x3c6 ./2_HAL/LCD/LCD_PROGRAME.o
                0x00004538                LCD_enuSendNumber
 .text.LCD_enuSendString
                0x000048fe       0x28 ./2_HAL/LCD/LCD_PROGRAME.o
                0x000048fe                LCD_enuSendString
 .text.LCD_enuSendCommand
                0x00004926       0x42 ./2_HAL/LCD/LCD_PROGRAME.o
                0x00004926                LCD_enuSendCommand
 .text.LCD_enuClearScreen
                0x00004968       0x12 ./2_HAL/LCD/LCD_PROGRAME.o
                0x00004968                LCD_enuClearScreen
 .text.LCD_enuSetPosition
                0x0000497a       0x36 ./2_HAL/LCD/LCD_PROGRAME.o
                0x0000497a                LCD_enuSetPosition
 .text.LCD_enuSendExtraChar
                0x000049b0       0x46 ./2_HAL/LCD/LCD_PROGRAME.o
                0x000049b0                LCD_enuSendExtraChar
 .text.LCD_enuInit
                0x000049f6       0x9e ./2_HAL/LCD/LCD_PROGRAME.o
                0x000049f6                LCD_enuInit
 .text.TIMER0_voidInit
                0x00004a94       0x22 ./1_MCAL/TIMER/TIMER_program.o
                0x00004a94                TIMER0_voidInit
 .text.TIMER1_voidInit
                0x00004ab6       0x30 ./1_MCAL/TIMER/TIMER_program.o
                0x00004ab6                TIMER1_voidInit
 .text.TIMER2_voidInit
                0x00004ae6       0x30 ./1_MCAL/TIMER/TIMER_program.o
                0x00004ae6                TIMER2_voidInit
 .text.TIMER0_voidSetPreload
                0x00004b16        0x4 ./1_MCAL/TIMER/TIMER_program.o
                0x00004b16                TIMER0_voidSetPreload
 .text.TIMER1_voidSetPreload
                0x00004b1a        0x6 ./1_MCAL/TIMER/TIMER_program.o
                0x00004b1a                TIMER1_voidSetPreload
 .text.TIMER2_voidSetPreload
                0x00004b20        0x4 ./1_MCAL/TIMER/TIMER_program.o
                0x00004b20                TIMER2_voidSetPreload
 .text.TIMER0_voidSetCTC
                0x00004b24        0x4 ./1_MCAL/TIMER/TIMER_program.o
                0x00004b24                TIMER0_voidSetCTC
 .text.TIMER1_voidSetCTCA
                0x00004b28        0x6 ./1_MCAL/TIMER/TIMER_program.o
                0x00004b28                TIMER1_voidSetCTCA
 .text.TIMER1_voidSetCTCB
                0x00004b2e        0x6 ./1_MCAL/TIMER/TIMER_program.o
                0x00004b2e                TIMER1_voidSetCTCB
 .text.TIMER2_voidSetCTC
                0x00004b34        0x4 ./1_MCAL/TIMER/TIMER_program.o
                0x00004b34                TIMER2_voidSetCTC
 .text.TIMER1_voidSetICR1
                0x00004b38        0x6 ./1_MCAL/TIMER/TIMER_program.o
                0x00004b38                TIMER1_voidSetICR1
 .text.TIMER0_u8GetTimerCounterValue
                0x00004b3e        0x4 ./1_MCAL/TIMER/TIMER_program.o
                0x00004b3e                TIMER0_u8GetTimerCounterValue
 .text.TIMER1_u16GetTimerCounterValue
                0x00004b42        0x8 ./1_MCAL/TIMER/TIMER_program.o
                0x00004b42                TIMER1_u16GetTimerCounterValue
 .text.TIMER2_u8GetTimerCounterValue
                0x00004b4a        0x4 ./1_MCAL/TIMER/TIMER_program.o
                0x00004b4a                TIMER2_u8GetTimerCounterValue
 .text.GET_PERSCALER_SELECT
                0x00004b4e        0x4 ./1_MCAL/TIMER/TIMER_program.o
                0x00004b4e                GET_PERSCALER_SELECT
 .text.Generate_PWM_SW
                0x00004b52       0x82 ./1_MCAL/TIMER/TIMER_program.o
                0x00004b52                Generate_PWM_SW
 .text.TIMER_voidSetPWM
                0x00004bd4        0x6 ./1_MCAL/TIMER/TIMER_program.o
                0x00004bd4                TIMER_voidSetPWM
 .text.TIMER_voidICUInitEnable
                0x00004bda        0xe ./1_MCAL/TIMER/TIMER_program.o
                0x00004bda                TIMER_voidICUInitEnable
 .text.TIMER_voidICUSetTriggerEdge
                0x00004be8       0x20 ./1_MCAL/TIMER/TIMER_program.o
                0x00004be8                TIMER_voidICUSetTriggerEdge
 .text.TIMER_voidICUEnableInterrupt
                0x00004c08        0x8 ./1_MCAL/TIMER/TIMER_program.o
                0x00004c08                TIMER_voidICUEnableInterrupt
 .text.TIMER_voidICUDisableInterrupt
                0x00004c10        0x8 ./1_MCAL/TIMER/TIMER_program.o
                0x00004c10                TIMER_voidICUDisableInterrupt
 .text.Timer0_OV_InterruptEnable
                0x00004c18        0x8 ./1_MCAL/TIMER/TIMER_program.o
                0x00004c18                Timer0_OV_InterruptEnable
 .text.Timer0_OV_InterruptDisable
                0x00004c20        0x8 ./1_MCAL/TIMER/TIMER_program.o
                0x00004c20                Timer0_OV_InterruptDisable
 .text.Timer0_OC_InterruptEnable
                0x00004c28        0x8 ./1_MCAL/TIMER/TIMER_program.o
                0x00004c28                Timer0_OC_InterruptEnable
 .text.Timer0_OC_InterruptDisable
                0x00004c30        0x8 ./1_MCAL/TIMER/TIMER_program.o
                0x00004c30                Timer0_OC_InterruptDisable
 .text.Timer1_OVF_InterruptEnable
                0x00004c38        0x8 ./1_MCAL/TIMER/TIMER_program.o
                0x00004c38                Timer1_OVF_InterruptEnable
 .text.Timer1_OVF_InterruptDisable
                0x00004c40        0x8 ./1_MCAL/TIMER/TIMER_program.o
                0x00004c40                Timer1_OVF_InterruptDisable
 .text.Timer1_OCA_InterruptEnable
                0x00004c48        0x8 ./1_MCAL/TIMER/TIMER_program.o
                0x00004c48                Timer1_OCA_InterruptEnable
 .text.Timer1_OCA_InterruptDisable
                0x00004c50        0x8 ./1_MCAL/TIMER/TIMER_program.o
                0x00004c50                Timer1_OCA_InterruptDisable
 .text.Timer1_OCB_InterruptEnable
                0x00004c58        0x8 ./1_MCAL/TIMER/TIMER_program.o
                0x00004c58                Timer1_OCB_InterruptEnable
 .text.Timer1_OCB_InterruptDisable
                0x00004c60        0x8 ./1_MCAL/TIMER/TIMER_program.o
                0x00004c60                Timer1_OCB_InterruptDisable
 .text.Timer2_OV_InterruptEnable
                0x00004c68        0x8 ./1_MCAL/TIMER/TIMER_program.o
                0x00004c68                Timer2_OV_InterruptEnable
 .text.Timer2_OV_InterruptDisable
                0x00004c70        0x8 ./1_MCAL/TIMER/TIMER_program.o
                0x00004c70                Timer2_OV_InterruptDisable
 .text.Timer2_OC_InterruptEnable
                0x00004c78        0x8 ./1_MCAL/TIMER/TIMER_program.o
                0x00004c78                Timer2_OC_InterruptEnable
 .text.Timer2_OC_InterruptDisable
                0x00004c80        0x8 ./1_MCAL/TIMER/TIMER_program.o
                0x00004c80                Timer2_OC_InterruptDisable
 .text.TIMER_u16GetICR
                0x00004c88        0x8 ./1_MCAL/TIMER/TIMER_program.o
                0x00004c88                TIMER_u16GetICR
 .text.TIMER_voidWDTSleep
                0x00004c90        0xe ./1_MCAL/TIMER/TIMER_program.o
                0x00004c90                TIMER_voidWDTSleep
 .text.TIMER_voidWDTEnable
                0x00004c9e        0x8 ./1_MCAL/TIMER/TIMER_program.o
                0x00004c9e                TIMER_voidWDTEnable
 .text.TIMER_voidWDTDisable
                0x00004ca6        0xa ./1_MCAL/TIMER/TIMER_program.o
                0x00004ca6                TIMER_voidWDTDisable
 .text.TIMER_u8SetCallBack
                0x00004cb0       0x1c ./1_MCAL/TIMER/TIMER_program.o
                0x00004cb0                TIMER_u8SetCallBack
 .text.__vector_11
                0x00004ccc       0x52 ./1_MCAL/TIMER/TIMER_program.o
                0x00004ccc                __vector_11
 .text.__vector_10
                0x00004d1e       0x52 ./1_MCAL/TIMER/TIMER_program.o
                0x00004d1e                __vector_10
 .text.__vector_9
                0x00004d70       0x52 ./1_MCAL/TIMER/TIMER_program.o
                0x00004d70                __vector_9
 .text.__vector_8
                0x00004dc2       0x52 ./1_MCAL/TIMER/TIMER_program.o
                0x00004dc2                __vector_8
 .text.__vector_7
                0x00004e14       0x52 ./1_MCAL/TIMER/TIMER_program.o
                0x00004e14                __vector_7
 .text.__vector_6
                0x00004e66       0x52 ./1_MCAL/TIMER/TIMER_program.o
                0x00004e66                __vector_6
 .text.__vector_5
                0x00004eb8       0x52 ./1_MCAL/TIMER/TIMER_program.o
                0x00004eb8                __vector_5
 .text.__vector_4
                0x00004f0a       0x52 ./1_MCAL/TIMER/TIMER_program.o
                0x00004f0a                __vector_4
 .text.EXI_SetCallBack
                0x00004f5c       0x2c ./1_MCAL/EXTI/EXTI_PP/EXTI_PROGRAME.o
                0x00004f5c                EXI_SetCallBack
 .text.EXI_Enable
                0x00004f88       0x24 ./1_MCAL/EXTI/EXTI_PP/EXTI_PROGRAME.o
                0x00004f88                EXI_Enable
 .text.EXI_Disable
                0x00004fac       0x24 ./1_MCAL/EXTI/EXTI_PP/EXTI_PROGRAME.o
                0x00004fac                EXI_Disable
 .text.EXI_TriggerEdge
                0x00004fd0       0x9e ./1_MCAL/EXTI/EXTI_PP/EXTI_PROGRAME.o
                0x00004fd0                EXI_TriggerEdge
 .text.__vector_1
                0x0000506e       0x52 ./1_MCAL/EXTI/EXTI_PP/EXTI_PROGRAME.o
                0x0000506e                __vector_1
 .text.__vector_2
                0x000050c0       0x52 ./1_MCAL/EXTI/EXTI_PP/EXTI_PROGRAME.o
                0x000050c0                __vector_2
 .text.__vector_3
                0x00005112       0x52 ./1_MCAL/EXTI/EXTI_PP/EXTI_PROGRAME.o
                0x00005112                __vector_3
 .text.DIO_Enu_Init
                0x00005164       0x1a ./1_MCAL/DIO/DIO_PROGRAM.o
                0x00005164                DIO_Enu_Init
 .text.DIO_Enu_SetPortDirection
                0x0000517e       0x2e ./1_MCAL/DIO/DIO_PROGRAM.o
                0x0000517e                DIO_Enu_SetPortDirection
 .text.DIO_Enu_SetPortValue
                0x000051ac       0x2e ./1_MCAL/DIO/DIO_PROGRAM.o
                0x000051ac                DIO_Enu_SetPortValue
 .text.DIO_Enu_SetPinDirection
                0x000051da       0xd4 ./1_MCAL/DIO/DIO_PROGRAM.o
                0x000051da                DIO_Enu_SetPinDirection
 .text.DIO_Enu_SetPinValue
                0x000052ae       0xd4 ./1_MCAL/DIO/DIO_PROGRAM.o
                0x000052ae                DIO_Enu_SetPinValue
 .text.DIO_Enu_TogPortValue
                0x00005382       0x3e ./1_MCAL/DIO/DIO_PROGRAM.o
                0x00005382                DIO_Enu_TogPortValue
 .text.DIO_Enu_TogPinValue
                0x000053c0       0x78 ./1_MCAL/DIO/DIO_PROGRAM.o
                0x000053c0                DIO_Enu_TogPinValue
 .text.DIO_Enu_GetPortValue
                0x00005438       0x3e ./1_MCAL/DIO/DIO_PROGRAM.o
                0x00005438                DIO_Enu_GetPortValue
 .text.DIO_Enu_GetPinValue
                0x00005476       0x4c ./1_MCAL/DIO/DIO_PROGRAM.o
                0x00005476                DIO_Enu_GetPinValue
 .text.DIO_Enu_WriteHighNibbles
                0x000054c2       0x4a ./1_MCAL/DIO/DIO_PROGRAM.o
                0x000054c2                DIO_Enu_WriteHighNibbles
 .text.DIO_Enu_WriteLowNibbles
                0x0000550c       0x48 ./1_MCAL/DIO/DIO_PROGRAM.o
                0x0000550c                DIO_Enu_WriteLowNibbles
 .text.libgcc   0x00005554       0x3e a:/03- imt sdk/imt_sdk_win_64/winavr/bin/../lib/gcc/avr/4.3.3/avr5\libgcc.a(_mulsi3.o)
                0x00005554                __mulsi3
 .text.libgcc   0x00005592       0x44 a:/03- imt sdk/imt_sdk_win_64/winavr/bin/../lib/gcc/avr/4.3.3/avr5\libgcc.a(_udivmodsi4.o)
                0x00005592                __udivmodsi4
 .text.libgcc   0x000055d6        0x0 a:/03- imt sdk/imt_sdk_win_64/winavr/bin/../lib/gcc/avr/4.3.3/avr5\libgcc.a(_exit.o)
 .text.libgcc   0x000055d6        0x0 a:/03- imt sdk/imt_sdk_win_64/winavr/bin/../lib/gcc/avr/4.3.3/avr5\libgcc.a(_copy_data.o)
 .text.libgcc   0x000055d6        0x0 a:/03- imt sdk/imt_sdk_win_64/winavr/bin/../lib/gcc/avr/4.3.3/avr5\libgcc.a(_clear_bss.o)
 .text.libgcc   0x000055d6       0x38 a:/03- imt sdk/imt_sdk_win_64/winavr/bin/../lib/gcc/avr/4.3.3/avr5\libgcc.a(_prologue.o)
                0x000055d6                __prologue_saves__
 .text.libgcc   0x0000560e       0x36 a:/03- imt sdk/imt_sdk_win_64/winavr/bin/../lib/gcc/avr/4.3.3/avr5\libgcc.a(_epilogue.o)
                0x0000560e                __epilogue_restores__
                0x00005644                . = ALIGN (0x2)
 *(.fini9)
 .fini9         0x00005644        0x0 a:/03- imt sdk/imt_sdk_win_64/winavr/bin/../lib/gcc/avr/4.3.3/avr5\libgcc.a(_exit.o)
                0x00005644                exit
                0x00005644                _exit
 *(.fini9)
 *(.fini8)
 *(.fini8)
 *(.fini7)
 *(.fini7)
 *(.fini6)
 *(.fini6)
 *(.fini5)
 *(.fini5)
 *(.fini4)
 *(.fini4)
 *(.fini3)
 *(.fini3)
 *(.fini2)
 *(.fini2)
 *(.fini1)
 *(.fini1)
 *(.fini0)
 .fini0         0x00005644        0x4 a:/03- imt sdk/imt_sdk_win_64/winavr/bin/../lib/gcc/avr/4.3.3/avr5\libgcc.a(_exit.o)
 *(.fini0)
                0x00005648                _etext = .

.data           0x00800060      0x13c load address 0x00005648
                0x00800060                PROVIDE (__data_start, .)
 *(.data)
 .data          0x00800060        0x0 a:/03- imt sdk/imt_sdk_win_64/winavr/bin/../lib/gcc/avr/4.3.3/../../../../avr/lib/avr5/crtm32.o
 .data          0x00800060        0x0 ./5_SERVICE/Timers_Services.o
 .data          0x00800060       0x1c ./3_APP/App_1/App.o
 .data          0x0080007c        0x0 ./2_HAL/LCD/LCD_PROGRAME.o
 .data          0x0080007c        0x0 ./1_MCAL/TIMER/TIMER_program.o
 .data          0x0080007c        0x0 ./1_MCAL/EXTI/EXTI_PP/EXTI_PROGRAME.o
 .data          0x0080007c        0x0 ./1_MCAL/DIO/DIO_PROGRAM.o
 .data          0x0080007c        0x0 a:/03- imt sdk/imt_sdk_win_64/winavr/bin/../lib/gcc/avr/4.3.3/avr5\libgcc.a(_mulsi3.o)
 .data          0x0080007c        0x0 a:/03- imt sdk/imt_sdk_win_64/winavr/bin/../lib/gcc/avr/4.3.3/avr5\libgcc.a(_udivmodsi4.o)
 .data          0x0080007c        0x0 a:/03- imt sdk/imt_sdk_win_64/winavr/bin/../lib/gcc/avr/4.3.3/avr5\libgcc.a(_exit.o)
 .data          0x0080007c        0x0 a:/03- imt sdk/imt_sdk_win_64/winavr/bin/../lib/gcc/avr/4.3.3/avr5\libgcc.a(_copy_data.o)
 .data          0x0080007c        0x0 a:/03- imt sdk/imt_sdk_win_64/winavr/bin/../lib/gcc/avr/4.3.3/avr5\libgcc.a(_clear_bss.o)
 .data          0x0080007c        0x0 a:/03- imt sdk/imt_sdk_win_64/winavr/bin/../lib/gcc/avr/4.3.3/avr5\libgcc.a(_ashldi3.o)
 .data          0x0080007c        0x0 a:/03- imt sdk/imt_sdk_win_64/winavr/bin/../lib/gcc/avr/4.3.3/avr5\libgcc.a(_divdi3.o)
 .data          0x0080007c        0x0 a:/03- imt sdk/imt_sdk_win_64/winavr/bin/../lib/gcc/avr/4.3.3/avr5\libgcc.a(_moddi3.o)
 .data          0x0080007c        0x0 a:/03- imt sdk/imt_sdk_win_64/winavr/bin/../lib/gcc/avr/4.3.3/avr5\libgcc.a(_udivdi3.o)
 .data          0x0080007c        0x0 a:/03- imt sdk/imt_sdk_win_64/winavr/bin/../lib/gcc/avr/4.3.3/avr5\libgcc.a(_umoddi3.o)
 .data          0x0080007c        0x0 a:/03- imt sdk/imt_sdk_win_64/winavr/bin/../lib/gcc/avr/4.3.3/avr5\libgcc.a(_prologue.o)
 .data          0x0080007c        0x0 a:/03- imt sdk/imt_sdk_win_64/winavr/bin/../lib/gcc/avr/4.3.3/avr5\libgcc.a(_epilogue.o)
 .data          0x0080007c      0x100 a:/03- imt sdk/imt_sdk_win_64/winavr/bin/../lib/gcc/avr/4.3.3/avr5\libgcc.a(_clz.o)
                0x0080007c                __clz_tab
 *(.data*)
 .data.LCD_u8ExtraChar
                0x0080017c       0x20 ./2_HAL/LCD/LCD_PROGRAME.o
                0x0080017c                LCD_u8ExtraChar
 *(.rodata)
 *(.rodata*)
 *(.gnu.linkonce.d*)
                0x0080019c                . = ALIGN (0x2)
                0x0080019c                _edata = .
                0x0080019c                PROVIDE (__data_end, .)

.bss            0x0080019c       0x36
                0x0080019c                PROVIDE (__bss_start, .)
 *(.bss)
 .bss           0x0080019c        0x0 a:/03- imt sdk/imt_sdk_win_64/winavr/bin/../lib/gcc/avr/4.3.3/../../../../avr/lib/avr5/crtm32.o
 .bss           0x0080019c        0x0 ./5_SERVICE/Timers_Services.o
 .bss           0x0080019c        0x0 ./3_APP/App_1/App.o
 .bss           0x0080019c        0x0 ./2_HAL/LCD/LCD_PROGRAME.o
 .bss           0x0080019c        0x0 ./1_MCAL/TIMER/TIMER_program.o
 .bss           0x0080019c        0x0 ./1_MCAL/EXTI/EXTI_PP/EXTI_PROGRAME.o
 .bss           0x0080019c        0x0 ./1_MCAL/DIO/DIO_PROGRAM.o
 .bss           0x0080019c        0x0 a:/03- imt sdk/imt_sdk_win_64/winavr/bin/../lib/gcc/avr/4.3.3/avr5\libgcc.a(_mulsi3.o)
 .bss           0x0080019c        0x0 a:/03- imt sdk/imt_sdk_win_64/winavr/bin/../lib/gcc/avr/4.3.3/avr5\libgcc.a(_udivmodsi4.o)
 .bss           0x0080019c        0x0 a:/03- imt sdk/imt_sdk_win_64/winavr/bin/../lib/gcc/avr/4.3.3/avr5\libgcc.a(_exit.o)
 .bss           0x0080019c        0x0 a:/03- imt sdk/imt_sdk_win_64/winavr/bin/../lib/gcc/avr/4.3.3/avr5\libgcc.a(_copy_data.o)
 .bss           0x0080019c        0x0 a:/03- imt sdk/imt_sdk_win_64/winavr/bin/../lib/gcc/avr/4.3.3/avr5\libgcc.a(_clear_bss.o)
 .bss           0x0080019c        0x0 a:/03- imt sdk/imt_sdk_win_64/winavr/bin/../lib/gcc/avr/4.3.3/avr5\libgcc.a(_ashldi3.o)
 .bss           0x0080019c        0x0 a:/03- imt sdk/imt_sdk_win_64/winavr/bin/../lib/gcc/avr/4.3.3/avr5\libgcc.a(_divdi3.o)
 .bss           0x0080019c        0x0 a:/03- imt sdk/imt_sdk_win_64/winavr/bin/../lib/gcc/avr/4.3.3/avr5\libgcc.a(_moddi3.o)
 .bss           0x0080019c        0x0 a:/03- imt sdk/imt_sdk_win_64/winavr/bin/../lib/gcc/avr/4.3.3/avr5\libgcc.a(_udivdi3.o)
 .bss           0x0080019c        0x0 a:/03- imt sdk/imt_sdk_win_64/winavr/bin/../lib/gcc/avr/4.3.3/avr5\libgcc.a(_umoddi3.o)
 .bss           0x0080019c        0x0 a:/03- imt sdk/imt_sdk_win_64/winavr/bin/../lib/gcc/avr/4.3.3/avr5\libgcc.a(_prologue.o)
 .bss           0x0080019c        0x0 a:/03- imt sdk/imt_sdk_win_64/winavr/bin/../lib/gcc/avr/4.3.3/avr5\libgcc.a(_epilogue.o)
 .bss           0x0080019c        0x0 a:/03- imt sdk/imt_sdk_win_64/winavr/bin/../lib/gcc/avr/4.3.3/avr5\libgcc.a(_clz.o)
 *(.bss*)
 .bss.period    0x0080019c        0x2 ./5_SERVICE/Timers_Services.o
 .bss.t_on      0x0080019e        0x2 ./5_SERVICE/Timers_Services.o
 .bss.point_3.1475
                0x008001a0        0x2 ./5_SERVICE/Timers_Services.o
 .bss.point_2.1474
                0x008001a2        0x2 ./5_SERVICE/Timers_Services.o
 .bss.point_1.1473
                0x008001a4        0x2 ./5_SERVICE/Timers_Services.o
 .bss.state.1472
                0x008001a6        0x1 ./5_SERVICE/Timers_Services.o
 .bss.Ton       0x008001a7        0x2 ./5_SERVICE/Timers_Services.o
 .bss.Toff      0x008001a9        0x2 ./5_SERVICE/Timers_Services.o
 .bss.state.1409
                0x008001ab        0x1 ./5_SERVICE/Timers_Services.o
 .bss.TIMERS_pvCallBackFunc
                0x008001ac       0x20 ./1_MCAL/TIMER/TIMER_program.o
 .bss.INT2_Fptr
                0x008001cc        0x2 ./1_MCAL/EXTI/EXTI_PP/EXTI_PROGRAME.o
 .bss.INT1_Fptr
                0x008001ce        0x2 ./1_MCAL/EXTI/EXTI_PP/EXTI_PROGRAME.o
 .bss.INT0_Fptr
                0x008001d0        0x2 ./1_MCAL/EXTI/EXTI_PP/EXTI_PROGRAME.o
 *(COMMON)
                0x008001d2                PROVIDE (__bss_end, .)
                0x00005648                __data_load_start = LOADADDR (.data)
                0x00005784                __data_load_end = (__data_load_start + SIZEOF (.data))

.noinit         0x008001d2        0x0
                0x008001d2                PROVIDE (__noinit_start, .)
 *(.noinit*)
                0x008001d2                PROVIDE (__noinit_end, .)
                0x008001d2                _end = .
                0x008001d2                PROVIDE (__heap_start, .)

.eeprom         0x00810000        0x0
 *(.eeprom*)
                0x00810000                __eeprom_end = .

.fuse
 *(.fuse)
 *(.lfuse)
 *(.hfuse)
 *(.efuse)

.lock
 *(.lock*)

.signature
 *(.signature*)

.stab
 *(.stab)

.stabstr
 *(.stabstr)

.stab.excl
 *(.stab.excl)

.stab.exclstr
 *(.stab.exclstr)

.stab.index
 *(.stab.index)

.stab.indexstr
 *(.stab.indexstr)

.comment
 *(.comment)

.debug
 *(.debug)

.line
 *(.line)

.debug_srcinfo
 *(.debug_srcinfo)

.debug_sfnames
 *(.debug_sfnames)

.debug_aranges  0x00000000      0x3d8
 *(.debug_aranges)
 .debug_aranges
                0x00000000       0x50 ./5_SERVICE/Timers_Services.o
 .debug_aranges
                0x00000050       0x20 ./3_APP/App_1/App.o
 .debug_aranges
                0x00000070       0x70 ./2_HAL/LCD/LCD_PROGRAME.o
 .debug_aranges
                0x000000e0      0x198 ./1_MCAL/TIMER/TIMER_program.o
 .debug_aranges
                0x00000278       0x50 ./1_MCAL/EXTI/EXTI_PP/EXTI_PROGRAME.o
 .debug_aranges
                0x000002c8       0x70 ./1_MCAL/DIO/DIO_PROGRAM.o
 .debug_aranges
                0x00000338       0x20 a:/03- imt sdk/imt_sdk_win_64/winavr/bin/../lib/gcc/avr/4.3.3/avr5\libgcc.a(_ashldi3.o)
 .debug_aranges
                0x00000358       0x20 a:/03- imt sdk/imt_sdk_win_64/winavr/bin/../lib/gcc/avr/4.3.3/avr5\libgcc.a(_divdi3.o)
 .debug_aranges
                0x00000378       0x20 a:/03- imt sdk/imt_sdk_win_64/winavr/bin/../lib/gcc/avr/4.3.3/avr5\libgcc.a(_moddi3.o)
 .debug_aranges
                0x00000398       0x20 a:/03- imt sdk/imt_sdk_win_64/winavr/bin/../lib/gcc/avr/4.3.3/avr5\libgcc.a(_udivdi3.o)
 .debug_aranges
                0x000003b8       0x20 a:/03- imt sdk/imt_sdk_win_64/winavr/bin/../lib/gcc/avr/4.3.3/avr5\libgcc.a(_umoddi3.o)

.debug_pubnames
                0x00000000      0x8f0
 *(.debug_pubnames)
 .debug_pubnames
                0x00000000       0x87 ./5_SERVICE/Timers_Services.o
 .debug_pubnames
                0x00000087       0x1b ./3_APP/App_1/App.o
 .debug_pubnames
                0x000000a2      0x10e ./2_HAL/LCD/LCD_PROGRAME.o
 .debug_pubnames
                0x000001b0      0x4d4 ./1_MCAL/TIMER/TIMER_program.o
 .debug_pubnames
                0x00000684       0x86 ./1_MCAL/EXTI/EXTI_PP/EXTI_PROGRAME.o
 .debug_pubnames
                0x0000070a      0x128 ./1_MCAL/DIO/DIO_PROGRAM.o
 .debug_pubnames
                0x00000832       0x20 a:/03- imt sdk/imt_sdk_win_64/winavr/bin/../lib/gcc/avr/4.3.3/avr5\libgcc.a(_ashldi3.o)
 .debug_pubnames
                0x00000852       0x1f a:/03- imt sdk/imt_sdk_win_64/winavr/bin/../lib/gcc/avr/4.3.3/avr5\libgcc.a(_divdi3.o)
 .debug_pubnames
                0x00000871       0x1f a:/03- imt sdk/imt_sdk_win_64/winavr/bin/../lib/gcc/avr/4.3.3/avr5\libgcc.a(_moddi3.o)
 .debug_pubnames
                0x00000890       0x20 a:/03- imt sdk/imt_sdk_win_64/winavr/bin/../lib/gcc/avr/4.3.3/avr5\libgcc.a(_udivdi3.o)
 .debug_pubnames
                0x000008b0       0x20 a:/03- imt sdk/imt_sdk_win_64/winavr/bin/../lib/gcc/avr/4.3.3/avr5\libgcc.a(_umoddi3.o)
 .debug_pubnames
                0x000008d0       0x20 a:/03- imt sdk/imt_sdk_win_64/winavr/bin/../lib/gcc/avr/4.3.3/avr5\libgcc.a(_clz.o)

.debug_info     0x00000000     0x368c
 *(.debug_info)
 .debug_info    0x00000000      0x2ef ./5_SERVICE/Timers_Services.o
 .debug_info    0x000002ef       0xcf ./3_APP/App_1/App.o
 .debug_info    0x000003be      0x682 ./2_HAL/LCD/LCD_PROGRAME.o
 .debug_info    0x00000a40      0x6f3 ./1_MCAL/TIMER/TIMER_program.o
 .debug_info    0x00001133      0x1fd ./1_MCAL/EXTI/EXTI_PP/EXTI_PROGRAME.o
 .debug_info    0x00001330      0x3e8 ./1_MCAL/DIO/DIO_PROGRAM.o
 .debug_info    0x00001718      0x17f a:/03- imt sdk/imt_sdk_win_64/winavr/bin/../lib/gcc/avr/4.3.3/avr5\libgcc.a(_ashldi3.o)
 .debug_info    0x00001897      0x756 a:/03- imt sdk/imt_sdk_win_64/winavr/bin/../lib/gcc/avr/4.3.3/avr5\libgcc.a(_divdi3.o)
 .debug_info    0x00001fed      0x781 a:/03- imt sdk/imt_sdk_win_64/winavr/bin/../lib/gcc/avr/4.3.3/avr5\libgcc.a(_moddi3.o)
 .debug_info    0x0000276e      0x71e a:/03- imt sdk/imt_sdk_win_64/winavr/bin/../lib/gcc/avr/4.3.3/avr5\libgcc.a(_udivdi3.o)
 .debug_info    0x00002e8c      0x757 a:/03- imt sdk/imt_sdk_win_64/winavr/bin/../lib/gcc/avr/4.3.3/avr5\libgcc.a(_umoddi3.o)
 .debug_info    0x000035e3       0xa9 a:/03- imt sdk/imt_sdk_win_64/winavr/bin/../lib/gcc/avr/4.3.3/avr5\libgcc.a(_clz.o)
 *(.gnu.linkonce.wi.*)

.debug_abbrev   0x00000000      0xe80
 *(.debug_abbrev)
 .debug_abbrev  0x00000000       0xe1 ./5_SERVICE/Timers_Services.o
 .debug_abbrev  0x000000e1       0x5f ./3_APP/App_1/App.o
 .debug_abbrev  0x00000140      0x20c ./2_HAL/LCD/LCD_PROGRAME.o
 .debug_abbrev  0x0000034c      0x1d6 ./1_MCAL/TIMER/TIMER_program.o
 .debug_abbrev  0x00000522       0xad ./1_MCAL/EXTI/EXTI_PP/EXTI_PROGRAME.o
 .debug_abbrev  0x000005cf      0x10a ./1_MCAL/DIO/DIO_PROGRAM.o
 .debug_abbrev  0x000006d9       0xee a:/03- imt sdk/imt_sdk_win_64/winavr/bin/../lib/gcc/avr/4.3.3/avr5\libgcc.a(_ashldi3.o)
 .debug_abbrev  0x000007c7      0x19f a:/03- imt sdk/imt_sdk_win_64/winavr/bin/../lib/gcc/avr/4.3.3/avr5\libgcc.a(_divdi3.o)
 .debug_abbrev  0x00000966      0x19f a:/03- imt sdk/imt_sdk_win_64/winavr/bin/../lib/gcc/avr/4.3.3/avr5\libgcc.a(_moddi3.o)
 .debug_abbrev  0x00000b05      0x181 a:/03- imt sdk/imt_sdk_win_64/winavr/bin/../lib/gcc/avr/4.3.3/avr5\libgcc.a(_udivdi3.o)
 .debug_abbrev  0x00000c86      0x190 a:/03- imt sdk/imt_sdk_win_64/winavr/bin/../lib/gcc/avr/4.3.3/avr5\libgcc.a(_umoddi3.o)
 .debug_abbrev  0x00000e16       0x6a a:/03- imt sdk/imt_sdk_win_64/winavr/bin/../lib/gcc/avr/4.3.3/avr5\libgcc.a(_clz.o)

.debug_line     0x00000000     0x2424
 *(.debug_line)
 .debug_line    0x00000000      0x385 ./5_SERVICE/Timers_Services.o
 .debug_line    0x00000385       0xfe ./3_APP/App_1/App.o
 .debug_line    0x00000483      0x5f5 ./2_HAL/LCD/LCD_PROGRAME.o
 .debug_line    0x00000a78      0x8d8 ./1_MCAL/TIMER/TIMER_program.o
 .debug_line    0x00001350      0x23a ./1_MCAL/EXTI/EXTI_PP/EXTI_PROGRAME.o
 .debug_line    0x0000158a      0x497 ./1_MCAL/DIO/DIO_PROGRAM.o
 .debug_line    0x00001a21       0xd7 a:/03- imt sdk/imt_sdk_win_64/winavr/bin/../lib/gcc/avr/4.3.3/avr5\libgcc.a(_ashldi3.o)
 .debug_line    0x00001af8      0x228 a:/03- imt sdk/imt_sdk_win_64/winavr/bin/../lib/gcc/avr/4.3.3/avr5\libgcc.a(_divdi3.o)
 .debug_line    0x00001d20      0x280 a:/03- imt sdk/imt_sdk_win_64/winavr/bin/../lib/gcc/avr/4.3.3/avr5\libgcc.a(_moddi3.o)
 .debug_line    0x00001fa0      0x1d8 a:/03- imt sdk/imt_sdk_win_64/winavr/bin/../lib/gcc/avr/4.3.3/avr5\libgcc.a(_udivdi3.o)
 .debug_line    0x00002178      0x230 a:/03- imt sdk/imt_sdk_win_64/winavr/bin/../lib/gcc/avr/4.3.3/avr5\libgcc.a(_umoddi3.o)
 .debug_line    0x000023a8       0x7c a:/03- imt sdk/imt_sdk_win_64/winavr/bin/../lib/gcc/avr/4.3.3/avr5\libgcc.a(_clz.o)

.debug_frame    0x00000000      0x650
 *(.debug_frame)
 .debug_frame   0x00000000       0x80 ./5_SERVICE/Timers_Services.o
 .debug_frame   0x00000080       0x20 ./3_APP/App_1/App.o
 .debug_frame   0x000000a0       0xc0 ./2_HAL/LCD/LCD_PROGRAME.o
 .debug_frame   0x00000160      0x310 ./1_MCAL/TIMER/TIMER_program.o
 .debug_frame   0x00000470       0x80 ./1_MCAL/EXTI/EXTI_PP/EXTI_PROGRAME.o
 .debug_frame   0x000004f0       0xc0 ./1_MCAL/DIO/DIO_PROGRAM.o
 .debug_frame   0x000005b0       0x20 a:/03- imt sdk/imt_sdk_win_64/winavr/bin/../lib/gcc/avr/4.3.3/avr5\libgcc.a(_ashldi3.o)
 .debug_frame   0x000005d0       0x20 a:/03- imt sdk/imt_sdk_win_64/winavr/bin/../lib/gcc/avr/4.3.3/avr5\libgcc.a(_divdi3.o)
 .debug_frame   0x000005f0       0x20 a:/03- imt sdk/imt_sdk_win_64/winavr/bin/../lib/gcc/avr/4.3.3/avr5\libgcc.a(_moddi3.o)
 .debug_frame   0x00000610       0x20 a:/03- imt sdk/imt_sdk_win_64/winavr/bin/../lib/gcc/avr/4.3.3/avr5\libgcc.a(_udivdi3.o)
 .debug_frame   0x00000630       0x20 a:/03- imt sdk/imt_sdk_win_64/winavr/bin/../lib/gcc/avr/4.3.3/avr5\libgcc.a(_umoddi3.o)

.debug_str      0x00000000      0xc76
 *(.debug_str)
 .debug_str     0x00000000      0x1c8 ./5_SERVICE/Timers_Services.o
                                0x1fc (size before relaxing)
 .debug_str     0x000001c8       0x1a ./3_APP/App_1/App.o
                                 0xed (size before relaxing)
 .debug_str     0x000001e2      0x23b ./2_HAL/LCD/LCD_PROGRAME.o
                                0x304 (size before relaxing)
 .debug_str     0x0000041d      0x512 ./1_MCAL/TIMER/TIMER_program.o
                                0x636 (size before relaxing)
 .debug_str     0x0000092f       0xce ./1_MCAL/EXTI/EXTI_PP/EXTI_PROGRAME.o
                                0x1e5 (size before relaxing)
 .debug_str     0x000009fd      0x13c ./1_MCAL/DIO/DIO_PROGRAM.o
                                0x26a (size before relaxing)
 .debug_str     0x00000b39       0xa5 a:/03- imt sdk/imt_sdk_win_64/winavr/bin/../lib/gcc/avr/4.3.3/avr5\libgcc.a(_ashldi3.o)
                                0x131 (size before relaxing)
 .debug_str     0x00000bde       0x7b a:/03- imt sdk/imt_sdk_win_64/winavr/bin/../lib/gcc/avr/4.3.3/avr5\libgcc.a(_divdi3.o)
                                0x189 (size before relaxing)
 .debug_str     0x00000c59        0x9 a:/03- imt sdk/imt_sdk_win_64/winavr/bin/../lib/gcc/avr/4.3.3/avr5\libgcc.a(_moddi3.o)
                                0x189 (size before relaxing)
 .debug_str     0x00000c62        0xa a:/03- imt sdk/imt_sdk_win_64/winavr/bin/../lib/gcc/avr/4.3.3/avr5\libgcc.a(_udivdi3.o)
                                0x18a (size before relaxing)
 .debug_str     0x00000c6c        0xa a:/03- imt sdk/imt_sdk_win_64/winavr/bin/../lib/gcc/avr/4.3.3/avr5\libgcc.a(_umoddi3.o)
                                0x18a (size before relaxing)
 .debug_str     0x00000000       0xf4 a:/03- imt sdk/imt_sdk_win_64/winavr/bin/../lib/gcc/avr/4.3.3/avr5\libgcc.a(_clz.o)

.debug_loc      0x00000000     0x41a5
 *(.debug_loc)
 .debug_loc     0x00000000      0x200 ./5_SERVICE/Timers_Services.o
 .debug_loc     0x00000200      0x376 ./2_HAL/LCD/LCD_PROGRAME.o
 .debug_loc     0x00000576      0x161 ./1_MCAL/TIMER/TIMER_program.o
 .debug_loc     0x000006d7       0xf4 ./1_MCAL/EXTI/EXTI_PP/EXTI_PROGRAME.o
 .debug_loc     0x000007cb      0x5ca ./1_MCAL/DIO/DIO_PROGRAM.o
 .debug_loc     0x00000d95       0xf8 a:/03- imt sdk/imt_sdk_win_64/winavr/bin/../lib/gcc/avr/4.3.3/avr5\libgcc.a(_ashldi3.o)
 .debug_loc     0x00000e8d      0xe71 a:/03- imt sdk/imt_sdk_win_64/winavr/bin/../lib/gcc/avr/4.3.3/avr5\libgcc.a(_divdi3.o)
 .debug_loc     0x00001cfe      0xb81 a:/03- imt sdk/imt_sdk_win_64/winavr/bin/../lib/gcc/avr/4.3.3/avr5\libgcc.a(_moddi3.o)
 .debug_loc     0x0000287f      0xe74 a:/03- imt sdk/imt_sdk_win_64/winavr/bin/../lib/gcc/avr/4.3.3/avr5\libgcc.a(_udivdi3.o)
 .debug_loc     0x000036f3      0xab2 a:/03- imt sdk/imt_sdk_win_64/winavr/bin/../lib/gcc/avr/4.3.3/avr5\libgcc.a(_umoddi3.o)

.debug_macinfo
 *(.debug_macinfo)
OUTPUT(lab16.elf elf32-avr)
LOAD linker stubs

.debug_ranges   0x00000000      0x368
 .debug_ranges  0x00000000       0x48 ./5_SERVICE/Timers_Services.o
 .debug_ranges  0x00000048       0x18 ./3_APP/App_1/App.o
 .debug_ranges  0x00000060       0x68 ./2_HAL/LCD/LCD_PROGRAME.o
 .debug_ranges  0x000000c8      0x190 ./1_MCAL/TIMER/TIMER_program.o
 .debug_ranges  0x00000258       0x48 ./1_MCAL/EXTI/EXTI_PP/EXTI_PROGRAME.o
 .debug_ranges  0x000002a0       0x68 ./1_MCAL/DIO/DIO_PROGRAM.o
 .debug_ranges  0x00000308       0x18 a:/03- imt sdk/imt_sdk_win_64/winavr/bin/../lib/gcc/avr/4.3.3/avr5\libgcc.a(_divdi3.o)
 .debug_ranges  0x00000320       0x18 a:/03- imt sdk/imt_sdk_win_64/winavr/bin/../lib/gcc/avr/4.3.3/avr5\libgcc.a(_moddi3.o)
 .debug_ranges  0x00000338       0x18 a:/03- imt sdk/imt_sdk_win_64/winavr/bin/../lib/gcc/avr/4.3.3/avr5\libgcc.a(_udivdi3.o)
 .debug_ranges  0x00000350       0x18 a:/03- imt sdk/imt_sdk_win_64/winavr/bin/../lib/gcc/avr/4.3.3/avr5\libgcc.a(_umoddi3.o)
