Archive member included because of file (symbol)

a:/03- imt sdk/imt_sdk_win_64/winavr/bin/../lib/gcc/avr/4.3.3/avr5\libgcc.a(_mulsi3.o)
                              ./5_SERVICE/Timers_Services.o (__mulsi3)
a:/03- imt sdk/imt_sdk_win_64/winavr/bin/../lib/gcc/avr/4.3.3/avr5\libgcc.a(_udivmodhi4.o)
                              ./5_SERVICE/Timers_Services.o (__udivmodhi4)
a:/03- imt sdk/imt_sdk_win_64/winavr/bin/../lib/gcc/avr/4.3.3/avr5\libgcc.a(_udivmodsi4.o)
                              ./5_SERVICE/Timers_Services.o (__udivmodsi4)
a:/03- imt sdk/imt_sdk_win_64/winavr/bin/../lib/gcc/avr/4.3.3/avr5\libgcc.a(_divmodsi4.o)
                              ./5_SERVICE/Timers_Services.o (__divmodsi4)
a:/03- imt sdk/imt_sdk_win_64/winavr/bin/../lib/gcc/avr/4.3.3/avr5\libgcc.a(_exit.o)
                              a:/03- imt sdk/imt_sdk_win_64/winavr/bin/../lib/gcc/avr/4.3.3/../../../../avr/lib/avr5/crtm32.o (exit)
a:/03- imt sdk/imt_sdk_win_64/winavr/bin/../lib/gcc/avr/4.3.3/avr5\libgcc.a(_clear_bss.o)
                              ./5_SERVICE/Timers_Services.o (__do_clear_bss)

Allocating common symbols
Common symbol       size              file

t3                  0x2               ./5_SERVICE/Timers_Services.o
t2                  0x2               ./5_SERVICE/Timers_Services.o
t1                  0x2               ./5_SERVICE/Timers_Services.o

Memory Configuration

Name             Origin             Length             Attributes
text             0x00000000         0x00020000         xr
data             0x00800060         0x0000ffa0         rw !x
eeprom           0x00810000         0x00010000         rw !x
fuse             0x00820000         0x00000400         rw !x
lock             0x00830000         0x00000400         rw !x
signature        0x00840000         0x00000400         rw !x
*default*        0x00000000         0xffffffff

Linker script and memory map

LOAD a:/03- imt sdk/imt_sdk_win_64/winavr/bin/../lib/gcc/avr/4.3.3/../../../../avr/lib/avr5/crtm32.o
LOAD ./5_SERVICE/Timers_Services.o
LOAD ./3_APP/App_1/App.o
LOAD ./1_MCAL/TIMER/TIMER_program.o
LOAD ./1_MCAL/EXTI/EXTI_PP/EXTI_PROGRAME.o
LOAD ./1_MCAL/DIO/DIO_PROGRAM.o
LOAD a:/03- imt sdk/imt_sdk_win_64/winavr/bin/../lib/gcc/avr/4.3.3/avr5\libgcc.a
LOAD a:/03- imt sdk/imt_sdk_win_64/winavr/bin/../lib/gcc/avr/4.3.3/../../../../avr/lib/avr5\libc.a
LOAD a:/03- imt sdk/imt_sdk_win_64/winavr/bin/../lib/gcc/avr/4.3.3/avr5\libgcc.a

.hash
 *(.hash)

.dynsym
 *(.dynsym)

.dynstr
 *(.dynstr)

.gnu.version
 *(.gnu.version)

.gnu.version_d
 *(.gnu.version_d)

.gnu.version_r
 *(.gnu.version_r)

.rel.init
 *(.rel.init)

.rela.init
 *(.rela.init)

.rel.text
 *(.rel.text)
 *(.rel.text.*)
 *(.rel.gnu.linkonce.t*)

.rela.text
 *(.rela.text)
 *(.rela.text.*)
 *(.rela.gnu.linkonce.t*)

.rel.fini
 *(.rel.fini)

.rela.fini
 *(.rela.fini)

.rel.rodata
 *(.rel.rodata)
 *(.rel.rodata.*)
 *(.rel.gnu.linkonce.r*)

.rela.rodata
 *(.rela.rodata)
 *(.rela.rodata.*)
 *(.rela.gnu.linkonce.r*)

.rel.data
 *(.rel.data)
 *(.rel.data.*)
 *(.rel.gnu.linkonce.d*)

.rela.data
 *(.rela.data)
 *(.rela.data.*)
 *(.rela.gnu.linkonce.d*)

.rel.ctors
 *(.rel.ctors)

.rela.ctors
 *(.rela.ctors)

.rel.dtors
 *(.rel.dtors)

.rela.dtors
 *(.rela.dtors)

.rel.got
 *(.rel.got)

.rela.got
 *(.rela.got)

.rel.bss
 *(.rel.bss)

.rela.bss
 *(.rela.bss)

.rel.plt
 *(.rel.plt)

.rela.plt
 *(.rela.plt)

.text           0x00000000     0x2050
 *(.vectors)
 .vectors       0x00000000       0x54 a:/03- imt sdk/imt_sdk_win_64/winavr/bin/../lib/gcc/avr/4.3.3/../../../../avr/lib/avr5/crtm32.o
                0x00000000                __vectors
                0x00000000                __vector_default
 *(.vectors)
 *(.progmem.gcc*)
 *(.progmem*)
                0x00000054                . = ALIGN (0x2)
                0x00000054                __trampolines_start = .
 *(.trampolines)
 .trampolines   0x00000054        0x0 linker stubs
 *(.trampolines*)
                0x00000054                __trampolines_end = .
 *(.jumptables)
 *(.jumptables*)
 *(.lowtext)
 *(.lowtext*)
                0x00000054                __ctors_start = .
 *(.ctors)
                0x00000054                __ctors_end = .
                0x00000054                __dtors_start = .
 *(.dtors)
                0x00000054                __dtors_end = .
 SORT(*)(.ctors)
 SORT(*)(.dtors)
 *(.init0)
 .init0         0x00000054        0x0 a:/03- imt sdk/imt_sdk_win_64/winavr/bin/../lib/gcc/avr/4.3.3/../../../../avr/lib/avr5/crtm32.o
                0x00000054                __init
 *(.init0)
 *(.init1)
 *(.init1)
 *(.init2)
 .init2         0x00000054        0xc a:/03- imt sdk/imt_sdk_win_64/winavr/bin/../lib/gcc/avr/4.3.3/../../../../avr/lib/avr5/crtm32.o
 *(.init2)
 *(.init3)
 *(.init3)
 *(.init4)
 .init4         0x00000060       0x10 a:/03- imt sdk/imt_sdk_win_64/winavr/bin/../lib/gcc/avr/4.3.3/avr5\libgcc.a(_clear_bss.o)
                0x00000060                __do_clear_bss
 *(.init4)
 *(.init5)
 *(.init5)
 *(.init6)
 *(.init6)
 *(.init7)
 *(.init7)
 *(.init8)
 *(.init8)
 *(.init9)
 .init9         0x00000070        0x8 a:/03- imt sdk/imt_sdk_win_64/winavr/bin/../lib/gcc/avr/4.3.3/../../../../avr/lib/avr5/crtm32.o
 *(.init9)
 *(.text)
 .text          0x00000078        0x4 a:/03- imt sdk/imt_sdk_win_64/winavr/bin/../lib/gcc/avr/4.3.3/../../../../avr/lib/avr5/crtm32.o
                0x00000078                __vector_12
                0x00000078                __bad_interrupt
                0x00000078                __vector_13
                0x00000078                __vector_17
                0x00000078                __vector_19
                0x00000078                __vector_15
                0x00000078                __vector_14
                0x00000078                __vector_16
                0x00000078                __vector_18
                0x00000078                __vector_20
 .text          0x0000007c        0x0 ./5_SERVICE/Timers_Services.o
 .text          0x0000007c        0x0 ./3_APP/App_1/App.o
 .text          0x0000007c        0x0 ./1_MCAL/TIMER/TIMER_program.o
 .text          0x0000007c        0x0 ./1_MCAL/EXTI/EXTI_PP/EXTI_PROGRAME.o
 .text          0x0000007c        0x0 ./1_MCAL/DIO/DIO_PROGRAM.o
 .text          0x0000007c        0x0 a:/03- imt sdk/imt_sdk_win_64/winavr/bin/../lib/gcc/avr/4.3.3/avr5\libgcc.a(_mulsi3.o)
 .text          0x0000007c        0x0 a:/03- imt sdk/imt_sdk_win_64/winavr/bin/../lib/gcc/avr/4.3.3/avr5\libgcc.a(_udivmodhi4.o)
 .text          0x0000007c        0x0 a:/03- imt sdk/imt_sdk_win_64/winavr/bin/../lib/gcc/avr/4.3.3/avr5\libgcc.a(_udivmodsi4.o)
 .text          0x0000007c        0x0 a:/03- imt sdk/imt_sdk_win_64/winavr/bin/../lib/gcc/avr/4.3.3/avr5\libgcc.a(_divmodsi4.o)
 .text          0x0000007c        0x0 a:/03- imt sdk/imt_sdk_win_64/winavr/bin/../lib/gcc/avr/4.3.3/avr5\libgcc.a(_exit.o)
 .text          0x0000007c        0x0 a:/03- imt sdk/imt_sdk_win_64/winavr/bin/../lib/gcc/avr/4.3.3/avr5\libgcc.a(_clear_bss.o)
                0x0000007c                . = ALIGN (0x2)
 *(.text.*)
 .text.Timer1_SetInterruptTime_ms
                0x0000007c       0x52 ./5_SERVICE/Timers_Services.o
                0x0000007c                Timer1_SetInterruptTime_ms
 .text.Timer1_SetInterruptTime_us
                0x000000ce       0x3e ./5_SERVICE/Timers_Services.o
                0x000000ce                Timer1_SetInterruptTime_us
 .text.PWM_Measure_SW
                0x0000010c       0x9e ./5_SERVICE/Timers_Services.o
                0x0000010c                PWM_Measure_SW
 .text.ICU_Init
                0x000001aa       0x3e ./5_SERVICE/Timers_Services.o
 .text.EXTI_Callback
                0x000001e8       0x88 ./5_SERVICE/Timers_Services.o
 .text.PWM_Measure2
                0x00000270      0x13c ./5_SERVICE/Timers_Services.o
                0x00000270                PWM_Measure2
 .text.PWM_Measure_HW
                0x000003ac      0x130 ./5_SERVICE/Timers_Services.o
                0x000003ac                PWM_Measure_HW
 .text.Func_ICU_HW
                0x000004dc       0x92 ./5_SERVICE/Timers_Services.o
 .text.main     0x0000056e       0x14 ./3_APP/App_1/App.o
                0x0000056e                main
 .text.TIMER0_voidInit
                0x00000582       0x5c ./1_MCAL/TIMER/TIMER_program.o
                0x00000582                TIMER0_voidInit
 .text.TIMER1_voidInit
                0x000005de      0x100 ./1_MCAL/TIMER/TIMER_program.o
                0x000005de                TIMER1_voidInit
 .text.TIMER2_voidInit
                0x000006de       0x78 ./1_MCAL/TIMER/TIMER_program.o
                0x000006de                TIMER2_voidInit
 .text.TIMER0_voidSetPreload
                0x00000756       0x1c ./1_MCAL/TIMER/TIMER_program.o
                0x00000756                TIMER0_voidSetPreload
 .text.TIMER1_voidSetPreload
                0x00000772       0x24 ./1_MCAL/TIMER/TIMER_program.o
                0x00000772                TIMER1_voidSetPreload
 .text.TIMER2_voidSetPreload
                0x00000796       0x1c ./1_MCAL/TIMER/TIMER_program.o
                0x00000796                TIMER2_voidSetPreload
 .text.TIMER0_voidSetCTC
                0x000007b2       0x1c ./1_MCAL/TIMER/TIMER_program.o
                0x000007b2                TIMER0_voidSetCTC
 .text.TIMER1_voidSetCTCA
                0x000007ce       0x24 ./1_MCAL/TIMER/TIMER_program.o
                0x000007ce                TIMER1_voidSetCTCA
 .text.TIMER1_voidSetCTCB
                0x000007f2       0x24 ./1_MCAL/TIMER/TIMER_program.o
                0x000007f2                TIMER1_voidSetCTCB
 .text.TIMER2_voidSetCTC
                0x00000816       0x1c ./1_MCAL/TIMER/TIMER_program.o
                0x00000816                TIMER2_voidSetCTC
 .text.TIMER1_voidSetICR1
                0x00000832       0x24 ./1_MCAL/TIMER/TIMER_program.o
                0x00000832                TIMER1_voidSetICR1
 .text.TIMER0_u8GetTimerCounterValue
                0x00000856       0x14 ./1_MCAL/TIMER/TIMER_program.o
                0x00000856                TIMER0_u8GetTimerCounterValue
 .text.TIMER1_u16GetTimerCounterValue
                0x0000086a       0x16 ./1_MCAL/TIMER/TIMER_program.o
                0x0000086a                TIMER1_u16GetTimerCounterValue
 .text.TIMER2_u8GetTimerCounterValue
                0x00000880       0x14 ./1_MCAL/TIMER/TIMER_program.o
                0x00000880                TIMER2_u8GetTimerCounterValue
 .text.GET_PERSCALER_SELECT
                0x00000894       0x28 ./1_MCAL/TIMER/TIMER_program.o
                0x00000894                GET_PERSCALER_SELECT
 .text.Generate_PWM_SW
                0x000008bc       0xdc ./1_MCAL/TIMER/TIMER_program.o
                0x000008bc                Generate_PWM_SW
 .text.TIMER_voidSetPWM
                0x00000998       0x24 ./1_MCAL/TIMER/TIMER_program.o
                0x00000998                TIMER_voidSetPWM
 .text.TIMER_voidICUInitEnable
                0x000009bc       0x2a ./1_MCAL/TIMER/TIMER_program.o
                0x000009bc                TIMER_voidICUInitEnable
 .text.TIMER_voidICUSetTriggerEdge
                0x000009e6       0x4a ./1_MCAL/TIMER/TIMER_program.o
                0x000009e6                TIMER_voidICUSetTriggerEdge
 .text.TIMER_voidICUEnableInterrupt
                0x00000a30       0x1c ./1_MCAL/TIMER/TIMER_program.o
                0x00000a30                TIMER_voidICUEnableInterrupt
 .text.TIMER_voidICUDisableInterrupt
                0x00000a4c       0x1c ./1_MCAL/TIMER/TIMER_program.o
                0x00000a4c                TIMER_voidICUDisableInterrupt
 .text.Timer0_OV_InterruptEnable
                0x00000a68       0x1c ./1_MCAL/TIMER/TIMER_program.o
                0x00000a68                Timer0_OV_InterruptEnable
 .text.Timer0_OV_InterruptDisable
                0x00000a84       0x1c ./1_MCAL/TIMER/TIMER_program.o
                0x00000a84                Timer0_OV_InterruptDisable
 .text.Timer0_OC_InterruptEnable
                0x00000aa0       0x1c ./1_MCAL/TIMER/TIMER_program.o
                0x00000aa0                Timer0_OC_InterruptEnable
 .text.Timer0_OC_InterruptDisable
                0x00000abc       0x1c ./1_MCAL/TIMER/TIMER_program.o
                0x00000abc                Timer0_OC_InterruptDisable
 .text.Timer1_OVF_InterruptEnable
                0x00000ad8       0x1c ./1_MCAL/TIMER/TIMER_program.o
                0x00000ad8                Timer1_OVF_InterruptEnable
 .text.Timer1_OVF_InterruptDisable
                0x00000af4       0x1c ./1_MCAL/TIMER/TIMER_program.o
                0x00000af4                Timer1_OVF_InterruptDisable
 .text.Timer1_OCA_InterruptEnable
                0x00000b10       0x1c ./1_MCAL/TIMER/TIMER_program.o
                0x00000b10                Timer1_OCA_InterruptEnable
 .text.Timer1_OCA_InterruptDisable
                0x00000b2c       0x1c ./1_MCAL/TIMER/TIMER_program.o
                0x00000b2c                Timer1_OCA_InterruptDisable
 .text.Timer1_OCB_InterruptEnable
                0x00000b48       0x1c ./1_MCAL/TIMER/TIMER_program.o
                0x00000b48                Timer1_OCB_InterruptEnable
 .text.Timer1_OCB_InterruptDisable
                0x00000b64       0x1c ./1_MCAL/TIMER/TIMER_program.o
                0x00000b64                Timer1_OCB_InterruptDisable
 .text.Timer2_OV_InterruptEnable
                0x00000b80       0x1c ./1_MCAL/TIMER/TIMER_program.o
                0x00000b80                Timer2_OV_InterruptEnable
 .text.Timer2_OV_InterruptDisable
                0x00000b9c       0x1c ./1_MCAL/TIMER/TIMER_program.o
                0x00000b9c                Timer2_OV_InterruptDisable
 .text.Timer2_OC_InterruptEnable
                0x00000bb8       0x1c ./1_MCAL/TIMER/TIMER_program.o
                0x00000bb8                Timer2_OC_InterruptEnable
 .text.Timer2_OC_InterruptDisable
                0x00000bd4       0x1c ./1_MCAL/TIMER/TIMER_program.o
                0x00000bd4                Timer2_OC_InterruptDisable
 .text.TIMER_u16GetICR
                0x00000bf0       0x16 ./1_MCAL/TIMER/TIMER_program.o
                0x00000bf0                TIMER_u16GetICR
 .text.TIMER_voidWDTSleep
                0x00000c06       0x2a ./1_MCAL/TIMER/TIMER_program.o
                0x00000c06                TIMER_voidWDTSleep
 .text.TIMER_voidWDTEnable
                0x00000c30       0x1c ./1_MCAL/TIMER/TIMER_program.o
                0x00000c30                TIMER_voidWDTEnable
 .text.TIMER_voidWDTDisable
                0x00000c4c       0x22 ./1_MCAL/TIMER/TIMER_program.o
                0x00000c4c                TIMER_voidWDTDisable
 .text.TIMER_u8SetCallBack
                0x00000c6e       0x4c ./1_MCAL/TIMER/TIMER_program.o
                0x00000c6e                TIMER_u8SetCallBack
 .text.__vector_11
                0x00000cba       0x66 ./1_MCAL/TIMER/TIMER_program.o
                0x00000cba                __vector_11
 .text.__vector_10
                0x00000d20       0x66 ./1_MCAL/TIMER/TIMER_program.o
                0x00000d20                __vector_10
 .text.__vector_9
                0x00000d86       0x66 ./1_MCAL/TIMER/TIMER_program.o
                0x00000d86                __vector_9
 .text.__vector_8
                0x00000dec       0x66 ./1_MCAL/TIMER/TIMER_program.o
                0x00000dec                __vector_8
 .text.__vector_7
                0x00000e52       0x66 ./1_MCAL/TIMER/TIMER_program.o
                0x00000e52                __vector_7
 .text.__vector_6
                0x00000eb8       0x66 ./1_MCAL/TIMER/TIMER_program.o
                0x00000eb8                __vector_6
 .text.__vector_5
                0x00000f1e       0x66 ./1_MCAL/TIMER/TIMER_program.o
                0x00000f1e                __vector_5
 .text.__vector_4
                0x00000f84       0x66 ./1_MCAL/TIMER/TIMER_program.o
                0x00000f84                __vector_4
 .text.EXI_SetCallBack
                0x00000fea       0x72 ./1_MCAL/EXTI/EXTI_PP/EXTI_PROGRAME.o
                0x00000fea                EXI_SetCallBack
 .text.EXI_Enable
                0x0000105c       0x6e ./1_MCAL/EXTI/EXTI_PP/EXTI_PROGRAME.o
                0x0000105c                EXI_Enable
 .text.EXI_Disable
                0x000010ca       0x6e ./1_MCAL/EXTI/EXTI_PP/EXTI_PROGRAME.o
                0x000010ca                EXI_Disable
 .text.EXI_TriggerEdge
                0x00001138      0x210 ./1_MCAL/EXTI/EXTI_PP/EXTI_PROGRAME.o
                0x00001138                EXI_TriggerEdge
 .text.__vector_1
                0x00001348       0x66 ./1_MCAL/EXTI/EXTI_PP/EXTI_PROGRAME.o
                0x00001348                __vector_1
 .text.__vector_2
                0x000013ae       0x66 ./1_MCAL/EXTI/EXTI_PP/EXTI_PROGRAME.o
                0x000013ae                __vector_2
 .text.__vector_3
                0x00001414       0x66 ./1_MCAL/EXTI/EXTI_PP/EXTI_PROGRAME.o
                0x00001414                __vector_3
 .text.DIO_Enu_Init
                0x0000147a       0x54 ./1_MCAL/DIO/DIO_PROGRAM.o
                0x0000147a                DIO_Enu_Init
 .text.DIO_Enu_SetPortDirection
                0x000014ce       0x9a ./1_MCAL/DIO/DIO_PROGRAM.o
                0x000014ce                DIO_Enu_SetPortDirection
 .text.DIO_Enu_SetPortValue
                0x00001568       0x9a ./1_MCAL/DIO/DIO_PROGRAM.o
                0x00001568                DIO_Enu_SetPortValue
 .text.DIO_Enu_SetPinDirection
                0x00001602      0x1d8 ./1_MCAL/DIO/DIO_PROGRAM.o
                0x00001602                DIO_Enu_SetPinDirection
 .text.DIO_Enu_SetPinValue
                0x000017da      0x1d8 ./1_MCAL/DIO/DIO_PROGRAM.o
                0x000017da                DIO_Enu_SetPinValue
 .text.DIO_Enu_TogPortValue
                0x000019b2       0xae ./1_MCAL/DIO/DIO_PROGRAM.o
                0x000019b2                DIO_Enu_TogPortValue
 .text.DIO_Enu_TogPinValue
                0x00001a60      0x11c ./1_MCAL/DIO/DIO_PROGRAM.o
                0x00001a60                DIO_Enu_TogPinValue
 .text.DIO_Enu_GetPortValue
                0x00001b7c       0xbe ./1_MCAL/DIO/DIO_PROGRAM.o
                0x00001b7c                DIO_Enu_GetPortValue
 .text.DIO_Enu_GetPinValue
                0x00001c3a      0x13c ./1_MCAL/DIO/DIO_PROGRAM.o
                0x00001c3a                DIO_Enu_GetPinValue
 .text.DIO_Enu_WriteHighNibbles
                0x00001d76       0xfc ./1_MCAL/DIO/DIO_PROGRAM.o
                0x00001d76                DIO_Enu_WriteHighNibbles
 .text.DIO_Enu_WriteLowNibbles
                0x00001e72       0xfa ./1_MCAL/DIO/DIO_PROGRAM.o
                0x00001e72                DIO_Enu_WriteLowNibbles
 .text.libgcc   0x00001f6c       0x3e a:/03- imt sdk/imt_sdk_win_64/winavr/bin/../lib/gcc/avr/4.3.3/avr5\libgcc.a(_mulsi3.o)
                0x00001f6c                __mulsi3
 .text.libgcc   0x00001faa       0x28 a:/03- imt sdk/imt_sdk_win_64/winavr/bin/../lib/gcc/avr/4.3.3/avr5\libgcc.a(_udivmodhi4.o)
                0x00001faa                __udivmodhi4
 .text.libgcc   0x00001fd2       0x44 a:/03- imt sdk/imt_sdk_win_64/winavr/bin/../lib/gcc/avr/4.3.3/avr5\libgcc.a(_udivmodsi4.o)
                0x00001fd2                __udivmodsi4
 .text.libgcc   0x00002016       0x36 a:/03- imt sdk/imt_sdk_win_64/winavr/bin/../lib/gcc/avr/4.3.3/avr5\libgcc.a(_divmodsi4.o)
                0x00002016                __divmodsi4
 .text.libgcc   0x0000204c        0x0 a:/03- imt sdk/imt_sdk_win_64/winavr/bin/../lib/gcc/avr/4.3.3/avr5\libgcc.a(_exit.o)
 .text.libgcc   0x0000204c        0x0 a:/03- imt sdk/imt_sdk_win_64/winavr/bin/../lib/gcc/avr/4.3.3/avr5\libgcc.a(_clear_bss.o)
                0x0000204c                . = ALIGN (0x2)
 *(.fini9)
 .fini9         0x0000204c        0x0 a:/03- imt sdk/imt_sdk_win_64/winavr/bin/../lib/gcc/avr/4.3.3/avr5\libgcc.a(_exit.o)
                0x0000204c                exit
                0x0000204c                _exit
 *(.fini9)
 *(.fini8)
 *(.fini8)
 *(.fini7)
 *(.fini7)
 *(.fini6)
 *(.fini6)
 *(.fini5)
 *(.fini5)
 *(.fini4)
 *(.fini4)
 *(.fini3)
 *(.fini3)
 *(.fini2)
 *(.fini2)
 *(.fini1)
 *(.fini1)
 *(.fini0)
 .fini0         0x0000204c        0x4 a:/03- imt sdk/imt_sdk_win_64/winavr/bin/../lib/gcc/avr/4.3.3/avr5\libgcc.a(_exit.o)
 *(.fini0)
                0x00002050                _etext = .

.data           0x00800060        0x0 load address 0x00002050
                0x00800060                PROVIDE (__data_start, .)
 *(.data)
 .data          0x00800060        0x0 a:/03- imt sdk/imt_sdk_win_64/winavr/bin/../lib/gcc/avr/4.3.3/../../../../avr/lib/avr5/crtm32.o
 .data          0x00800060        0x0 ./5_SERVICE/Timers_Services.o
 .data          0x00800060        0x0 ./3_APP/App_1/App.o
 .data          0x00800060        0x0 ./1_MCAL/TIMER/TIMER_program.o
 .data          0x00800060        0x0 ./1_MCAL/EXTI/EXTI_PP/EXTI_PROGRAME.o
 .data          0x00800060        0x0 ./1_MCAL/DIO/DIO_PROGRAM.o
 .data          0x00800060        0x0 a:/03- imt sdk/imt_sdk_win_64/winavr/bin/../lib/gcc/avr/4.3.3/avr5\libgcc.a(_mulsi3.o)
 .data          0x00800060        0x0 a:/03- imt sdk/imt_sdk_win_64/winavr/bin/../lib/gcc/avr/4.3.3/avr5\libgcc.a(_udivmodhi4.o)
 .data          0x00800060        0x0 a:/03- imt sdk/imt_sdk_win_64/winavr/bin/../lib/gcc/avr/4.3.3/avr5\libgcc.a(_udivmodsi4.o)
 .data          0x00800060        0x0 a:/03- imt sdk/imt_sdk_win_64/winavr/bin/../lib/gcc/avr/4.3.3/avr5\libgcc.a(_divmodsi4.o)
 .data          0x00800060        0x0 a:/03- imt sdk/imt_sdk_win_64/winavr/bin/../lib/gcc/avr/4.3.3/avr5\libgcc.a(_exit.o)
 .data          0x00800060        0x0 a:/03- imt sdk/imt_sdk_win_64/winavr/bin/../lib/gcc/avr/4.3.3/avr5\libgcc.a(_clear_bss.o)
 *(.data*)
 *(.rodata)
 *(.rodata*)
 *(.gnu.linkonce.d*)
                0x00800060                . = ALIGN (0x2)
                0x00800060                _edata = .
                0x00800060                PROVIDE (__data_end, .)

.bss            0x00800060       0x33
                0x00800060                PROVIDE (__bss_start, .)
 *(.bss)
 .bss           0x00800060        0x0 a:/03- imt sdk/imt_sdk_win_64/winavr/bin/../lib/gcc/avr/4.3.3/../../../../avr/lib/avr5/crtm32.o
 .bss           0x00800060        0x0 ./5_SERVICE/Timers_Services.o
 .bss           0x00800060        0x0 ./3_APP/App_1/App.o
 .bss           0x00800060        0x0 ./1_MCAL/TIMER/TIMER_program.o
 .bss           0x00800060        0x0 ./1_MCAL/EXTI/EXTI_PP/EXTI_PROGRAME.o
 .bss           0x00800060        0x0 ./1_MCAL/DIO/DIO_PROGRAM.o
 .bss           0x00800060        0x0 a:/03- imt sdk/imt_sdk_win_64/winavr/bin/../lib/gcc/avr/4.3.3/avr5\libgcc.a(_mulsi3.o)
 .bss           0x00800060        0x0 a:/03- imt sdk/imt_sdk_win_64/winavr/bin/../lib/gcc/avr/4.3.3/avr5\libgcc.a(_udivmodhi4.o)
 .bss           0x00800060        0x0 a:/03- imt sdk/imt_sdk_win_64/winavr/bin/../lib/gcc/avr/4.3.3/avr5\libgcc.a(_udivmodsi4.o)
 .bss           0x00800060        0x0 a:/03- imt sdk/imt_sdk_win_64/winavr/bin/../lib/gcc/avr/4.3.3/avr5\libgcc.a(_divmodsi4.o)
 .bss           0x00800060        0x0 a:/03- imt sdk/imt_sdk_win_64/winavr/bin/../lib/gcc/avr/4.3.3/avr5\libgcc.a(_exit.o)
 .bss           0x00800060        0x0 a:/03- imt sdk/imt_sdk_win_64/winavr/bin/../lib/gcc/avr/4.3.3/avr5\libgcc.a(_clear_bss.o)
 *(.bss*)
 .bss.t_on      0x00800060        0x2 ./5_SERVICE/Timers_Services.o
 .bss.period    0x00800062        0x2 ./5_SERVICE/Timers_Services.o
 .bss.flag      0x00800064        0x2 ./5_SERVICE/Timers_Services.o
                0x00800064                flag
 .bss.state.1414
                0x00800066        0x1 ./5_SERVICE/Timers_Services.o
 .bss.TIMERS_pvCallBackFunc
                0x00800067       0x20 ./1_MCAL/TIMER/TIMER_program.o
 .bss.INT0_Fptr
                0x00800087        0x2 ./1_MCAL/EXTI/EXTI_PP/EXTI_PROGRAME.o
 .bss.INT1_Fptr
                0x00800089        0x2 ./1_MCAL/EXTI/EXTI_PP/EXTI_PROGRAME.o
 .bss.INT2_Fptr
                0x0080008b        0x2 ./1_MCAL/EXTI/EXTI_PP/EXTI_PROGRAME.o
 *(COMMON)
 COMMON         0x0080008d        0x6 ./5_SERVICE/Timers_Services.o
                0x0080008d                t3
                0x0080008f                t2
                0x00800091                t1
                0x00800093                PROVIDE (__bss_end, .)
                0x00002050                __data_load_start = LOADADDR (.data)
                0x00002050                __data_load_end = (__data_load_start + SIZEOF (.data))

.noinit         0x00800093        0x0
                0x00800093                PROVIDE (__noinit_start, .)
 *(.noinit*)
                0x00800093                PROVIDE (__noinit_end, .)
                0x00800093                _end = .
                0x00800093                PROVIDE (__heap_start, .)

.eeprom         0x00810000        0x0
 *(.eeprom*)
                0x00810000                __eeprom_end = .

.fuse
 *(.fuse)
 *(.lfuse)
 *(.hfuse)
 *(.efuse)

.lock
 *(.lock*)

.signature
 *(.signature*)

.stab           0x00000000     0x2b20
 *(.stab)
 .stab          0x00000000      0x7e0 ./5_SERVICE/Timers_Services.o
 .stab          0x000007e0      0x240 ./3_APP/App_1/App.o
                                0x24c (size before relaxing)
 .stab          0x00000a20      0xf00 ./1_MCAL/TIMER/TIMER_program.o
                                0xf0c (size before relaxing)
 .stab          0x00001920      0x5a0 ./1_MCAL/EXTI/EXTI_PP/EXTI_PROGRAME.o
                                0x5ac (size before relaxing)
 .stab          0x00001ec0      0xc60 ./1_MCAL/DIO/DIO_PROGRAM.o
                                0xc6c (size before relaxing)

.stabstr        0x00000000     0x1311
 *(.stabstr)
 .stabstr       0x00000000     0x1311 ./5_SERVICE/Timers_Services.o

.stab.excl
 *(.stab.excl)

.stab.exclstr
 *(.stab.exclstr)

.stab.index
 *(.stab.index)

.stab.indexstr
 *(.stab.indexstr)

.comment
 *(.comment)

.debug
 *(.debug)

.line
 *(.line)

.debug_srcinfo
 *(.debug_srcinfo)

.debug_sfnames
 *(.debug_sfnames)

.debug_aranges
 *(.debug_aranges)

.debug_pubnames
 *(.debug_pubnames)

.debug_info
 *(.debug_info)
 *(.gnu.linkonce.wi.*)

.debug_abbrev
 *(.debug_abbrev)

.debug_line
 *(.debug_line)

.debug_frame
 *(.debug_frame)

.debug_str
 *(.debug_str)

.debug_loc
 *(.debug_loc)

.debug_macinfo
 *(.debug_macinfo)
OUTPUT(lab17.elf elf32-avr)
LOAD linker stubs
