Archive member included because of file (symbol)

a:/03- imt sdk/imt_sdk_win_64/winavr/bin/../lib/gcc/avr/4.3.3/avr5\libgcc.a(_mulsi3.o)
                              ./5_SERVICE/Timers_Services.o (__mulsi3)
a:/03- imt sdk/imt_sdk_win_64/winavr/bin/../lib/gcc/avr/4.3.3/avr5\libgcc.a(_udivmodsi4.o)
                              ./5_SERVICE/Timers_Services.o (__udivmodsi4)
a:/03- imt sdk/imt_sdk_win_64/winavr/bin/../lib/gcc/avr/4.3.3/avr5\libgcc.a(_exit.o)
                              a:/03- imt sdk/imt_sdk_win_64/winavr/bin/../lib/gcc/avr/4.3.3/../../../../avr/lib/avr5/crtm32.o (exit)
a:/03- imt sdk/imt_sdk_win_64/winavr/bin/../lib/gcc/avr/4.3.3/avr5\libgcc.a(_copy_data.o)
                              ./3_APP/App_1/App.o (__do_copy_data)
a:/03- imt sdk/imt_sdk_win_64/winavr/bin/../lib/gcc/avr/4.3.3/avr5\libgcc.a(_clear_bss.o)
                              ./5_SERVICE/Timers_Services.o (__do_clear_bss)
a:/03- imt sdk/imt_sdk_win_64/winavr/bin/../lib/gcc/avr/4.3.3/avr5\libgcc.a(_ashldi3.o)
                              ./2_HAL/LCD/LCD_PROGRAME.o (__ashldi3)
a:/03- imt sdk/imt_sdk_win_64/winavr/bin/../lib/gcc/avr/4.3.3/avr5\libgcc.a(_divdi3.o)
                              ./2_HAL/LCD/LCD_PROGRAME.o (__divdi3)
a:/03- imt sdk/imt_sdk_win_64/winavr/bin/../lib/gcc/avr/4.3.3/avr5\libgcc.a(_moddi3.o)
                              ./2_HAL/LCD/LCD_PROGRAME.o (__moddi3)
a:/03- imt sdk/imt_sdk_win_64/winavr/bin/../lib/gcc/avr/4.3.3/avr5\libgcc.a(_udivdi3.o)
                              ./2_HAL/LCD/LCD_PROGRAME.o (__udivdi3)
a:/03- imt sdk/imt_sdk_win_64/winavr/bin/../lib/gcc/avr/4.3.3/avr5\libgcc.a(_umoddi3.o)
                              ./2_HAL/LCD/LCD_PROGRAME.o (__umoddi3)
a:/03- imt sdk/imt_sdk_win_64/winavr/bin/../lib/gcc/avr/4.3.3/avr5\libgcc.a(_prologue.o)
                              a:/03- imt sdk/imt_sdk_win_64/winavr/bin/../lib/gcc/avr/4.3.3/avr5\libgcc.a(_divdi3.o) (__prologue_saves__)
a:/03- imt sdk/imt_sdk_win_64/winavr/bin/../lib/gcc/avr/4.3.3/avr5\libgcc.a(_epilogue.o)
                              a:/03- imt sdk/imt_sdk_win_64/winavr/bin/../lib/gcc/avr/4.3.3/avr5\libgcc.a(_divdi3.o) (__epilogue_restores__)
a:/03- imt sdk/imt_sdk_win_64/winavr/bin/../lib/gcc/avr/4.3.3/avr5\libgcc.a(_clz.o)
                              a:/03- imt sdk/imt_sdk_win_64/winavr/bin/../lib/gcc/avr/4.3.3/avr5\libgcc.a(_divdi3.o) (__clz_tab)

Memory Configuration

Name             Origin             Length             Attributes
text             0x00000000         0x00020000         xr
data             0x00800060         0x0000ffa0         rw !x
eeprom           0x00810000         0x00010000         rw !x
fuse             0x00820000         0x00000400         rw !x
lock             0x00830000         0x00000400         rw !x
signature        0x00840000         0x00000400         rw !x
*default*        0x00000000         0xffffffff

Linker script and memory map

LOAD a:/03- imt sdk/imt_sdk_win_64/winavr/bin/../lib/gcc/avr/4.3.3/../../../../avr/lib/avr5/crtm32.o
LOAD ./5_SERVICE/Timers_Services.o
LOAD ./3_APP/App_1/App.o
LOAD ./2_HAL/LCD/LCD_PROGRAME.o
LOAD ./1_MCAL/TIMER/TIMER_program.o
LOAD ./1_MCAL/EXTI/EXTI_PP/EXTI_PROGRAME.o
LOAD ./1_MCAL/DIO/DIO_PROGRAM.o
LOAD a:/03- imt sdk/imt_sdk_win_64/winavr/bin/../lib/gcc/avr/4.3.3/avr5\libgcc.a
LOAD a:/03- imt sdk/imt_sdk_win_64/winavr/bin/../lib/gcc/avr/4.3.3/../../../../avr/lib/avr5\libc.a
LOAD a:/03- imt sdk/imt_sdk_win_64/winavr/bin/../lib/gcc/avr/4.3.3/avr5\libgcc.a

.hash
 *(.hash)

.dynsym
 *(.dynsym)

.dynstr
 *(.dynstr)

.gnu.version
 *(.gnu.version)

.gnu.version_d
 *(.gnu.version_d)

.gnu.version_r
 *(.gnu.version_r)

.rel.init
 *(.rel.init)

.rela.init
 *(.rela.init)

.rel.text
 *(.rel.text)
 *(.rel.text.*)
 *(.rel.gnu.linkonce.t*)

.rela.text
 *(.rela.text)
 *(.rela.text.*)
 *(.rela.gnu.linkonce.t*)

.rel.fini
 *(.rel.fini)

.rela.fini
 *(.rela.fini)

.rel.rodata
 *(.rel.rodata)
 *(.rel.rodata.*)
 *(.rel.gnu.linkonce.r*)

.rela.rodata
 *(.rela.rodata)
 *(.rela.rodata.*)
 *(.rela.gnu.linkonce.r*)

.rel.data
 *(.rel.data)
 *(.rel.data.*)
 *(.rel.gnu.linkonce.d*)

.rela.data
 *(.rela.data)
 *(.rela.data.*)
 *(.rela.gnu.linkonce.d*)

.rel.ctors
 *(.rel.ctors)

.rela.ctors
 *(.rela.ctors)

.rel.dtors
 *(.rel.dtors)

.rela.dtors
 *(.rela.dtors)

.rel.got
 *(.rel.got)

.rela.got
 *(.rela.got)

.rel.bss
 *(.rel.bss)

.rela.bss
 *(.rela.bss)

.rel.plt
 *(.rel.plt)

.rela.plt
 *(.rela.plt)

.text           0x00000000     0x67b0
 *(.vectors)
 .vectors       0x00000000       0x54 a:/03- imt sdk/imt_sdk_win_64/winavr/bin/../lib/gcc/avr/4.3.3/../../../../avr/lib/avr5/crtm32.o
                0x00000000                __vectors
                0x00000000                __vector_default
 *(.vectors)
 *(.progmem.gcc*)
 *(.progmem*)
                0x00000054                . = ALIGN (0x2)
                0x00000054                __trampolines_start = .
 *(.trampolines)
 .trampolines   0x00000054        0x0 linker stubs
 *(.trampolines*)
                0x00000054                __trampolines_end = .
 *(.jumptables)
 *(.jumptables*)
 *(.lowtext)
 *(.lowtext*)
                0x00000054                __ctors_start = .
 *(.ctors)
                0x00000054                __ctors_end = .
                0x00000054                __dtors_start = .
 *(.dtors)
                0x00000054                __dtors_end = .
 SORT(*)(.ctors)
 SORT(*)(.dtors)
 *(.init0)
 .init0         0x00000054        0x0 a:/03- imt sdk/imt_sdk_win_64/winavr/bin/../lib/gcc/avr/4.3.3/../../../../avr/lib/avr5/crtm32.o
                0x00000054                __init
 *(.init0)
 *(.init1)
 *(.init1)
 *(.init2)
 .init2         0x00000054        0xc a:/03- imt sdk/imt_sdk_win_64/winavr/bin/../lib/gcc/avr/4.3.3/../../../../avr/lib/avr5/crtm32.o
 *(.init2)
 *(.init3)
 *(.init3)
 *(.init4)
 .init4         0x00000060       0x16 a:/03- imt sdk/imt_sdk_win_64/winavr/bin/../lib/gcc/avr/4.3.3/avr5\libgcc.a(_copy_data.o)
                0x00000060                __do_copy_data
 .init4         0x00000076       0x10 a:/03- imt sdk/imt_sdk_win_64/winavr/bin/../lib/gcc/avr/4.3.3/avr5\libgcc.a(_clear_bss.o)
                0x00000076                __do_clear_bss
 *(.init4)
 *(.init5)
 *(.init5)
 *(.init6)
 *(.init6)
 *(.init7)
 *(.init7)
 *(.init8)
 *(.init8)
 *(.init9)
 .init9         0x00000086        0x8 a:/03- imt sdk/imt_sdk_win_64/winavr/bin/../lib/gcc/avr/4.3.3/../../../../avr/lib/avr5/crtm32.o
 *(.init9)
 *(.text)
 .text          0x0000008e        0x4 a:/03- imt sdk/imt_sdk_win_64/winavr/bin/../lib/gcc/avr/4.3.3/../../../../avr/lib/avr5/crtm32.o
                0x0000008e                __vector_12
                0x0000008e                __bad_interrupt
                0x0000008e                __vector_13
                0x0000008e                __vector_17
                0x0000008e                __vector_19
                0x0000008e                __vector_15
                0x0000008e                __vector_14
                0x0000008e                __vector_16
                0x0000008e                __vector_18
                0x0000008e                __vector_20
 .text          0x00000092        0x0 ./5_SERVICE/Timers_Services.o
 .text          0x00000092        0x0 ./3_APP/App_1/App.o
 .text          0x00000092        0x0 ./2_HAL/LCD/LCD_PROGRAME.o
 .text          0x00000092        0x0 ./1_MCAL/TIMER/TIMER_program.o
 .text          0x00000092        0x0 ./1_MCAL/EXTI/EXTI_PP/EXTI_PROGRAME.o
 .text          0x00000092        0x0 ./1_MCAL/DIO/DIO_PROGRAM.o
 .text          0x00000092        0x0 a:/03- imt sdk/imt_sdk_win_64/winavr/bin/../lib/gcc/avr/4.3.3/avr5\libgcc.a(_mulsi3.o)
 .text          0x00000092        0x0 a:/03- imt sdk/imt_sdk_win_64/winavr/bin/../lib/gcc/avr/4.3.3/avr5\libgcc.a(_udivmodsi4.o)
 .text          0x00000092        0x0 a:/03- imt sdk/imt_sdk_win_64/winavr/bin/../lib/gcc/avr/4.3.3/avr5\libgcc.a(_exit.o)
 .text          0x00000092        0x0 a:/03- imt sdk/imt_sdk_win_64/winavr/bin/../lib/gcc/avr/4.3.3/avr5\libgcc.a(_copy_data.o)
 .text          0x00000092        0x0 a:/03- imt sdk/imt_sdk_win_64/winavr/bin/../lib/gcc/avr/4.3.3/avr5\libgcc.a(_clear_bss.o)
 .text          0x00000092       0xfe a:/03- imt sdk/imt_sdk_win_64/winavr/bin/../lib/gcc/avr/4.3.3/avr5\libgcc.a(_ashldi3.o)
                0x00000092                __ashldi3
 .text          0x00000190     0x1050 a:/03- imt sdk/imt_sdk_win_64/winavr/bin/../lib/gcc/avr/4.3.3/avr5\libgcc.a(_divdi3.o)
                0x00000190                __divdi3
 .text          0x000011e0     0x107a a:/03- imt sdk/imt_sdk_win_64/winavr/bin/../lib/gcc/avr/4.3.3/avr5\libgcc.a(_moddi3.o)
                0x000011e0                __moddi3
 .text          0x0000225a      0xcea a:/03- imt sdk/imt_sdk_win_64/winavr/bin/../lib/gcc/avr/4.3.3/avr5\libgcc.a(_udivdi3.o)
                0x0000225a                __udivdi3
 .text          0x00002f44      0xce0 a:/03- imt sdk/imt_sdk_win_64/winavr/bin/../lib/gcc/avr/4.3.3/avr5\libgcc.a(_umoddi3.o)
                0x00002f44                __umoddi3
 .text          0x00003c24        0x0 a:/03- imt sdk/imt_sdk_win_64/winavr/bin/../lib/gcc/avr/4.3.3/avr5\libgcc.a(_prologue.o)
 .text          0x00003c24        0x0 a:/03- imt sdk/imt_sdk_win_64/winavr/bin/../lib/gcc/avr/4.3.3/avr5\libgcc.a(_epilogue.o)
 .text          0x00003c24        0x0 a:/03- imt sdk/imt_sdk_win_64/winavr/bin/../lib/gcc/avr/4.3.3/avr5\libgcc.a(_clz.o)
                0x00003c24                . = ALIGN (0x2)
 *(.text.*)
 .text.PWM_Measure_HW
                0x00003c24       0xac ./5_SERVICE/Timers_Services.o
                0x00003c24                PWM_Measure_HW
 .text.Func_ICU_HW
                0x00003cd0       0x8e ./5_SERVICE/Timers_Services.o
 .text.PWM_Measure2
                0x00003d5e      0x13a ./5_SERVICE/Timers_Services.o
                0x00003d5e                PWM_Measure2
 .text.EXTI_Callback
                0x00003e98       0x60 ./5_SERVICE/Timers_Services.o
 .text.PWM_Measure_SW
                0x00003ef8       0xb0 ./5_SERVICE/Timers_Services.o
                0x00003ef8                PWM_Measure_SW
 .text.Timer1_SetInterruptTime_us
                0x00003fa8       0x2e ./5_SERVICE/Timers_Services.o
                0x00003fa8                Timer1_SetInterruptTime_us
 .text.Timer1_SetInterruptTime_ms
                0x00003fd6       0x40 ./5_SERVICE/Timers_Services.o
                0x00003fd6                Timer1_SetInterruptTime_ms
 .text.main     0x00004016       0x94 ./3_APP/App_1/App.o
                0x00004016                main
 .text.LCD_enuSendData
                0x000040aa       0x88 ./2_HAL/LCD/LCD_PROGRAME.o
                0x000040aa                LCD_enuSendData
 .text.LCD_enuSendCommand
                0x00004132       0x88 ./2_HAL/LCD/LCD_PROGRAME.o
                0x00004132                LCD_enuSendCommand
 .text.LCD_enuClearScreen
                0x000041ba       0x82 ./2_HAL/LCD/LCD_PROGRAME.o
                0x000041ba                LCD_enuClearScreen
 .text.LCD_enuSetPosition
                0x0000423c       0xbc ./2_HAL/LCD/LCD_PROGRAME.o
                0x0000423c                LCD_enuSetPosition
 .text.LCD_enuInit
                0x000042f8      0x2a4 ./2_HAL/LCD/LCD_PROGRAME.o
                0x000042f8                LCD_enuInit
 .text.LCD_enuSendString
                0x0000459c       0xac ./2_HAL/LCD/LCD_PROGRAME.o
                0x0000459c                LCD_enuSendString
 .text.LCD_WriteNumberIn4Digits
                0x00004648      0x5ea ./2_HAL/LCD/LCD_PROGRAME.o
                0x00004648                LCD_WriteNumberIn4Digits
 .text.LCD_WriteNumberIn3Digits
                0x00004c32      0x4c2 ./2_HAL/LCD/LCD_PROGRAME.o
                0x00004c32                LCD_WriteNumberIn3Digits
 .text.LCD_enuSendExtraChar
                0x000050f4      0x524 ./2_HAL/LCD/LCD_PROGRAME.o
                0x000050f4                LCD_enuSendExtraChar
 .text.LCD_enuSendNumber
                0x00005618      0x564 ./2_HAL/LCD/LCD_PROGRAME.o
                0x00005618                LCD_enuSendNumber
 .text.TIMER0_voidInit
                0x00005b7c       0x22 ./1_MCAL/TIMER/TIMER_program.o
                0x00005b7c                TIMER0_voidInit
 .text.TIMER1_voidInit
                0x00005b9e       0x30 ./1_MCAL/TIMER/TIMER_program.o
                0x00005b9e                TIMER1_voidInit
 .text.TIMER2_voidInit
                0x00005bce       0x30 ./1_MCAL/TIMER/TIMER_program.o
                0x00005bce                TIMER2_voidInit
 .text.TIMER0_voidSetPreload
                0x00005bfe        0x4 ./1_MCAL/TIMER/TIMER_program.o
                0x00005bfe                TIMER0_voidSetPreload
 .text.TIMER1_voidSetPreload
                0x00005c02        0x6 ./1_MCAL/TIMER/TIMER_program.o
                0x00005c02                TIMER1_voidSetPreload
 .text.TIMER2_voidSetPreload
                0x00005c08        0x4 ./1_MCAL/TIMER/TIMER_program.o
                0x00005c08                TIMER2_voidSetPreload
 .text.TIMER0_voidSetCTC
                0x00005c0c        0x4 ./1_MCAL/TIMER/TIMER_program.o
                0x00005c0c                TIMER0_voidSetCTC
 .text.TIMER1_voidSetCTCA
                0x00005c10        0x6 ./1_MCAL/TIMER/TIMER_program.o
                0x00005c10                TIMER1_voidSetCTCA
 .text.TIMER1_voidSetCTCB
                0x00005c16        0x6 ./1_MCAL/TIMER/TIMER_program.o
                0x00005c16                TIMER1_voidSetCTCB
 .text.TIMER2_voidSetCTC
                0x00005c1c        0x4 ./1_MCAL/TIMER/TIMER_program.o
                0x00005c1c                TIMER2_voidSetCTC
 .text.TIMER1_voidSetICR1
                0x00005c20        0x6 ./1_MCAL/TIMER/TIMER_program.o
                0x00005c20                TIMER1_voidSetICR1
 .text.TIMER0_u8GetTimerCounterValue
                0x00005c26        0x4 ./1_MCAL/TIMER/TIMER_program.o
                0x00005c26                TIMER0_u8GetTimerCounterValue
 .text.TIMER1_u16GetTimerCounterValue
                0x00005c2a        0x8 ./1_MCAL/TIMER/TIMER_program.o
                0x00005c2a                TIMER1_u16GetTimerCounterValue
 .text.TIMER2_u8GetTimerCounterValue
                0x00005c32        0x4 ./1_MCAL/TIMER/TIMER_program.o
                0x00005c32                TIMER2_u8GetTimerCounterValue
 .text.GET_PERSCALER_SELECT
                0x00005c36        0x4 ./1_MCAL/TIMER/TIMER_program.o
                0x00005c36                GET_PERSCALER_SELECT
 .text.TIMER_voidSetPWM
                0x00005c3a        0x6 ./1_MCAL/TIMER/TIMER_program.o
                0x00005c3a                TIMER_voidSetPWM
 .text.TIMER_voidICUInitEnable
                0x00005c40        0xe ./1_MCAL/TIMER/TIMER_program.o
                0x00005c40                TIMER_voidICUInitEnable
 .text.TIMER_voidICUSetTriggerEdge
                0x00005c4e       0x20 ./1_MCAL/TIMER/TIMER_program.o
                0x00005c4e                TIMER_voidICUSetTriggerEdge
 .text.TIMER_voidICUEnableInterrupt
                0x00005c6e        0x8 ./1_MCAL/TIMER/TIMER_program.o
                0x00005c6e                TIMER_voidICUEnableInterrupt
 .text.TIMER_voidICUDisableInterrupt
                0x00005c76        0x8 ./1_MCAL/TIMER/TIMER_program.o
                0x00005c76                TIMER_voidICUDisableInterrupt
 .text.Timer0_OV_InterruptEnable
                0x00005c7e        0x8 ./1_MCAL/TIMER/TIMER_program.o
                0x00005c7e                Timer0_OV_InterruptEnable
 .text.Timer0_OV_InterruptDisable
                0x00005c86        0x8 ./1_MCAL/TIMER/TIMER_program.o
                0x00005c86                Timer0_OV_InterruptDisable
 .text.Timer0_OC_InterruptEnable
                0x00005c8e        0x8 ./1_MCAL/TIMER/TIMER_program.o
                0x00005c8e                Timer0_OC_InterruptEnable
 .text.Timer0_OC_InterruptDisable
                0x00005c96        0x8 ./1_MCAL/TIMER/TIMER_program.o
                0x00005c96                Timer0_OC_InterruptDisable
 .text.Timer1_OVF_InterruptEnable
                0x00005c9e        0x8 ./1_MCAL/TIMER/TIMER_program.o
                0x00005c9e                Timer1_OVF_InterruptEnable
 .text.Timer1_OVF_InterruptDisable
                0x00005ca6        0x8 ./1_MCAL/TIMER/TIMER_program.o
                0x00005ca6                Timer1_OVF_InterruptDisable
 .text.Timer1_OCA_InterruptEnable
                0x00005cae        0x8 ./1_MCAL/TIMER/TIMER_program.o
                0x00005cae                Timer1_OCA_InterruptEnable
 .text.Timer1_OCA_InterruptDisable
                0x00005cb6        0x8 ./1_MCAL/TIMER/TIMER_program.o
                0x00005cb6                Timer1_OCA_InterruptDisable
 .text.Timer1_OCB_InterruptEnable
                0x00005cbe        0x8 ./1_MCAL/TIMER/TIMER_program.o
                0x00005cbe                Timer1_OCB_InterruptEnable
 .text.Timer1_OCB_InterruptDisable
                0x00005cc6        0x8 ./1_MCAL/TIMER/TIMER_program.o
                0x00005cc6                Timer1_OCB_InterruptDisable
 .text.Timer2_OV_InterruptEnable
                0x00005cce        0x8 ./1_MCAL/TIMER/TIMER_program.o
                0x00005cce                Timer2_OV_InterruptEnable
 .text.Timer2_OV_InterruptDisable
                0x00005cd6        0x8 ./1_MCAL/TIMER/TIMER_program.o
                0x00005cd6                Timer2_OV_InterruptDisable
 .text.Timer2_OC_InterruptEnable
                0x00005cde        0x8 ./1_MCAL/TIMER/TIMER_program.o
                0x00005cde                Timer2_OC_InterruptEnable
 .text.Timer2_OC_InterruptDisable
                0x00005ce6        0x8 ./1_MCAL/TIMER/TIMER_program.o
                0x00005ce6                Timer2_OC_InterruptDisable
 .text.TIMER_u16GetICR
                0x00005cee        0x8 ./1_MCAL/TIMER/TIMER_program.o
                0x00005cee                TIMER_u16GetICR
 .text.TIMER_voidWDTSleep
                0x00005cf6        0xe ./1_MCAL/TIMER/TIMER_program.o
                0x00005cf6                TIMER_voidWDTSleep
 .text.TIMER_voidWDTEnable
                0x00005d04        0x8 ./1_MCAL/TIMER/TIMER_program.o
                0x00005d04                TIMER_voidWDTEnable
 .text.TIMER_voidWDTDisable
                0x00005d0c        0xa ./1_MCAL/TIMER/TIMER_program.o
                0x00005d0c                TIMER_voidWDTDisable
 .text.TIMER_u8SetCallBack
                0x00005d16       0x1c ./1_MCAL/TIMER/TIMER_program.o
                0x00005d16                TIMER_u8SetCallBack
 .text.__vector_11
                0x00005d32       0x52 ./1_MCAL/TIMER/TIMER_program.o
                0x00005d32                __vector_11
 .text.__vector_10
                0x00005d84       0x52 ./1_MCAL/TIMER/TIMER_program.o
                0x00005d84                __vector_10
 .text.__vector_9
                0x00005dd6       0x52 ./1_MCAL/TIMER/TIMER_program.o
                0x00005dd6                __vector_9
 .text.__vector_8
                0x00005e28       0x52 ./1_MCAL/TIMER/TIMER_program.o
                0x00005e28                __vector_8
 .text.__vector_7
                0x00005e7a       0x52 ./1_MCAL/TIMER/TIMER_program.o
                0x00005e7a                __vector_7
 .text.__vector_6
                0x00005ecc       0x52 ./1_MCAL/TIMER/TIMER_program.o
                0x00005ecc                __vector_6
 .text.__vector_5
                0x00005f1e       0x52 ./1_MCAL/TIMER/TIMER_program.o
                0x00005f1e                __vector_5
 .text.__vector_4
                0x00005f70       0x52 ./1_MCAL/TIMER/TIMER_program.o
                0x00005f70                __vector_4
 .text.Generate_PWM_SW
                0x00005fc2       0xb6 ./1_MCAL/TIMER/TIMER_program.o
                0x00005fc2                Generate_PWM_SW
 .text.EXI_SetCallBack
                0x00006078       0x2c ./1_MCAL/EXTI/EXTI_PP/EXTI_PROGRAME.o
                0x00006078                EXI_SetCallBack
 .text.EXI_Enable
                0x000060a4       0x26 ./1_MCAL/EXTI/EXTI_PP/EXTI_PROGRAME.o
                0x000060a4                EXI_Enable
 .text.EXI_Disable
                0x000060ca       0x26 ./1_MCAL/EXTI/EXTI_PP/EXTI_PROGRAME.o
                0x000060ca                EXI_Disable
 .text.EXI_TriggerEdge
                0x000060f0       0xbe ./1_MCAL/EXTI/EXTI_PP/EXTI_PROGRAME.o
                0x000060f0                EXI_TriggerEdge
 .text.__vector_1
                0x000061ae       0x52 ./1_MCAL/EXTI/EXTI_PP/EXTI_PROGRAME.o
                0x000061ae                __vector_1
 .text.__vector_2
                0x00006200       0x52 ./1_MCAL/EXTI/EXTI_PP/EXTI_PROGRAME.o
                0x00006200                __vector_2
 .text.__vector_3
                0x00006252       0x52 ./1_MCAL/EXTI/EXTI_PP/EXTI_PROGRAME.o
                0x00006252                __vector_3
 .text.DIO_Enu_Init
                0x000062a4       0x1a ./1_MCAL/DIO/DIO_PROGRAM.o
                0x000062a4                DIO_Enu_Init
 .text.DIO_Enu_SetPortDirection
                0x000062be       0x34 ./1_MCAL/DIO/DIO_PROGRAM.o
                0x000062be                DIO_Enu_SetPortDirection
 .text.DIO_Enu_SetPortValue
                0x000062f2       0x34 ./1_MCAL/DIO/DIO_PROGRAM.o
                0x000062f2                DIO_Enu_SetPortValue
 .text.DIO_Enu_SetPinDirection
                0x00006326       0xd2 ./1_MCAL/DIO/DIO_PROGRAM.o
                0x00006326                DIO_Enu_SetPinDirection
 .text.DIO_Enu_SetPinValue
                0x000063f8       0xd2 ./1_MCAL/DIO/DIO_PROGRAM.o
                0x000063f8                DIO_Enu_SetPinValue
 .text.DIO_Enu_TogPortValue
                0x000064ca       0x44 ./1_MCAL/DIO/DIO_PROGRAM.o
                0x000064ca                DIO_Enu_TogPortValue
 .text.DIO_Enu_TogPinValue
                0x0000650e       0x7c ./1_MCAL/DIO/DIO_PROGRAM.o
                0x0000650e                DIO_Enu_TogPinValue
 .text.DIO_Enu_GetPortValue
                0x0000658a       0x46 ./1_MCAL/DIO/DIO_PROGRAM.o
                0x0000658a                DIO_Enu_GetPortValue
 .text.DIO_Enu_GetPinValue
                0x000065d0       0x4e ./1_MCAL/DIO/DIO_PROGRAM.o
                0x000065d0                DIO_Enu_GetPinValue
 .text.DIO_Enu_WriteHighNibbles
                0x0000661e       0x50 ./1_MCAL/DIO/DIO_PROGRAM.o
                0x0000661e                DIO_Enu_WriteHighNibbles
 .text.DIO_Enu_WriteLowNibbles
                0x0000666e       0x4e ./1_MCAL/DIO/DIO_PROGRAM.o
                0x0000666e                DIO_Enu_WriteLowNibbles
 .text.libgcc   0x000066bc       0x3e a:/03- imt sdk/imt_sdk_win_64/winavr/bin/../lib/gcc/avr/4.3.3/avr5\libgcc.a(_mulsi3.o)
                0x000066bc                __mulsi3
 .text.libgcc   0x000066fa       0x44 a:/03- imt sdk/imt_sdk_win_64/winavr/bin/../lib/gcc/avr/4.3.3/avr5\libgcc.a(_udivmodsi4.o)
                0x000066fa                __udivmodsi4
 .text.libgcc   0x0000673e        0x0 a:/03- imt sdk/imt_sdk_win_64/winavr/bin/../lib/gcc/avr/4.3.3/avr5\libgcc.a(_exit.o)
 .text.libgcc   0x0000673e        0x0 a:/03- imt sdk/imt_sdk_win_64/winavr/bin/../lib/gcc/avr/4.3.3/avr5\libgcc.a(_copy_data.o)
 .text.libgcc   0x0000673e        0x0 a:/03- imt sdk/imt_sdk_win_64/winavr/bin/../lib/gcc/avr/4.3.3/avr5\libgcc.a(_clear_bss.o)
 .text.libgcc   0x0000673e       0x38 a:/03- imt sdk/imt_sdk_win_64/winavr/bin/../lib/gcc/avr/4.3.3/avr5\libgcc.a(_prologue.o)
                0x0000673e                __prologue_saves__
 .text.libgcc   0x00006776       0x36 a:/03- imt sdk/imt_sdk_win_64/winavr/bin/../lib/gcc/avr/4.3.3/avr5\libgcc.a(_epilogue.o)
                0x00006776                __epilogue_restores__
                0x000067ac                . = ALIGN (0x2)
 *(.fini9)
 .fini9         0x000067ac        0x0 a:/03- imt sdk/imt_sdk_win_64/winavr/bin/../lib/gcc/avr/4.3.3/avr5\libgcc.a(_exit.o)
                0x000067ac                exit
                0x000067ac                _exit
 *(.fini9)
 *(.fini8)
 *(.fini8)
 *(.fini7)
 *(.fini7)
 *(.fini6)
 *(.fini6)
 *(.fini5)
 *(.fini5)
 *(.fini4)
 *(.fini4)
 *(.fini3)
 *(.fini3)
 *(.fini2)
 *(.fini2)
 *(.fini1)
 *(.fini1)
 *(.fini0)
 .fini0         0x000067ac        0x4 a:/03- imt sdk/imt_sdk_win_64/winavr/bin/../lib/gcc/avr/4.3.3/avr5\libgcc.a(_exit.o)
 *(.fini0)
                0x000067b0                _etext = .

.data           0x00800060      0x13c load address 0x000067b0
                0x00800060                PROVIDE (__data_start, .)
 *(.data)
 .data          0x00800060        0x0 a:/03- imt sdk/imt_sdk_win_64/winavr/bin/../lib/gcc/avr/4.3.3/../../../../avr/lib/avr5/crtm32.o
 .data          0x00800060        0x0 ./5_SERVICE/Timers_Services.o
 .data          0x00800060       0x1c ./3_APP/App_1/App.o
 .data          0x0080007c        0x0 ./2_HAL/LCD/LCD_PROGRAME.o
 .data          0x0080007c        0x0 ./1_MCAL/TIMER/TIMER_program.o
 .data          0x0080007c        0x0 ./1_MCAL/EXTI/EXTI_PP/EXTI_PROGRAME.o
 .data          0x0080007c        0x0 ./1_MCAL/DIO/DIO_PROGRAM.o
 .data          0x0080007c        0x0 a:/03- imt sdk/imt_sdk_win_64/winavr/bin/../lib/gcc/avr/4.3.3/avr5\libgcc.a(_mulsi3.o)
 .data          0x0080007c        0x0 a:/03- imt sdk/imt_sdk_win_64/winavr/bin/../lib/gcc/avr/4.3.3/avr5\libgcc.a(_udivmodsi4.o)
 .data          0x0080007c        0x0 a:/03- imt sdk/imt_sdk_win_64/winavr/bin/../lib/gcc/avr/4.3.3/avr5\libgcc.a(_exit.o)
 .data          0x0080007c        0x0 a:/03- imt sdk/imt_sdk_win_64/winavr/bin/../lib/gcc/avr/4.3.3/avr5\libgcc.a(_copy_data.o)
 .data          0x0080007c        0x0 a:/03- imt sdk/imt_sdk_win_64/winavr/bin/../lib/gcc/avr/4.3.3/avr5\libgcc.a(_clear_bss.o)
 .data          0x0080007c        0x0 a:/03- imt sdk/imt_sdk_win_64/winavr/bin/../lib/gcc/avr/4.3.3/avr5\libgcc.a(_ashldi3.o)
 .data          0x0080007c        0x0 a:/03- imt sdk/imt_sdk_win_64/winavr/bin/../lib/gcc/avr/4.3.3/avr5\libgcc.a(_divdi3.o)
 .data          0x0080007c        0x0 a:/03- imt sdk/imt_sdk_win_64/winavr/bin/../lib/gcc/avr/4.3.3/avr5\libgcc.a(_moddi3.o)
 .data          0x0080007c        0x0 a:/03- imt sdk/imt_sdk_win_64/winavr/bin/../lib/gcc/avr/4.3.3/avr5\libgcc.a(_udivdi3.o)
 .data          0x0080007c        0x0 a:/03- imt sdk/imt_sdk_win_64/winavr/bin/../lib/gcc/avr/4.3.3/avr5\libgcc.a(_umoddi3.o)
 .data          0x0080007c        0x0 a:/03- imt sdk/imt_sdk_win_64/winavr/bin/../lib/gcc/avr/4.3.3/avr5\libgcc.a(_prologue.o)
 .data          0x0080007c        0x0 a:/03- imt sdk/imt_sdk_win_64/winavr/bin/../lib/gcc/avr/4.3.3/avr5\libgcc.a(_epilogue.o)
 .data          0x0080007c      0x100 a:/03- imt sdk/imt_sdk_win_64/winavr/bin/../lib/gcc/avr/4.3.3/avr5\libgcc.a(_clz.o)
                0x0080007c                __clz_tab
 *(.data*)
 .data.LCD_u8ExtraChar
                0x0080017c       0x20 ./2_HAL/LCD/LCD_PROGRAME.o
                0x0080017c                LCD_u8ExtraChar
 *(.rodata)
 *(.rodata*)
 *(.gnu.linkonce.d*)
                0x0080019c                . = ALIGN (0x2)
                0x0080019c                _edata = .
                0x0080019c                PROVIDE (__data_end, .)

.bss            0x0080019c       0x36
                0x0080019c                PROVIDE (__bss_start, .)
 *(.bss)
 .bss           0x0080019c        0x0 a:/03- imt sdk/imt_sdk_win_64/winavr/bin/../lib/gcc/avr/4.3.3/../../../../avr/lib/avr5/crtm32.o
 .bss           0x0080019c        0x0 ./5_SERVICE/Timers_Services.o
 .bss           0x0080019c        0x0 ./3_APP/App_1/App.o
 .bss           0x0080019c        0x0 ./2_HAL/LCD/LCD_PROGRAME.o
 .bss           0x0080019c        0x0 ./1_MCAL/TIMER/TIMER_program.o
 .bss           0x0080019c        0x0 ./1_MCAL/EXTI/EXTI_PP/EXTI_PROGRAME.o
 .bss           0x0080019c        0x0 ./1_MCAL/DIO/DIO_PROGRAM.o
 .bss           0x0080019c        0x0 a:/03- imt sdk/imt_sdk_win_64/winavr/bin/../lib/gcc/avr/4.3.3/avr5\libgcc.a(_mulsi3.o)
 .bss           0x0080019c        0x0 a:/03- imt sdk/imt_sdk_win_64/winavr/bin/../lib/gcc/avr/4.3.3/avr5\libgcc.a(_udivmodsi4.o)
 .bss           0x0080019c        0x0 a:/03- imt sdk/imt_sdk_win_64/winavr/bin/../lib/gcc/avr/4.3.3/avr5\libgcc.a(_exit.o)
 .bss           0x0080019c        0x0 a:/03- imt sdk/imt_sdk_win_64/winavr/bin/../lib/gcc/avr/4.3.3/avr5\libgcc.a(_copy_data.o)
 .bss           0x0080019c        0x0 a:/03- imt sdk/imt_sdk_win_64/winavr/bin/../lib/gcc/avr/4.3.3/avr5\libgcc.a(_clear_bss.o)
 .bss           0x0080019c        0x0 a:/03- imt sdk/imt_sdk_win_64/winavr/bin/../lib/gcc/avr/4.3.3/avr5\libgcc.a(_ashldi3.o)
 .bss           0x0080019c        0x0 a:/03- imt sdk/imt_sdk_win_64/winavr/bin/../lib/gcc/avr/4.3.3/avr5\libgcc.a(_divdi3.o)
 .bss           0x0080019c        0x0 a:/03- imt sdk/imt_sdk_win_64/winavr/bin/../lib/gcc/avr/4.3.3/avr5\libgcc.a(_moddi3.o)
 .bss           0x0080019c        0x0 a:/03- imt sdk/imt_sdk_win_64/winavr/bin/../lib/gcc/avr/4.3.3/avr5\libgcc.a(_udivdi3.o)
 .bss           0x0080019c        0x0 a:/03- imt sdk/imt_sdk_win_64/winavr/bin/../lib/gcc/avr/4.3.3/avr5\libgcc.a(_umoddi3.o)
 .bss           0x0080019c        0x0 a:/03- imt sdk/imt_sdk_win_64/winavr/bin/../lib/gcc/avr/4.3.3/avr5\libgcc.a(_prologue.o)
 .bss           0x0080019c        0x0 a:/03- imt sdk/imt_sdk_win_64/winavr/bin/../lib/gcc/avr/4.3.3/avr5\libgcc.a(_epilogue.o)
 .bss           0x0080019c        0x0 a:/03- imt sdk/imt_sdk_win_64/winavr/bin/../lib/gcc/avr/4.3.3/avr5\libgcc.a(_clz.o)
 *(.bss*)
 .bss.period    0x0080019c        0x2 ./5_SERVICE/Timers_Services.o
 .bss.t_on      0x0080019e        0x2 ./5_SERVICE/Timers_Services.o
 .bss.point_3.1475
                0x008001a0        0x2 ./5_SERVICE/Timers_Services.o
 .bss.point_2.1474
                0x008001a2        0x2 ./5_SERVICE/Timers_Services.o
 .bss.point_1.1473
                0x008001a4        0x2 ./5_SERVICE/Timers_Services.o
 .bss.state.1472
                0x008001a6        0x1 ./5_SERVICE/Timers_Services.o
 .bss.Ton       0x008001a7        0x2 ./5_SERVICE/Timers_Services.o
 .bss.Toff      0x008001a9        0x2 ./5_SERVICE/Timers_Services.o
 .bss.state.1409
                0x008001ab        0x1 ./5_SERVICE/Timers_Services.o
 .bss.TIMERS_pvCallBackFunc
                0x008001ac       0x20 ./1_MCAL/TIMER/TIMER_program.o
 .bss.INT2_Fptr
                0x008001cc        0x2 ./1_MCAL/EXTI/EXTI_PP/EXTI_PROGRAME.o
 .bss.INT1_Fptr
                0x008001ce        0x2 ./1_MCAL/EXTI/EXTI_PP/EXTI_PROGRAME.o
 .bss.INT0_Fptr
                0x008001d0        0x2 ./1_MCAL/EXTI/EXTI_PP/EXTI_PROGRAME.o
 *(COMMON)
                0x008001d2                PROVIDE (__bss_end, .)
                0x000067b0                __data_load_start = LOADADDR (.data)
                0x000068ec                __data_load_end = (__data_load_start + SIZEOF (.data))

.noinit         0x008001d2        0x0
                0x008001d2                PROVIDE (__noinit_start, .)
 *(.noinit*)
                0x008001d2                PROVIDE (__noinit_end, .)
                0x008001d2                _end = .
                0x008001d2                PROVIDE (__heap_start, .)

.eeprom         0x00810000        0x0
 *(.eeprom*)
                0x00810000                __eeprom_end = .

.fuse
 *(.fuse)
 *(.lfuse)
 *(.hfuse)
 *(.efuse)

.lock
 *(.lock*)

.signature
 *(.signature*)

.stab           0x00000000     0x7188
 *(.stab)
 .stab          0x00000000      0x7c8 ./5_SERVICE/Timers_Services.o
 .stab          0x000007c8      0x48c ./3_APP/App_1/App.o
                                0x498 (size before relaxing)
 .stab          0x00000c54     0x45fc ./2_HAL/LCD/LCD_PROGRAME.o
                               0x4794 (size before relaxing)
 .stab          0x00005250      0xe64 ./1_MCAL/TIMER/TIMER_program.o
                                0xe70 (size before relaxing)
 .stab          0x000060b4      0x5b8 ./1_MCAL/EXTI/EXTI_PP/EXTI_PROGRAME.o
                                0x5c4 (size before relaxing)
 .stab          0x0000666c      0xb1c ./1_MCAL/DIO/DIO_PROGRAM.o
                                0xb28 (size before relaxing)

.stabstr        0x00000000     0x19c0
 *(.stabstr)
 .stabstr       0x00000000     0x19c0 ./5_SERVICE/Timers_Services.o

.stab.excl
 *(.stab.excl)

.stab.exclstr
 *(.stab.exclstr)

.stab.index
 *(.stab.index)

.stab.indexstr
 *(.stab.indexstr)

.comment
 *(.comment)

.debug
 *(.debug)

.line
 *(.line)

.debug_srcinfo
 *(.debug_srcinfo)

.debug_sfnames
 *(.debug_sfnames)

.debug_aranges  0x00000000       0xa0
 *(.debug_aranges)
 .debug_aranges
                0x00000000       0x20 a:/03- imt sdk/imt_sdk_win_64/winavr/bin/../lib/gcc/avr/4.3.3/avr5\libgcc.a(_ashldi3.o)
 .debug_aranges
                0x00000020       0x20 a:/03- imt sdk/imt_sdk_win_64/winavr/bin/../lib/gcc/avr/4.3.3/avr5\libgcc.a(_divdi3.o)
 .debug_aranges
                0x00000040       0x20 a:/03- imt sdk/imt_sdk_win_64/winavr/bin/../lib/gcc/avr/4.3.3/avr5\libgcc.a(_moddi3.o)
 .debug_aranges
                0x00000060       0x20 a:/03- imt sdk/imt_sdk_win_64/winavr/bin/../lib/gcc/avr/4.3.3/avr5\libgcc.a(_udivdi3.o)
 .debug_aranges
                0x00000080       0x20 a:/03- imt sdk/imt_sdk_win_64/winavr/bin/../lib/gcc/avr/4.3.3/avr5\libgcc.a(_umoddi3.o)

.debug_pubnames
                0x00000000       0xbe
 *(.debug_pubnames)
 .debug_pubnames
                0x00000000       0x20 a:/03- imt sdk/imt_sdk_win_64/winavr/bin/../lib/gcc/avr/4.3.3/avr5\libgcc.a(_ashldi3.o)
 .debug_pubnames
                0x00000020       0x1f a:/03- imt sdk/imt_sdk_win_64/winavr/bin/../lib/gcc/avr/4.3.3/avr5\libgcc.a(_divdi3.o)
 .debug_pubnames
                0x0000003f       0x1f a:/03- imt sdk/imt_sdk_win_64/winavr/bin/../lib/gcc/avr/4.3.3/avr5\libgcc.a(_moddi3.o)
 .debug_pubnames
                0x0000005e       0x20 a:/03- imt sdk/imt_sdk_win_64/winavr/bin/../lib/gcc/avr/4.3.3/avr5\libgcc.a(_udivdi3.o)
 .debug_pubnames
                0x0000007e       0x20 a:/03- imt sdk/imt_sdk_win_64/winavr/bin/../lib/gcc/avr/4.3.3/avr5\libgcc.a(_umoddi3.o)
 .debug_pubnames
                0x0000009e       0x20 a:/03- imt sdk/imt_sdk_win_64/winavr/bin/../lib/gcc/avr/4.3.3/avr5\libgcc.a(_clz.o)

.debug_info     0x00000000     0x1f74
 *(.debug_info)
 .debug_info    0x00000000      0x17f a:/03- imt sdk/imt_sdk_win_64/winavr/bin/../lib/gcc/avr/4.3.3/avr5\libgcc.a(_ashldi3.o)
 .debug_info    0x0000017f      0x756 a:/03- imt sdk/imt_sdk_win_64/winavr/bin/../lib/gcc/avr/4.3.3/avr5\libgcc.a(_divdi3.o)
 .debug_info    0x000008d5      0x781 a:/03- imt sdk/imt_sdk_win_64/winavr/bin/../lib/gcc/avr/4.3.3/avr5\libgcc.a(_moddi3.o)
 .debug_info    0x00001056      0x71e a:/03- imt sdk/imt_sdk_win_64/winavr/bin/../lib/gcc/avr/4.3.3/avr5\libgcc.a(_udivdi3.o)
 .debug_info    0x00001774      0x757 a:/03- imt sdk/imt_sdk_win_64/winavr/bin/../lib/gcc/avr/4.3.3/avr5\libgcc.a(_umoddi3.o)
 .debug_info    0x00001ecb       0xa9 a:/03- imt sdk/imt_sdk_win_64/winavr/bin/../lib/gcc/avr/4.3.3/avr5\libgcc.a(_clz.o)
 *(.gnu.linkonce.wi.*)

.debug_abbrev   0x00000000      0x7a7
 *(.debug_abbrev)
 .debug_abbrev  0x00000000       0xee a:/03- imt sdk/imt_sdk_win_64/winavr/bin/../lib/gcc/avr/4.3.3/avr5\libgcc.a(_ashldi3.o)
 .debug_abbrev  0x000000ee      0x19f a:/03- imt sdk/imt_sdk_win_64/winavr/bin/../lib/gcc/avr/4.3.3/avr5\libgcc.a(_divdi3.o)
 .debug_abbrev  0x0000028d      0x19f a:/03- imt sdk/imt_sdk_win_64/winavr/bin/../lib/gcc/avr/4.3.3/avr5\libgcc.a(_moddi3.o)
 .debug_abbrev  0x0000042c      0x181 a:/03- imt sdk/imt_sdk_win_64/winavr/bin/../lib/gcc/avr/4.3.3/avr5\libgcc.a(_udivdi3.o)
 .debug_abbrev  0x000005ad      0x190 a:/03- imt sdk/imt_sdk_win_64/winavr/bin/../lib/gcc/avr/4.3.3/avr5\libgcc.a(_umoddi3.o)
 .debug_abbrev  0x0000073d       0x6a a:/03- imt sdk/imt_sdk_win_64/winavr/bin/../lib/gcc/avr/4.3.3/avr5\libgcc.a(_clz.o)

.debug_line     0x00000000      0xa03
 *(.debug_line)
 .debug_line    0x00000000       0xd7 a:/03- imt sdk/imt_sdk_win_64/winavr/bin/../lib/gcc/avr/4.3.3/avr5\libgcc.a(_ashldi3.o)
 .debug_line    0x000000d7      0x228 a:/03- imt sdk/imt_sdk_win_64/winavr/bin/../lib/gcc/avr/4.3.3/avr5\libgcc.a(_divdi3.o)
 .debug_line    0x000002ff      0x280 a:/03- imt sdk/imt_sdk_win_64/winavr/bin/../lib/gcc/avr/4.3.3/avr5\libgcc.a(_moddi3.o)
 .debug_line    0x0000057f      0x1d8 a:/03- imt sdk/imt_sdk_win_64/winavr/bin/../lib/gcc/avr/4.3.3/avr5\libgcc.a(_udivdi3.o)
 .debug_line    0x00000757      0x230 a:/03- imt sdk/imt_sdk_win_64/winavr/bin/../lib/gcc/avr/4.3.3/avr5\libgcc.a(_umoddi3.o)
 .debug_line    0x00000987       0x7c a:/03- imt sdk/imt_sdk_win_64/winavr/bin/../lib/gcc/avr/4.3.3/avr5\libgcc.a(_clz.o)

.debug_frame    0x00000000       0xa0
 *(.debug_frame)
 .debug_frame   0x00000000       0x20 a:/03- imt sdk/imt_sdk_win_64/winavr/bin/../lib/gcc/avr/4.3.3/avr5\libgcc.a(_ashldi3.o)
 .debug_frame   0x00000020       0x20 a:/03- imt sdk/imt_sdk_win_64/winavr/bin/../lib/gcc/avr/4.3.3/avr5\libgcc.a(_divdi3.o)
 .debug_frame   0x00000040       0x20 a:/03- imt sdk/imt_sdk_win_64/winavr/bin/../lib/gcc/avr/4.3.3/avr5\libgcc.a(_moddi3.o)
 .debug_frame   0x00000060       0x20 a:/03- imt sdk/imt_sdk_win_64/winavr/bin/../lib/gcc/avr/4.3.3/avr5\libgcc.a(_udivdi3.o)
 .debug_frame   0x00000080       0x20 a:/03- imt sdk/imt_sdk_win_64/winavr/bin/../lib/gcc/avr/4.3.3/avr5\libgcc.a(_umoddi3.o)

.debug_str      0x00000000      0x17c
 *(.debug_str)
 .debug_str     0x00000000       0xe4 a:/03- imt sdk/imt_sdk_win_64/winavr/bin/../lib/gcc/avr/4.3.3/avr5\libgcc.a(_ashldi3.o)
                                0x131 (size before relaxing)
 .debug_str     0x000000e4       0x7b a:/03- imt sdk/imt_sdk_win_64/winavr/bin/../lib/gcc/avr/4.3.3/avr5\libgcc.a(_divdi3.o)
                                0x189 (size before relaxing)
 .debug_str     0x0000015f        0x9 a:/03- imt sdk/imt_sdk_win_64/winavr/bin/../lib/gcc/avr/4.3.3/avr5\libgcc.a(_moddi3.o)
                                0x189 (size before relaxing)
 .debug_str     0x00000168        0xa a:/03- imt sdk/imt_sdk_win_64/winavr/bin/../lib/gcc/avr/4.3.3/avr5\libgcc.a(_udivdi3.o)
                                0x18a (size before relaxing)
 .debug_str     0x00000172        0xa a:/03- imt sdk/imt_sdk_win_64/winavr/bin/../lib/gcc/avr/4.3.3/avr5\libgcc.a(_umoddi3.o)
                                0x18a (size before relaxing)
 .debug_str     0x00000000       0xf4 a:/03- imt sdk/imt_sdk_win_64/winavr/bin/../lib/gcc/avr/4.3.3/avr5\libgcc.a(_clz.o)

.debug_loc      0x00000000     0x3410
 *(.debug_loc)
 .debug_loc     0x00000000       0xf8 a:/03- imt sdk/imt_sdk_win_64/winavr/bin/../lib/gcc/avr/4.3.3/avr5\libgcc.a(_ashldi3.o)
 .debug_loc     0x000000f8      0xe71 a:/03- imt sdk/imt_sdk_win_64/winavr/bin/../lib/gcc/avr/4.3.3/avr5\libgcc.a(_divdi3.o)
 .debug_loc     0x00000f69      0xb81 a:/03- imt sdk/imt_sdk_win_64/winavr/bin/../lib/gcc/avr/4.3.3/avr5\libgcc.a(_moddi3.o)
 .debug_loc     0x00001aea      0xe74 a:/03- imt sdk/imt_sdk_win_64/winavr/bin/../lib/gcc/avr/4.3.3/avr5\libgcc.a(_udivdi3.o)
 .debug_loc     0x0000295e      0xab2 a:/03- imt sdk/imt_sdk_win_64/winavr/bin/../lib/gcc/avr/4.3.3/avr5\libgcc.a(_umoddi3.o)

.debug_macinfo
 *(.debug_macinfo)
OUTPUT(lab18.elf elf32-avr)
LOAD linker stubs

.debug_ranges   0x00000000       0x60
 .debug_ranges  0x00000000       0x18 a:/03- imt sdk/imt_sdk_win_64/winavr/bin/../lib/gcc/avr/4.3.3/avr5\libgcc.a(_divdi3.o)
 .debug_ranges  0x00000018       0x18 a:/03- imt sdk/imt_sdk_win_64/winavr/bin/../lib/gcc/avr/4.3.3/avr5\libgcc.a(_moddi3.o)
 .debug_ranges  0x00000030       0x18 a:/03- imt sdk/imt_sdk_win_64/winavr/bin/../lib/gcc/avr/4.3.3/avr5\libgcc.a(_udivdi3.o)
 .debug_ranges  0x00000048       0x18 a:/03- imt sdk/imt_sdk_win_64/winavr/bin/../lib/gcc/avr/4.3.3/avr5\libgcc.a(_umoddi3.o)
