Archive member included because of file (symbol)

a:/03- imt sdk/imt_sdk_win_64/winavr/bin/../lib/gcc/avr/4.3.3/avr5\libgcc.a(_mulsi3.o)
                              ./2_HAL/Servo/Servo.o (__mulsi3)
a:/03- imt sdk/imt_sdk_win_64/winavr/bin/../lib/gcc/avr/4.3.3/avr5\libgcc.a(_udivmodsi4.o)
                              ./2_HAL/Servo/Servo.o (__udivmodsi4)
a:/03- imt sdk/imt_sdk_win_64/winavr/bin/../lib/gcc/avr/4.3.3/avr5\libgcc.a(_exit.o)
                              a:/03- imt sdk/imt_sdk_win_64/winavr/bin/../lib/gcc/avr/4.3.3/../../../../avr/lib/avr5/crtm32.o (exit)
a:/03- imt sdk/imt_sdk_win_64/winavr/bin/../lib/gcc/avr/4.3.3/avr5\libgcc.a(_copy_data.o)
                              ./3_APP/User_Management/user_handling.o (__do_copy_data)
a:/03- imt sdk/imt_sdk_win_64/winavr/bin/../lib/gcc/avr/4.3.3/avr5\libgcc.a(_clear_bss.o)
                              ./3_APP/User_Management/user_handling.o (__do_clear_bss)
a:/03- imt sdk/imt_sdk_win_64/winavr/bin/../lib/gcc/avr/4.3.3/../../../../avr/lib/avr5\libc.a(strcmp.o)
                              ./3_APP/User_Management/user_handling.o (strcmp)
a:/03- imt sdk/imt_sdk_win_64/winavr/bin/../lib/gcc/avr/4.3.3/../../../../avr/lib/avr5\libc.a(strcpy.o)
                              ./3_APP/User_Management/user_handling.o (strcpy)

Memory Configuration

Name             Origin             Length             Attributes
text             0x00000000         0x00020000         xr
data             0x00800060         0x0000ffa0         rw !x
eeprom           0x00810000         0x00010000         rw !x
fuse             0x00820000         0x00000400         rw !x
lock             0x00830000         0x00000400         rw !x
signature        0x00840000         0x00000400         rw !x
*default*        0x00000000         0xffffffff

Linker script and memory map

LOAD a:/03- imt sdk/imt_sdk_win_64/winavr/bin/../lib/gcc/avr/4.3.3/../../../../avr/lib/avr5/crtm32.o
LOAD ./3_APP/User_Management/user_handling.o
LOAD ./3_APP/Pass_check/pass.o
LOAD ./3_APP/Master_User/master.o
LOAD ./3_APP/App_1/App.o
LOAD ./2_HAL/Servo/Servo.o
LOAD ./2_HAL/LED/LED_CONFIG.o
LOAD ./2_HAL/LED/LED_PROGRAM.o
LOAD ./2_HAL/EEPROM/EEPROM_program.o
LOAD ./2_HAL/BUZZER/BUZ_program.o
LOAD ./1_MCAL/USART/USART_program.o
LOAD ./1_MCAL/TWI/TWI_program.o
LOAD ./1_MCAL/TIMER/TIMER_program.o
LOAD ./1_MCAL/GIE/GIE_program.o
LOAD ./1_MCAL/DIO/DIO_PROGRAM.o
LOAD a:/03- imt sdk/imt_sdk_win_64/winavr/bin/../lib/gcc/avr/4.3.3/avr5\libgcc.a
LOAD a:/03- imt sdk/imt_sdk_win_64/winavr/bin/../lib/gcc/avr/4.3.3/../../../../avr/lib/avr5\libc.a
LOAD a:/03- imt sdk/imt_sdk_win_64/winavr/bin/../lib/gcc/avr/4.3.3/avr5\libgcc.a

.hash
 *(.hash)

.dynsym
 *(.dynsym)

.dynstr
 *(.dynstr)

.gnu.version
 *(.gnu.version)

.gnu.version_d
 *(.gnu.version_d)

.gnu.version_r
 *(.gnu.version_r)

.rel.init
 *(.rel.init)

.rela.init
 *(.rela.init)

.rel.text
 *(.rel.text)
 *(.rel.text.*)
 *(.rel.gnu.linkonce.t*)

.rela.text
 *(.rela.text)
 *(.rela.text.*)
 *(.rela.gnu.linkonce.t*)

.rel.fini
 *(.rel.fini)

.rela.fini
 *(.rela.fini)

.rel.rodata
 *(.rel.rodata)
 *(.rel.rodata.*)
 *(.rel.gnu.linkonce.r*)

.rela.rodata
 *(.rela.rodata)
 *(.rela.rodata.*)
 *(.rela.gnu.linkonce.r*)

.rel.data
 *(.rel.data)
 *(.rel.data.*)
 *(.rel.gnu.linkonce.d*)

.rela.data
 *(.rela.data)
 *(.rela.data.*)
 *(.rela.gnu.linkonce.d*)

.rel.ctors
 *(.rel.ctors)

.rela.ctors
 *(.rela.ctors)

.rel.dtors
 *(.rel.dtors)

.rela.dtors
 *(.rela.dtors)

.rel.got
 *(.rel.got)

.rela.got
 *(.rela.got)

.rel.bss
 *(.rel.bss)

.rela.bss
 *(.rela.bss)

.rel.plt
 *(.rel.plt)

.rela.plt
 *(.rela.plt)

.text           0x00000000     0x28a8
 *(.vectors)
 .vectors       0x00000000       0x54 a:/03- imt sdk/imt_sdk_win_64/winavr/bin/../lib/gcc/avr/4.3.3/../../../../avr/lib/avr5/crtm32.o
                0x00000000                __vectors
                0x00000000                __vector_default
 *(.vectors)
 *(.progmem.gcc*)
 *(.progmem*)
                0x00000054                . = ALIGN (0x2)
                0x00000054                __trampolines_start = .
 *(.trampolines)
 .trampolines   0x00000054        0x0 linker stubs
 *(.trampolines*)
                0x00000054                __trampolines_end = .
 *(.jumptables)
 *(.jumptables*)
 *(.lowtext)
 *(.lowtext*)
                0x00000054                __ctors_start = .
 *(.ctors)
                0x00000054                __ctors_end = .
                0x00000054                __dtors_start = .
 *(.dtors)
                0x00000054                __dtors_end = .
 SORT(*)(.ctors)
 SORT(*)(.dtors)
 *(.init0)
 .init0         0x00000054        0x0 a:/03- imt sdk/imt_sdk_win_64/winavr/bin/../lib/gcc/avr/4.3.3/../../../../avr/lib/avr5/crtm32.o
                0x00000054                __init
 *(.init0)
 *(.init1)
 *(.init1)
 *(.init2)
 .init2         0x00000054        0xc a:/03- imt sdk/imt_sdk_win_64/winavr/bin/../lib/gcc/avr/4.3.3/../../../../avr/lib/avr5/crtm32.o
 *(.init2)
 *(.init3)
 *(.init3)
 *(.init4)
 .init4         0x00000060       0x16 a:/03- imt sdk/imt_sdk_win_64/winavr/bin/../lib/gcc/avr/4.3.3/avr5\libgcc.a(_copy_data.o)
                0x00000060                __do_copy_data
 .init4         0x00000076       0x10 a:/03- imt sdk/imt_sdk_win_64/winavr/bin/../lib/gcc/avr/4.3.3/avr5\libgcc.a(_clear_bss.o)
                0x00000076                __do_clear_bss
 *(.init4)
 *(.init5)
 *(.init5)
 *(.init6)
 *(.init6)
 *(.init7)
 *(.init7)
 *(.init8)
 *(.init8)
 *(.init9)
 .init9         0x00000086        0x8 a:/03- imt sdk/imt_sdk_win_64/winavr/bin/../lib/gcc/avr/4.3.3/../../../../avr/lib/avr5/crtm32.o
 *(.init9)
 *(.text)
 .text          0x0000008e        0x4 a:/03- imt sdk/imt_sdk_win_64/winavr/bin/../lib/gcc/avr/4.3.3/../../../../avr/lib/avr5/crtm32.o
                0x0000008e                __vector_1
                0x0000008e                __vector_12
                0x0000008e                __bad_interrupt
                0x0000008e                __vector_3
                0x0000008e                __vector_11
                0x0000008e                __vector_17
                0x0000008e                __vector_19
                0x0000008e                __vector_5
                0x0000008e                __vector_4
                0x0000008e                __vector_2
                0x0000008e                __vector_14
                0x0000008e                __vector_10
                0x0000008e                __vector_16
                0x0000008e                __vector_18
                0x0000008e                __vector_20
 .text          0x00000092        0x0 ./3_APP/User_Management/user_handling.o
 .text          0x00000092        0x0 ./3_APP/Pass_check/pass.o
 .text          0x00000092        0x0 ./3_APP/Master_User/master.o
 .text          0x00000092        0x0 ./3_APP/App_1/App.o
 .text          0x00000092        0x0 ./2_HAL/Servo/Servo.o
 .text          0x00000092        0x0 ./2_HAL/LED/LED_CONFIG.o
 .text          0x00000092        0x0 ./2_HAL/LED/LED_PROGRAM.o
 .text          0x00000092        0x0 ./2_HAL/EEPROM/EEPROM_program.o
 .text          0x00000092        0x0 ./2_HAL/BUZZER/BUZ_program.o
 .text          0x00000092        0x0 ./1_MCAL/USART/USART_program.o
 .text          0x00000092        0x0 ./1_MCAL/TWI/TWI_program.o
 .text          0x00000092        0x0 ./1_MCAL/TIMER/TIMER_program.o
 .text          0x00000092        0x0 ./1_MCAL/GIE/GIE_program.o
 .text          0x00000092        0x0 ./1_MCAL/DIO/DIO_PROGRAM.o
 .text          0x00000092        0x0 a:/03- imt sdk/imt_sdk_win_64/winavr/bin/../lib/gcc/avr/4.3.3/avr5\libgcc.a(_mulsi3.o)
 .text          0x00000092        0x0 a:/03- imt sdk/imt_sdk_win_64/winavr/bin/../lib/gcc/avr/4.3.3/avr5\libgcc.a(_udivmodsi4.o)
 .text          0x00000092        0x0 a:/03- imt sdk/imt_sdk_win_64/winavr/bin/../lib/gcc/avr/4.3.3/avr5\libgcc.a(_exit.o)
 .text          0x00000092        0x0 a:/03- imt sdk/imt_sdk_win_64/winavr/bin/../lib/gcc/avr/4.3.3/avr5\libgcc.a(_copy_data.o)
 .text          0x00000092        0x0 a:/03- imt sdk/imt_sdk_win_64/winavr/bin/../lib/gcc/avr/4.3.3/avr5\libgcc.a(_clear_bss.o)
 .text          0x00000092        0x0 a:/03- imt sdk/imt_sdk_win_64/winavr/bin/../lib/gcc/avr/4.3.3/../../../../avr/lib/avr5\libc.a(strcmp.o)
 .text          0x00000092        0x0 a:/03- imt sdk/imt_sdk_win_64/winavr/bin/../lib/gcc/avr/4.3.3/../../../../avr/lib/avr5\libc.a(strcpy.o)
                0x00000092                . = ALIGN (0x2)
 *(.text.*)
 .text.funn     0x00000092        0x8 ./3_APP/User_Management/user_handling.o
                0x00000092                funn
 .text.isFreeSlot
                0x0000009a       0x1a ./3_APP/User_Management/user_handling.o
                0x0000009a                isFreeSlot
 .text.eraseUser
                0x000000b4       0xca ./3_APP/User_Management/user_handling.o
                0x000000b4                eraseUser
 .text.removeUser
                0x0000017e       0x7a ./3_APP/User_Management/user_handling.o
                0x0000017e                removeUser
 .text.UsersList
                0x000001f8       0x48 ./3_APP/User_Management/user_handling.o
                0x000001f8                UsersList
 .text.isUserExist
                0x00000240       0xaa ./3_APP/User_Management/user_handling.o
                0x00000240                isUserExist
 .text.User_init
                0x000002ea      0x50e ./3_APP/User_Management/user_handling.o
                0x000002ea                User_init
 .text.editUser
                0x000007f8      0x1a6 ./3_APP/User_Management/user_handling.o
                0x000007f8                editUser
 .text.addNewUser
                0x0000099e      0x27c ./3_APP/User_Management/user_handling.o
                0x0000099e                addNewUser
 .text.function
                0x00000c1a        0x8 ./3_APP/Pass_check/pass.o
                0x00000c1a                function
 .text.checkPassword
                0x00000c22       0x28 ./3_APP/Pass_check/pass.o
                0x00000c22                checkPassword
 .text.findUserByUsername
                0x00000c4a       0x90 ./3_APP/Pass_check/pass.o
                0x00000c4a                findUserByUsername
 .text.get_passwoard
                0x00000cda       0x2a ./3_APP/Pass_check/pass.o
                0x00000cda                get_passwoard
 .text.get_Name
                0x00000d04       0x2a ./3_APP/Pass_check/pass.o
                0x00000d04                get_Name
 .text.check_pass_operation
                0x00000d2e      0x18a ./3_APP/Pass_check/pass.o
                0x00000d2e                check_pass_operation
 .text.fun      0x00000eb8        0x8 ./3_APP/Master_User/master.o
                0x00000eb8                fun
 .text.master_user_interface
                0x00000ec0      0x23e ./3_APP/Master_User/master.o
                0x00000ec0                master_user_interface
 .text.flag_func
                0x000010fe        0x8 ./3_APP/App_1/App.o
                0x000010fe                flag_func
 .text.led_control
                0x00001106      0x26a ./3_APP/App_1/App.o
                0x00001106                led_control
 .text.user_mode
                0x00001370       0x6e ./3_APP/App_1/App.o
                0x00001370                user_mode
 .text.system_init
                0x000013de       0x28 ./3_APP/App_1/App.o
                0x000013de                system_init
 .text.main     0x00001406      0x114 ./3_APP/App_1/App.o
                0x00001406                main
 .text.SERVO_SetAngle
                0x0000151a       0x30 ./2_HAL/Servo/Servo.o
                0x0000151a                SERVO_SetAngle
 .text.SERVO_Init
                0x0000154a       0x16 ./2_HAL/Servo/Servo.o
                0x0000154a                SERVO_Init
 .text.LED_EnuTurnOFF
                0x00001560       0x30 ./2_HAL/LED/LED_PROGRAM.o
                0x00001560                LED_EnuTurnOFF
 .text.LED_EnuTurnON
                0x00001590       0x30 ./2_HAL/LED/LED_PROGRAM.o
                0x00001590                LED_EnuTurnON
 .text.LED_EnuInit
                0x000015c0      0x2d6 ./2_HAL/LED/LED_PROGRAM.o
                0x000015c0                LED_EnuInit
 .text.EEPROM_u8ReadDataByte
                0x00001896       0x44 ./2_HAL/EEPROM/EEPROM_program.o
                0x00001896                EEPROM_u8ReadDataByte
 .text.EEPROM_voidSendDataByte
                0x000018da       0x30 ./2_HAL/EEPROM/EEPROM_program.o
                0x000018da                EEPROM_voidSendDataByte
 .text.EEPROM_voidInit
                0x0000190a       0x36 ./2_HAL/EEPROM/EEPROM_program.o
                0x0000190a                EEPROM_voidInit
 .text.EEPROM_voidSendFrame
                0x00001940       0x7a ./2_HAL/EEPROM/EEPROM_program.o
                0x00001940                EEPROM_voidSendFrame
 .text.EEPROM_voidReadFrame
                0x000019ba       0xa2 ./2_HAL/EEPROM/EEPROM_program.o
                0x000019ba                EEPROM_voidReadFrame
 .text.BUZ_voidToggle
                0x00001a5c        0xc ./2_HAL/BUZZER/BUZ_program.o
                0x00001a5c                BUZ_voidToggle
 .text.BUZ_voidOff
                0x00001a68       0x24 ./2_HAL/BUZZER/BUZ_program.o
                0x00001a68                BUZ_voidOff
 .text.BUZ_voidOn
                0x00001a8c       0x24 ./2_HAL/BUZZER/BUZ_program.o
                0x00001a8c                BUZ_voidOn
 .text.BUZ_voidInit
                0x00001ab0        0xe ./2_HAL/BUZZER/BUZ_program.o
                0x00001ab0                BUZ_voidInit
 .text.USART_voidInit
                0x00001abe       0x1c ./1_MCAL/USART/USART_program.o
                0x00001abe                USART_voidInit
 .text.USART_u8SendStringAsynch
                0x00001ada       0x40 ./1_MCAL/USART/USART_program.o
                0x00001ada                USART_u8SendStringAsynch
 .text.USART_u8ReceiveBufferAsynch
                0x00001b1a       0x3c ./1_MCAL/USART/USART_program.o
                0x00001b1a                USART_u8ReceiveBufferAsynch
 .text.USART_voidEnableTX
                0x00001b56        0x4 ./1_MCAL/USART/USART_program.o
                0x00001b56                USART_voidEnableTX
 .text.USART_voidEnableRX
                0x00001b5a        0x4 ./1_MCAL/USART/USART_program.o
                0x00001b5a                USART_voidEnableRX
 .text.USART_voidDisableTX
                0x00001b5e        0x4 ./1_MCAL/USART/USART_program.o
                0x00001b5e                USART_voidDisableTX
 .text.USART_voidDisableRX
                0x00001b62        0x4 ./1_MCAL/USART/USART_program.o
                0x00001b62                USART_voidDisableRX
 .text.__vector_13
                0x00001b66       0xa2 ./1_MCAL/USART/USART_program.o
                0x00001b66                __vector_13
 .text.__vector_15
                0x00001c08       0x7a ./1_MCAL/USART/USART_program.o
                0x00001c08                __vector_15
 .text.USART_voidClearBuffer
                0x00001c82        0x6 ./1_MCAL/USART/USART_program.o
                0x00001c82                USART_voidClearBuffer
 .text.USART_u8RecevieData
                0x00001c88       0x7c ./1_MCAL/USART/USART_program.o
                0x00001c88                USART_u8RecevieData
 .text.USART_u8SendData
                0x00001d04       0x78 ./1_MCAL/USART/USART_program.o
                0x00001d04                USART_u8SendData
 .text.USART_u8ReceiveBufferSynch
                0x00001d7c       0xee ./1_MCAL/USART/USART_program.o
                0x00001d7c                USART_u8ReceiveBufferSynch
 .text.USART_u8SendStringSynch
                0x00001e6a       0xbc ./1_MCAL/USART/USART_program.o
                0x00001e6a                USART_u8SendStringSynch
 .text.TWI_voidInitMaster
                0x00001f26       0x1e ./1_MCAL/TWI/TWI_program.o
                0x00001f26                TWI_voidInitMaster
 .text.TWI_voidInitSlave
                0x00001f44       0x12 ./1_MCAL/TWI/TWI_program.o
                0x00001f44                TWI_voidInitSlave
 .text.TWI_SendStartCondition
                0x00001f56       0x28 ./1_MCAL/TWI/TWI_program.o
                0x00001f56                TWI_SendStartCondition
 .text.TWI_SendRepeatedStart
                0x00001f7e       0x22 ./1_MCAL/TWI/TWI_program.o
                0x00001f7e                TWI_SendRepeatedStart
 .text.TWI_SendSlaveAddressWithWrite
                0x00001fa0       0x28 ./1_MCAL/TWI/TWI_program.o
                0x00001fa0                TWI_SendSlaveAddressWithWrite
 .text.TWI_SendSlaveAddressWithRead
                0x00001fc8       0x28 ./1_MCAL/TWI/TWI_program.o
                0x00001fc8                TWI_SendSlaveAddressWithRead
 .text.TWI_MasterWriteDataByte
                0x00001ff0       0x1e ./1_MCAL/TWI/TWI_program.o
                0x00001ff0                TWI_MasterWriteDataByte
 .text.TWI_MasterReadDataByteWithoutACK
                0x0000200e       0x20 ./1_MCAL/TWI/TWI_program.o
                0x0000200e                TWI_MasterReadDataByteWithoutACK
 .text.TWI_MasterReadDataByteWithACK
                0x0000202e       0x20 ./1_MCAL/TWI/TWI_program.o
                0x0000202e                TWI_MasterReadDataByteWithACK
 .text.TWI_SlaveWriteDataByte
                0x0000204e       0x1e ./1_MCAL/TWI/TWI_program.o
                0x0000204e                TWI_SlaveWriteDataByte
 .text.TWI_SlaveReadDataByte
                0x0000206c       0x22 ./1_MCAL/TWI/TWI_program.o
                0x0000206c                TWI_SlaveReadDataByte
 .text.TWI_SendStopCondition
                0x0000208e        0xe ./1_MCAL/TWI/TWI_program.o
                0x0000208e                TWI_SendStopCondition
 .text.TWI_voidDisableACK
                0x0000209c        0x8 ./1_MCAL/TWI/TWI_program.o
                0x0000209c                TWI_voidDisableACK
 .text.TWI_voidDisableTWI
                0x000020a4        0x8 ./1_MCAL/TWI/TWI_program.o
                0x000020a4                TWI_voidDisableTWI
 .text.TWI_voidEnableACK
                0x000020ac        0x8 ./1_MCAL/TWI/TWI_program.o
                0x000020ac                TWI_voidEnableACK
 .text.TWI_voidEnableTWI
                0x000020b4        0x8 ./1_MCAL/TWI/TWI_program.o
                0x000020b4                TWI_voidEnableTWI
 .text.TWI_SendACK
                0x000020bc       0x14 ./1_MCAL/TWI/TWI_program.o
                0x000020bc                TWI_SendACK
 .text.TWI_SendNACK
                0x000020d0       0x14 ./1_MCAL/TWI/TWI_program.o
                0x000020d0                TWI_SendNACK
 .text.TWI_u8SendFrame
                0x000020e4       0x86 ./1_MCAL/TWI/TWI_program.o
                0x000020e4                TWI_u8SendFrame
 .text.TIMER1_voidInit
                0x0000216a       0x70 ./1_MCAL/TIMER/TIMER_program.o
                0x0000216a                TIMER1_voidInit
 .text.TIMER1_voidSetPreload
                0x000021da        0x6 ./1_MCAL/TIMER/TIMER_program.o
                0x000021da                TIMER1_voidSetPreload
 .text.TIMER1_voidSetCTCA
                0x000021e0        0x6 ./1_MCAL/TIMER/TIMER_program.o
                0x000021e0                TIMER1_voidSetCTCA
 .text.TIMER1_voidSetCTCB
                0x000021e6        0x6 ./1_MCAL/TIMER/TIMER_program.o
                0x000021e6                TIMER1_voidSetCTCB
 .text.TIMER1_voidSetICR1
                0x000021ec        0x6 ./1_MCAL/TIMER/TIMER_program.o
                0x000021ec                TIMER1_voidSetICR1
 .text.TIMER1_u16GetTimerCounterValue
                0x000021f2        0x8 ./1_MCAL/TIMER/TIMER_program.o
                0x000021f2                TIMER1_u16GetTimerCounterValue
 .text.TIMER_voidSetPWM
                0x000021fa        0x6 ./1_MCAL/TIMER/TIMER_program.o
                0x000021fa                TIMER_voidSetPWM
 .text.TIMER_voidICUInitEnable
                0x00002200        0xe ./1_MCAL/TIMER/TIMER_program.o
                0x00002200                TIMER_voidICUInitEnable
 .text.TIMER_voidICUSetTriggerEdge
                0x0000220e       0x20 ./1_MCAL/TIMER/TIMER_program.o
                0x0000220e                TIMER_voidICUSetTriggerEdge
 .text.TIMER_voidICUEnableInterrupt
                0x0000222e        0x8 ./1_MCAL/TIMER/TIMER_program.o
                0x0000222e                TIMER_voidICUEnableInterrupt
 .text.TIMER_voidICUDisableInterrupt
                0x00002236        0x8 ./1_MCAL/TIMER/TIMER_program.o
                0x00002236                TIMER_voidICUDisableInterrupt
 .text.Timer1_OVF_InterruptEnable
                0x0000223e        0x8 ./1_MCAL/TIMER/TIMER_program.o
                0x0000223e                Timer1_OVF_InterruptEnable
 .text.Timer1_OVF_InterruptDisable
                0x00002246        0x8 ./1_MCAL/TIMER/TIMER_program.o
                0x00002246                Timer1_OVF_InterruptDisable
 .text.Timer1_OCA_InterruptEnable
                0x0000224e        0x8 ./1_MCAL/TIMER/TIMER_program.o
                0x0000224e                Timer1_OCA_InterruptEnable
 .text.Timer1_OCA_InterruptDisable
                0x00002256        0x8 ./1_MCAL/TIMER/TIMER_program.o
                0x00002256                Timer1_OCA_InterruptDisable
 .text.Timer1_OCB_InterruptEnable
                0x0000225e        0x8 ./1_MCAL/TIMER/TIMER_program.o
                0x0000225e                Timer1_OCB_InterruptEnable
 .text.Timer1_OCB_InterruptDisable
                0x00002266        0x8 ./1_MCAL/TIMER/TIMER_program.o
                0x00002266                Timer1_OCB_InterruptDisable
 .text.TIMER_u16GetICR
                0x0000226e        0x8 ./1_MCAL/TIMER/TIMER_program.o
                0x0000226e                TIMER_u16GetICR
 .text.TIMER_u8SetCallBack
                0x00002276       0x1c ./1_MCAL/TIMER/TIMER_program.o
                0x00002276                TIMER_u8SetCallBack
 .text.__vector_9
                0x00002292       0x52 ./1_MCAL/TIMER/TIMER_program.o
                0x00002292                __vector_9
 .text.__vector_8
                0x000022e4       0x52 ./1_MCAL/TIMER/TIMER_program.o
                0x000022e4                __vector_8
 .text.__vector_7
                0x00002336       0x52 ./1_MCAL/TIMER/TIMER_program.o
                0x00002336                __vector_7
 .text.__vector_6
                0x00002388       0x52 ./1_MCAL/TIMER/TIMER_program.o
                0x00002388                __vector_6
 .text.GIE_VoidEnable
                0x000023da        0x8 ./1_MCAL/GIE/GIE_program.o
                0x000023da                GIE_VoidEnable
 .text.GIE_VoidDisable
                0x000023e2        0x8 ./1_MCAL/GIE/GIE_program.o
                0x000023e2                GIE_VoidDisable
 .text.DIO_Enu_Init
                0x000023ea       0x1a ./1_MCAL/DIO/DIO_PROGRAM.o
                0x000023ea                DIO_Enu_Init
 .text.DIO_Enu_SetPortDirection
                0x00002404       0x34 ./1_MCAL/DIO/DIO_PROGRAM.o
                0x00002404                DIO_Enu_SetPortDirection
 .text.DIO_Enu_SetPortValue
                0x00002438       0x34 ./1_MCAL/DIO/DIO_PROGRAM.o
                0x00002438                DIO_Enu_SetPortValue
 .text.DIO_Enu_SetPinDirection
                0x0000246c       0xd2 ./1_MCAL/DIO/DIO_PROGRAM.o
                0x0000246c                DIO_Enu_SetPinDirection
 .text.DIO_Enu_SetPinValue
                0x0000253e       0xd2 ./1_MCAL/DIO/DIO_PROGRAM.o
                0x0000253e                DIO_Enu_SetPinValue
 .text.DIO_Enu_TogPortValue
                0x00002610       0x44 ./1_MCAL/DIO/DIO_PROGRAM.o
                0x00002610                DIO_Enu_TogPortValue
 .text.DIO_Enu_TogPinValue
                0x00002654       0x7c ./1_MCAL/DIO/DIO_PROGRAM.o
                0x00002654                DIO_Enu_TogPinValue
 .text.DIO_Enu_GetPortValue
                0x000026d0       0x46 ./1_MCAL/DIO/DIO_PROGRAM.o
                0x000026d0                DIO_Enu_GetPortValue
 .text.DIO_Enu_GetPinValue
                0x00002716       0x4e ./1_MCAL/DIO/DIO_PROGRAM.o
                0x00002716                DIO_Enu_GetPinValue
 .text.DIO_Enu_WriteHighNibbles
                0x00002764       0x50 ./1_MCAL/DIO/DIO_PROGRAM.o
                0x00002764                DIO_Enu_WriteHighNibbles
 .text.DIO_Enu_WriteLowNibbles
                0x000027b4       0x4e ./1_MCAL/DIO/DIO_PROGRAM.o
                0x000027b4                DIO_Enu_WriteLowNibbles
 .text.libgcc   0x00002802       0x3e a:/03- imt sdk/imt_sdk_win_64/winavr/bin/../lib/gcc/avr/4.3.3/avr5\libgcc.a(_mulsi3.o)
                0x00002802                __mulsi3
 .text.libgcc   0x00002840       0x44 a:/03- imt sdk/imt_sdk_win_64/winavr/bin/../lib/gcc/avr/4.3.3/avr5\libgcc.a(_udivmodsi4.o)
                0x00002840                __udivmodsi4
 .text.libgcc   0x00002884        0x0 a:/03- imt sdk/imt_sdk_win_64/winavr/bin/../lib/gcc/avr/4.3.3/avr5\libgcc.a(_exit.o)
 .text.libgcc   0x00002884        0x0 a:/03- imt sdk/imt_sdk_win_64/winavr/bin/../lib/gcc/avr/4.3.3/avr5\libgcc.a(_copy_data.o)
 .text.libgcc   0x00002884        0x0 a:/03- imt sdk/imt_sdk_win_64/winavr/bin/../lib/gcc/avr/4.3.3/avr5\libgcc.a(_clear_bss.o)
 .text.avr-libc
                0x00002884       0x12 a:/03- imt sdk/imt_sdk_win_64/winavr/bin/../lib/gcc/avr/4.3.3/../../../../avr/lib/avr5\libc.a(strcmp.o)
                0x00002884                strcmp
 .text.avr-libc
                0x00002896        0xe a:/03- imt sdk/imt_sdk_win_64/winavr/bin/../lib/gcc/avr/4.3.3/../../../../avr/lib/avr5\libc.a(strcpy.o)
                0x00002896                strcpy
                0x000028a4                . = ALIGN (0x2)
 *(.fini9)
 .fini9         0x000028a4        0x0 a:/03- imt sdk/imt_sdk_win_64/winavr/bin/../lib/gcc/avr/4.3.3/avr5\libgcc.a(_exit.o)
                0x000028a4                exit
                0x000028a4                _exit
 *(.fini9)
 *(.fini8)
 *(.fini8)
 *(.fini7)
 *(.fini7)
 *(.fini6)
 *(.fini6)
 *(.fini5)
 *(.fini5)
 *(.fini4)
 *(.fini4)
 *(.fini3)
 *(.fini3)
 *(.fini2)
 *(.fini2)
 *(.fini1)
 *(.fini1)
 *(.fini0)
 .fini0         0x000028a4        0x4 a:/03- imt sdk/imt_sdk_win_64/winavr/bin/../lib/gcc/avr/4.3.3/avr5\libgcc.a(_exit.o)
 *(.fini0)
                0x000028a8                _etext = .

.data           0x00800060      0x720 load address 0x000028a8
                0x00800060                PROVIDE (__data_start, .)
 *(.data)
 .data          0x00800060        0x0 a:/03- imt sdk/imt_sdk_win_64/winavr/bin/../lib/gcc/avr/4.3.3/../../../../avr/lib/avr5/crtm32.o
 .data          0x00800060      0x128 ./3_APP/User_Management/user_handling.o
 .data          0x00800188       0x83 ./3_APP/Pass_check/pass.o
 .data          0x0080020b      0x148 ./3_APP/Master_User/master.o
 .data          0x00800353      0x378 ./3_APP/App_1/App.o
 .data          0x008006cb        0x0 ./2_HAL/Servo/Servo.o
 .data          0x008006cb        0x0 ./2_HAL/LED/LED_CONFIG.o
 .data          0x008006cb        0x0 ./2_HAL/LED/LED_PROGRAM.o
 .data          0x008006cb        0x0 ./2_HAL/EEPROM/EEPROM_program.o
 .data          0x008006cb        0x0 ./2_HAL/BUZZER/BUZ_program.o
 .data          0x008006cb        0x0 ./1_MCAL/USART/USART_program.o
 .data          0x008006cb        0x0 ./1_MCAL/TWI/TWI_program.o
 .data          0x008006cb        0x0 ./1_MCAL/TIMER/TIMER_program.o
 .data          0x008006cb        0x0 ./1_MCAL/GIE/GIE_program.o
 .data          0x008006cb        0x0 ./1_MCAL/DIO/DIO_PROGRAM.o
 .data          0x008006cb        0x0 a:/03- imt sdk/imt_sdk_win_64/winavr/bin/../lib/gcc/avr/4.3.3/avr5\libgcc.a(_mulsi3.o)
 .data          0x008006cb        0x0 a:/03- imt sdk/imt_sdk_win_64/winavr/bin/../lib/gcc/avr/4.3.3/avr5\libgcc.a(_udivmodsi4.o)
 .data          0x008006cb        0x0 a:/03- imt sdk/imt_sdk_win_64/winavr/bin/../lib/gcc/avr/4.3.3/avr5\libgcc.a(_exit.o)
 .data          0x008006cb        0x0 a:/03- imt sdk/imt_sdk_win_64/winavr/bin/../lib/gcc/avr/4.3.3/avr5\libgcc.a(_copy_data.o)
 .data          0x008006cb        0x0 a:/03- imt sdk/imt_sdk_win_64/winavr/bin/../lib/gcc/avr/4.3.3/avr5\libgcc.a(_clear_bss.o)
 .data          0x008006cb        0x0 a:/03- imt sdk/imt_sdk_win_64/winavr/bin/../lib/gcc/avr/4.3.3/../../../../avr/lib/avr5\libc.a(strcmp.o)
 .data          0x008006cb        0x0 a:/03- imt sdk/imt_sdk_win_64/winavr/bin/../lib/gcc/avr/4.3.3/../../../../avr/lib/avr5\libc.a(strcpy.o)
 *(.data*)
 .data.userSlots
                0x008006cb        0x1 ./3_APP/User_Management/user_handling.o
                0x008006cb                userSlots
 .data.FLAG     0x008006cc        0x1 ./3_APP/User_Management/user_handling.o
                0x008006cc                FLAG
 .data.FLAG_ADDRESS
                0x008006cd        0x2 ./3_APP/User_Management/user_handling.o
                0x008006cd                FLAG_ADDRESS
 .data.USER_ONE
                0x008006cf       0x18 ./3_APP/User_Management/user_handling.o
                0x008006cf                USER_ONE
 .data.USER_TWO
                0x008006e7       0x18 ./3_APP/User_Management/user_handling.o
                0x008006e7                USER_TWO
 .data.USER_THREE
                0x008006ff       0x18 ./3_APP/User_Management/user_handling.o
                0x008006ff                USER_THREE
 .data.USER_FOUR
                0x00800717       0x18 ./3_APP/User_Management/user_handling.o
                0x00800717                USER_FOUR
 .data.USER_FIVE
                0x0080072f       0x18 ./3_APP/User_Management/user_handling.o
                0x0080072f                USER_FIVE
 .data.dbAccounts
                0x00800747       0x14 ./3_APP/User_Management/user_handling.o
                0x00800747                dbAccounts
 .data.BUZ      0x0080075b        0x3 ./3_APP/App_1/App.o
                0x0080075b                BUZ
 .data.LED_Arr_Str_LedConfig
                0x0080075e       0x20 ./2_HAL/LED/LED_CONFIG.o
                0x0080075e                LED_Arr_Str_LedConfig
 .data.USART_u8State
                0x0080077e        0x1 ./1_MCAL/USART/USART_program.o
 *(.rodata)
 *(.rodata*)
 *(.gnu.linkonce.d*)
                0x00800780                . = ALIGN (0x2)
 *fill*         0x0080077f        0x1 00
                0x00800780                _edata = .
                0x00800780                PROVIDE (__data_end, .)

.bss            0x00800780       0x46
                0x00800780                PROVIDE (__bss_start, .)
 *(.bss)
 .bss           0x00800780        0x0 a:/03- imt sdk/imt_sdk_win_64/winavr/bin/../lib/gcc/avr/4.3.3/../../../../avr/lib/avr5/crtm32.o
 .bss           0x00800780        0x0 ./3_APP/User_Management/user_handling.o
 .bss           0x00800780        0x0 ./3_APP/Pass_check/pass.o
 .bss           0x00800780        0x0 ./3_APP/Master_User/master.o
 .bss           0x00800780        0x0 ./3_APP/App_1/App.o
 .bss           0x00800780        0x0 ./2_HAL/Servo/Servo.o
 .bss           0x00800780        0x0 ./2_HAL/LED/LED_CONFIG.o
 .bss           0x00800780        0x0 ./2_HAL/LED/LED_PROGRAM.o
 .bss           0x00800780        0x0 ./2_HAL/EEPROM/EEPROM_program.o
 .bss           0x00800780        0x0 ./2_HAL/BUZZER/BUZ_program.o
 .bss           0x00800780        0x0 ./1_MCAL/USART/USART_program.o
 .bss           0x00800780        0x0 ./1_MCAL/TWI/TWI_program.o
 .bss           0x00800780        0x0 ./1_MCAL/TIMER/TIMER_program.o
 .bss           0x00800780        0x0 ./1_MCAL/GIE/GIE_program.o
 .bss           0x00800780        0x0 ./1_MCAL/DIO/DIO_PROGRAM.o
 .bss           0x00800780        0x0 a:/03- imt sdk/imt_sdk_win_64/winavr/bin/../lib/gcc/avr/4.3.3/avr5\libgcc.a(_mulsi3.o)
 .bss           0x00800780        0x0 a:/03- imt sdk/imt_sdk_win_64/winavr/bin/../lib/gcc/avr/4.3.3/avr5\libgcc.a(_udivmodsi4.o)
 .bss           0x00800780        0x0 a:/03- imt sdk/imt_sdk_win_64/winavr/bin/../lib/gcc/avr/4.3.3/avr5\libgcc.a(_exit.o)
 .bss           0x00800780        0x0 a:/03- imt sdk/imt_sdk_win_64/winavr/bin/../lib/gcc/avr/4.3.3/avr5\libgcc.a(_copy_data.o)
 .bss           0x00800780        0x0 a:/03- imt sdk/imt_sdk_win_64/winavr/bin/../lib/gcc/avr/4.3.3/avr5\libgcc.a(_clear_bss.o)
 .bss           0x00800780        0x0 a:/03- imt sdk/imt_sdk_win_64/winavr/bin/../lib/gcc/avr/4.3.3/../../../../avr/lib/avr5\libc.a(strcmp.o)
 .bss           0x00800780        0x0 a:/03- imt sdk/imt_sdk_win_64/winavr/bin/../lib/gcc/avr/4.3.3/../../../../avr/lib/avr5\libc.a(strcpy.o)
 *(.bss*)
 .bss.ret       0x00800780        0x1 ./3_APP/User_Management/user_handling.o
                0x00800780                ret
 .bss.ff        0x00800781        0x1 ./3_APP/User_Management/user_handling.o
                0x00800781                ff
 .bss.NumberOfRegistars
                0x00800782        0x1 ./3_APP/User_Management/user_handling.o
 .bss.z         0x00800783        0x1 ./3_APP/Pass_check/pass.o
                0x00800783                z
 .bss.get_name  0x00800784        0xa ./3_APP/Pass_check/pass.o
                0x00800784                get_name
 .bss.get_pass  0x0080078e        0xa ./3_APP/Pass_check/pass.o
                0x0080078e                get_pass
 .bss.operation
                0x00800798        0x2 ./3_APP/Master_User/master.o
                0x00800798                operation
 .bss.user      0x0080079a        0x2 ./3_APP/Master_User/master.o
                0x0080079a                user
 .bss.flag      0x0080079c        0x1 ./3_APP/Master_User/master.o
                0x0080079c                flag
 .bss.flag_1    0x0080079d        0x1 ./3_APP/App_1/App.o
                0x0080079d                flag_1
 .bss.USART_pu8SendData
                0x0080079e        0x2 ./1_MCAL/USART/USART_program.o
 .bss.USART_pvNotificationFunc
                0x008007a0        0x2 ./1_MCAL/USART/USART_program.o
 .bss.USART_pu8ReceiveData
                0x008007a2        0x2 ./1_MCAL/USART/USART_program.o
 .bss.USART_u8BufferSize
                0x008007a4        0x1 ./1_MCAL/USART/USART_program.o
 .bss.USART_u8Index
                0x008007a5        0x1 ./1_MCAL/USART/USART_program.o
 .bss.TIMERS_pvCallBackFunc
                0x008007a6       0x20 ./1_MCAL/TIMER/TIMER_program.o
 *(COMMON)
                0x008007c6                PROVIDE (__bss_end, .)
                0x000028a8                __data_load_start = LOADADDR (.data)
                0x00002fc8                __data_load_end = (__data_load_start + SIZEOF (.data))

.noinit         0x008007c6        0x0
                0x008007c6                PROVIDE (__noinit_start, .)
 *(.noinit*)
                0x008007c6                PROVIDE (__noinit_end, .)
                0x008007c6                _end = .
                0x008007c6                PROVIDE (__heap_start, .)

.eeprom         0x00810000        0x0
 *(.eeprom*)
                0x00810000                __eeprom_end = .

.fuse
 *(.fuse)
 *(.lfuse)
 *(.hfuse)
 *(.efuse)

.lock
 *(.lock*)

.signature
 *(.signature*)

.stab
 *(.stab)

.stabstr
 *(.stabstr)

.stab.excl
 *(.stab.excl)

.stab.exclstr
 *(.stab.exclstr)

.stab.index
 *(.stab.index)

.stab.indexstr
 *(.stab.indexstr)

.comment
 *(.comment)

.debug
 *(.debug)

.line
 *(.line)

.debug_srcinfo
 *(.debug_srcinfo)

.debug_sfnames
 *(.debug_sfnames)

.debug_aranges  0x00000000      0x480
 *(.debug_aranges)
 .debug_aranges
                0x00000000       0x60 ./3_APP/User_Management/user_handling.o
 .debug_aranges
                0x00000060       0x48 ./3_APP/Pass_check/pass.o
 .debug_aranges
                0x000000a8       0x28 ./3_APP/Master_User/master.o
 .debug_aranges
                0x000000d0       0x40 ./3_APP/App_1/App.o
 .debug_aranges
                0x00000110       0x28 ./2_HAL/Servo/Servo.o
 .debug_aranges
                0x00000138       0x30 ./2_HAL/LED/LED_PROGRAM.o
 .debug_aranges
                0x00000168       0x40 ./2_HAL/EEPROM/EEPROM_program.o
 .debug_aranges
                0x000001a8       0x38 ./2_HAL/BUZZER/BUZ_program.o
 .debug_aranges
                0x000001e0       0x88 ./1_MCAL/USART/USART_program.o
 .debug_aranges
                0x00000268       0xb0 ./1_MCAL/TWI/TWI_program.o
 .debug_aranges
                0x00000318       0xd0 ./1_MCAL/TIMER/TIMER_program.o
 .debug_aranges
                0x000003e8       0x28 ./1_MCAL/GIE/GIE_program.o
 .debug_aranges
                0x00000410       0x70 ./1_MCAL/DIO/DIO_PROGRAM.o

.debug_pubnames
                0x00000000      0xb1e
 *(.debug_pubnames)
 .debug_pubnames
                0x00000000      0x11a ./3_APP/User_Management/user_handling.o
 .debug_pubnames
                0x0000011a       0xa0 ./3_APP/Pass_check/pass.o
 .debug_pubnames
                0x000001ba       0x54 ./3_APP/Master_User/master.o
 .debug_pubnames
                0x0000020e       0x6a ./3_APP/App_1/App.o
 .debug_pubnames
                0x00000278       0x34 ./2_HAL/Servo/Servo.o
 .debug_pubnames
                0x000002ac       0x2c ./2_HAL/LED/LED_CONFIG.o
 .debug_pubnames
                0x000002d8       0x47 ./2_HAL/LED/LED_PROGRAM.o
 .debug_pubnames
                0x0000031f       0x8e ./2_HAL/EEPROM/EEPROM_program.o
 .debug_pubnames
                0x000003ad       0x55 ./2_HAL/BUZZER/BUZ_program.o
 .debug_pubnames
                0x00000402      0x162 ./1_MCAL/USART/USART_program.o
 .debug_pubnames
                0x00000564      0x1f8 ./1_MCAL/TWI/TWI_program.o
 .debug_pubnames
                0x0000075c      0x261 ./1_MCAL/TIMER/TIMER_program.o
 .debug_pubnames
                0x000009bd       0x39 ./1_MCAL/GIE/GIE_program.o
 .debug_pubnames
                0x000009f6      0x128 ./1_MCAL/DIO/DIO_PROGRAM.o

.debug_info     0x00000000     0x28d5
 *(.debug_info)
 .debug_info    0x00000000      0x55e ./3_APP/User_Management/user_handling.o
 .debug_info    0x0000055e      0x2cd ./3_APP/Pass_check/pass.o
 .debug_info    0x0000082b      0x1cf ./3_APP/Master_User/master.o
 .debug_info    0x000009fa      0x3e1 ./3_APP/App_1/App.o
 .debug_info    0x00000ddb       0xbd ./2_HAL/Servo/Servo.o
 .debug_info    0x00000e98       0xee ./2_HAL/LED/LED_CONFIG.o
 .debug_info    0x00000f86      0x1e7 ./2_HAL/LED/LED_PROGRAM.o
 .debug_info    0x0000116d      0x3a7 ./2_HAL/EEPROM/EEPROM_program.o
 .debug_info    0x00001514      0x161 ./2_HAL/BUZZER/BUZ_program.o
 .debug_info    0x00001675      0x509 ./1_MCAL/USART/USART_program.o
 .debug_info    0x00001b7e      0x4e0 ./1_MCAL/TWI/TWI_program.o
 .debug_info    0x0000205e      0x3d2 ./1_MCAL/TIMER/TIMER_program.o
 .debug_info    0x00002430       0x9f ./1_MCAL/GIE/GIE_program.o
 .debug_info    0x000024cf      0x406 ./1_MCAL/DIO/DIO_PROGRAM.o
 *(.gnu.linkonce.wi.*)

.debug_abbrev   0x00000000     0x10ab
 *(.debug_abbrev)
 .debug_abbrev  0x00000000      0x230 ./3_APP/User_Management/user_handling.o
 .debug_abbrev  0x00000230      0x1cc ./3_APP/Pass_check/pass.o
 .debug_abbrev  0x000003fc       0xd7 ./3_APP/Master_User/master.o
 .debug_abbrev  0x000004d3      0x1ef ./3_APP/App_1/App.o
 .debug_abbrev  0x000006c2       0x69 ./2_HAL/Servo/Servo.o
 .debug_abbrev  0x0000072b       0x81 ./2_HAL/LED/LED_CONFIG.o
 .debug_abbrev  0x000007ac       0xd8 ./2_HAL/LED/LED_PROGRAM.o
 .debug_abbrev  0x00000884      0x17e ./2_HAL/EEPROM/EEPROM_program.o
 .debug_abbrev  0x00000a02       0xaa ./2_HAL/BUZZER/BUZ_program.o
 .debug_abbrev  0x00000aac      0x1b0 ./1_MCAL/USART/USART_program.o
 .debug_abbrev  0x00000c5c      0x1e6 ./1_MCAL/TWI/TWI_program.o
 .debug_abbrev  0x00000e42      0x129 ./1_MCAL/TIMER/TIMER_program.o
 .debug_abbrev  0x00000f6b       0x36 ./1_MCAL/GIE/GIE_program.o
 .debug_abbrev  0x00000fa1      0x10a ./1_MCAL/DIO/DIO_PROGRAM.o

.debug_line     0x00000000     0x3365
 *(.debug_line)
 .debug_line    0x00000000      0x5c3 ./3_APP/User_Management/user_handling.o
 .debug_line    0x000005c3      0x2e0 ./3_APP/Pass_check/pass.o
 .debug_line    0x000008a3      0x318 ./3_APP/Master_User/master.o
 .debug_line    0x00000bbb      0x68f ./3_APP/App_1/App.o
 .debug_line    0x0000124a       0xe2 ./2_HAL/Servo/Servo.o
 .debug_line    0x0000132c       0x9f ./2_HAL/LED/LED_CONFIG.o
 .debug_line    0x000013cb      0x416 ./2_HAL/LED/LED_PROGRAM.o
 .debug_line    0x000017e1      0x346 ./2_HAL/EEPROM/EEPROM_program.o
 .debug_line    0x00001b27      0x151 ./2_HAL/BUZZER/BUZ_program.o
 .debug_line    0x00001c78      0x6b1 ./1_MCAL/USART/USART_program.o
 .debug_line    0x00002329      0x551 ./1_MCAL/TWI/TWI_program.o
 .debug_line    0x0000287a      0x4e9 ./1_MCAL/TIMER/TIMER_program.o
 .debug_line    0x00002d63       0xa1 ./1_MCAL/GIE/GIE_program.o
 .debug_line    0x00002e04      0x561 ./1_MCAL/DIO/DIO_PROGRAM.o

.debug_frame    0x00000000      0x760
 *(.debug_frame)
 .debug_frame   0x00000000       0xa0 ./3_APP/User_Management/user_handling.o
 .debug_frame   0x000000a0       0x70 ./3_APP/Pass_check/pass.o
 .debug_frame   0x00000110       0x30 ./3_APP/Master_User/master.o
 .debug_frame   0x00000140       0x60 ./3_APP/App_1/App.o
 .debug_frame   0x000001a0       0x30 ./2_HAL/Servo/Servo.o
 .debug_frame   0x000001d0       0x40 ./2_HAL/LED/LED_PROGRAM.o
 .debug_frame   0x00000210       0x60 ./2_HAL/EEPROM/EEPROM_program.o
 .debug_frame   0x00000270       0x50 ./2_HAL/BUZZER/BUZ_program.o
 .debug_frame   0x000002c0       0xf0 ./1_MCAL/USART/USART_program.o
 .debug_frame   0x000003b0      0x140 ./1_MCAL/TWI/TWI_program.o
 .debug_frame   0x000004f0      0x180 ./1_MCAL/TIMER/TIMER_program.o
 .debug_frame   0x00000670       0x30 ./1_MCAL/GIE/GIE_program.o
 .debug_frame   0x000006a0       0xc0 ./1_MCAL/DIO/DIO_PROGRAM.o

.debug_str      0x00000000      0xfe3
 *(.debug_str)
 .debug_str     0x00000000      0x1e3 ./3_APP/User_Management/user_handling.o
                                0x223 (size before relaxing)
 .debug_str     0x000001e3       0x9a ./3_APP/Pass_check/pass.o
                                0x1b6 (size before relaxing)
 .debug_str     0x0000027d       0x39 ./3_APP/Master_User/master.o
                                0x195 (size before relaxing)
 .debug_str     0x000002b6      0x110 ./3_APP/App_1/App.o
                                0x1e9 (size before relaxing)
 .debug_str     0x000003c6       0x37 ./2_HAL/Servo/Servo.o
                                0x103 (size before relaxing)
 .debug_str     0x000003fd       0x1a ./2_HAL/LED/LED_CONFIG.o
                                0x13c (size before relaxing)
 .debug_str     0x00000417      0x11a ./2_HAL/LED/LED_PROGRAM.o
                                0x226 (size before relaxing)
 .debug_str     0x00000531      0x105 ./2_HAL/EEPROM/EEPROM_program.o
                                0x21a (size before relaxing)
 .debug_str     0x00000636       0x63 ./2_HAL/BUZZER/BUZ_program.o
                                0x14a (size before relaxing)
 .debug_str     0x00000699      0x244 ./1_MCAL/USART/USART_program.o
                                0x3b1 (size before relaxing)
 .debug_str     0x000008dd      0x2c2 ./1_MCAL/TWI/TWI_program.o
                                0x3a4 (size before relaxing)
 .debug_str     0x00000b9f      0x2b9 ./1_MCAL/TIMER/TIMER_program.o
                                0x422 (size before relaxing)
 .debug_str     0x00000e58       0x3b ./1_MCAL/GIE/GIE_program.o
                                0x107 (size before relaxing)
 .debug_str     0x00000e93      0x150 ./1_MCAL/DIO/DIO_PROGRAM.o
                                0x2a6 (size before relaxing)

.debug_loc      0x00000000     0x174f
 *(.debug_loc)
 .debug_loc     0x00000000      0x2de ./3_APP/User_Management/user_handling.o
 .debug_loc     0x000002de       0xb4 ./3_APP/Pass_check/pass.o
 .debug_loc     0x00000392       0x60 ./3_APP/App_1/App.o
 .debug_loc     0x000003f2       0x49 ./2_HAL/Servo/Servo.o
 .debug_loc     0x0000043b      0x182 ./2_HAL/LED/LED_PROGRAM.o
 .debug_loc     0x000005bd      0x1c6 ./2_HAL/EEPROM/EEPROM_program.o
 .debug_loc     0x00000783       0xc0 ./2_HAL/BUZZER/BUZ_program.o
 .debug_loc     0x00000843      0x52a ./1_MCAL/USART/USART_program.o
 .debug_loc     0x00000d6d      0x26d ./1_MCAL/TWI/TWI_program.o
 .debug_loc     0x00000fda       0xc6 ./1_MCAL/TIMER/TIMER_program.o
 .debug_loc     0x000010a0      0x6af ./1_MCAL/DIO/DIO_PROGRAM.o

.debug_macinfo
 *(.debug_macinfo)
OUTPUT(Final_Controlled_Home.elf elf32-avr)
LOAD linker stubs

.debug_ranges   0x00000000      0x6b8
 .debug_ranges  0x00000000       0xa0 ./3_APP/User_Management/user_handling.o
 .debug_ranges  0x000000a0       0xa0 ./3_APP/Pass_check/pass.o
 .debug_ranges  0x00000140       0x20 ./3_APP/Master_User/master.o
 .debug_ranges  0x00000160       0xc8 ./3_APP/App_1/App.o
 .debug_ranges  0x00000228       0x20 ./2_HAL/Servo/Servo.o
 .debug_ranges  0x00000248       0x50 ./2_HAL/LED/LED_PROGRAM.o
 .debug_ranges  0x00000298       0xf8 ./2_HAL/EEPROM/EEPROM_program.o
 .debug_ranges  0x00000390       0x30 ./2_HAL/BUZZER/BUZ_program.o
 .debug_ranges  0x000003c0      0x100 ./1_MCAL/USART/USART_program.o
 .debug_ranges  0x000004c0       0xa8 ./1_MCAL/TWI/TWI_program.o
 .debug_ranges  0x00000568       0xc8 ./1_MCAL/TIMER/TIMER_program.o
 .debug_ranges  0x00000630       0x20 ./1_MCAL/GIE/GIE_program.o
 .debug_ranges  0x00000650       0x68 ./1_MCAL/DIO/DIO_PROGRAM.o
