Archive member included because of file (symbol)

a:/03- imt sdk/imt_sdk_win_64/winavr/bin/../lib/gcc/avr/4.3.3/avr5\libgcc.a(_exit.o)
                              a:/03- imt sdk/imt_sdk_win_64/winavr/bin/../lib/gcc/avr/4.3.3/../../../../avr/lib/avr5/crtm32.o (exit)
a:/03- imt sdk/imt_sdk_win_64/winavr/bin/../lib/gcc/avr/4.3.3/avr5\libgcc.a(_copy_data.o)
                              ./3_APP/App_1/App.o (__do_copy_data)
a:/03- imt sdk/imt_sdk_win_64/winavr/bin/../lib/gcc/avr/4.3.3/avr5\libgcc.a(_clear_bss.o)
                              ./3_APP/App_1/App.o (__do_clear_bss)
a:/03- imt sdk/imt_sdk_win_64/winavr/bin/../lib/gcc/avr/4.3.3/avr5\libgcc.a(_ashldi3.o)
                              ./2_HAL/LCD/LCD_PROGRAME.o (__ashldi3)
a:/03- imt sdk/imt_sdk_win_64/winavr/bin/../lib/gcc/avr/4.3.3/avr5\libgcc.a(_divdi3.o)
                              ./2_HAL/LCD/LCD_PROGRAME.o (__divdi3)
a:/03- imt sdk/imt_sdk_win_64/winavr/bin/../lib/gcc/avr/4.3.3/avr5\libgcc.a(_moddi3.o)
                              ./2_HAL/LCD/LCD_PROGRAME.o (__moddi3)
a:/03- imt sdk/imt_sdk_win_64/winavr/bin/../lib/gcc/avr/4.3.3/avr5\libgcc.a(_udivdi3.o)
                              ./2_HAL/LCD/LCD_PROGRAME.o (__udivdi3)
a:/03- imt sdk/imt_sdk_win_64/winavr/bin/../lib/gcc/avr/4.3.3/avr5\libgcc.a(_umoddi3.o)
                              ./2_HAL/LCD/LCD_PROGRAME.o (__umoddi3)
a:/03- imt sdk/imt_sdk_win_64/winavr/bin/../lib/gcc/avr/4.3.3/avr5\libgcc.a(_mulsi3.o)
                              a:/03- imt sdk/imt_sdk_win_64/winavr/bin/../lib/gcc/avr/4.3.3/avr5\libgcc.a(_divdi3.o) (__mulsi3)
a:/03- imt sdk/imt_sdk_win_64/winavr/bin/../lib/gcc/avr/4.3.3/avr5\libgcc.a(_udivmodsi4.o)
                              a:/03- imt sdk/imt_sdk_win_64/winavr/bin/../lib/gcc/avr/4.3.3/avr5\libgcc.a(_divdi3.o) (__udivmodsi4)
a:/03- imt sdk/imt_sdk_win_64/winavr/bin/../lib/gcc/avr/4.3.3/avr5\libgcc.a(_prologue.o)
                              a:/03- imt sdk/imt_sdk_win_64/winavr/bin/../lib/gcc/avr/4.3.3/avr5\libgcc.a(_divdi3.o) (__prologue_saves__)
a:/03- imt sdk/imt_sdk_win_64/winavr/bin/../lib/gcc/avr/4.3.3/avr5\libgcc.a(_epilogue.o)
                              a:/03- imt sdk/imt_sdk_win_64/winavr/bin/../lib/gcc/avr/4.3.3/avr5\libgcc.a(_divdi3.o) (__epilogue_restores__)
a:/03- imt sdk/imt_sdk_win_64/winavr/bin/../lib/gcc/avr/4.3.3/avr5\libgcc.a(_clz.o)
                              a:/03- imt sdk/imt_sdk_win_64/winavr/bin/../lib/gcc/avr/4.3.3/avr5\libgcc.a(_divdi3.o) (__clz_tab)

Memory Configuration

Name             Origin             Length             Attributes
text             0x00000000         0x00020000         xr
data             0x00800060         0x0000ffa0         rw !x
eeprom           0x00810000         0x00010000         rw !x
fuse             0x00820000         0x00000400         rw !x
lock             0x00830000         0x00000400         rw !x
signature        0x00840000         0x00000400         rw !x
*default*        0x00000000         0xffffffff

Linker script and memory map

LOAD a:/03- imt sdk/imt_sdk_win_64/winavr/bin/../lib/gcc/avr/4.3.3/../../../../avr/lib/avr5/crtm32.o
LOAD ./3_APP/App_1/App.o
LOAD ./2_HAL/LCD/LCD_PROGRAME.o
LOAD ./1_MCAL/USART/USART_program.o
LOAD ./1_MCAL/DIO/DIO_PROGRAM.o
LOAD a:/03- imt sdk/imt_sdk_win_64/winavr/bin/../lib/gcc/avr/4.3.3/avr5\libgcc.a
LOAD a:/03- imt sdk/imt_sdk_win_64/winavr/bin/../lib/gcc/avr/4.3.3/../../../../avr/lib/avr5\libc.a
LOAD a:/03- imt sdk/imt_sdk_win_64/winavr/bin/../lib/gcc/avr/4.3.3/avr5\libgcc.a

.hash
 *(.hash)

.dynsym
 *(.dynsym)

.dynstr
 *(.dynstr)

.gnu.version
 *(.gnu.version)

.gnu.version_d
 *(.gnu.version_d)

.gnu.version_r
 *(.gnu.version_r)

.rel.init
 *(.rel.init)

.rela.init
 *(.rela.init)

.rel.text
 *(.rel.text)
 *(.rel.text.*)
 *(.rel.gnu.linkonce.t*)

.rela.text
 *(.rela.text)
 *(.rela.text.*)
 *(.rela.gnu.linkonce.t*)

.rel.fini
 *(.rel.fini)

.rela.fini
 *(.rela.fini)

.rel.rodata
 *(.rel.rodata)
 *(.rel.rodata.*)
 *(.rel.gnu.linkonce.r*)

.rela.rodata
 *(.rela.rodata)
 *(.rela.rodata.*)
 *(.rela.gnu.linkonce.r*)

.rel.data
 *(.rel.data)
 *(.rel.data.*)
 *(.rel.gnu.linkonce.d*)

.rela.data
 *(.rela.data)
 *(.rela.data.*)
 *(.rela.gnu.linkonce.d*)

.rel.ctors
 *(.rel.ctors)

.rela.ctors
 *(.rela.ctors)

.rel.dtors
 *(.rel.dtors)

.rela.dtors
 *(.rela.dtors)

.rel.got
 *(.rel.got)

.rela.got
 *(.rela.got)

.rel.bss
 *(.rel.bss)

.rela.bss
 *(.rela.bss)

.rel.plt
 *(.rel.plt)

.rela.plt
 *(.rela.plt)

.text           0x00000000     0x5f74
 *(.vectors)
 .vectors       0x00000000       0x54 a:/03- imt sdk/imt_sdk_win_64/winavr/bin/../lib/gcc/avr/4.3.3/../../../../avr/lib/avr5/crtm32.o
                0x00000000                __vectors
                0x00000000                __vector_default
 *(.vectors)
 *(.progmem.gcc*)
 *(.progmem*)
                0x00000054                . = ALIGN (0x2)
                0x00000054                __trampolines_start = .
 *(.trampolines)
 .trampolines   0x00000054        0x0 linker stubs
 *(.trampolines*)
                0x00000054                __trampolines_end = .
 *(.jumptables)
 *(.jumptables*)
 *(.lowtext)
 *(.lowtext*)
                0x00000054                __ctors_start = .
 *(.ctors)
                0x00000054                __ctors_end = .
                0x00000054                __dtors_start = .
 *(.dtors)
                0x00000054                __dtors_end = .
 SORT(*)(.ctors)
 SORT(*)(.dtors)
 *(.init0)
 .init0         0x00000054        0x0 a:/03- imt sdk/imt_sdk_win_64/winavr/bin/../lib/gcc/avr/4.3.3/../../../../avr/lib/avr5/crtm32.o
                0x00000054                __init
 *(.init0)
 *(.init1)
 *(.init1)
 *(.init2)
 .init2         0x00000054        0xc a:/03- imt sdk/imt_sdk_win_64/winavr/bin/../lib/gcc/avr/4.3.3/../../../../avr/lib/avr5/crtm32.o
 *(.init2)
 *(.init3)
 *(.init3)
 *(.init4)
 .init4         0x00000060       0x16 a:/03- imt sdk/imt_sdk_win_64/winavr/bin/../lib/gcc/avr/4.3.3/avr5\libgcc.a(_copy_data.o)
                0x00000060                __do_copy_data
 .init4         0x00000076       0x10 a:/03- imt sdk/imt_sdk_win_64/winavr/bin/../lib/gcc/avr/4.3.3/avr5\libgcc.a(_clear_bss.o)
                0x00000076                __do_clear_bss
 *(.init4)
 *(.init5)
 *(.init5)
 *(.init6)
 *(.init6)
 *(.init7)
 *(.init7)
 *(.init8)
 *(.init8)
 *(.init9)
 .init9         0x00000086        0x8 a:/03- imt sdk/imt_sdk_win_64/winavr/bin/../lib/gcc/avr/4.3.3/../../../../avr/lib/avr5/crtm32.o
 *(.init9)
 *(.text)
 .text          0x0000008e        0x4 a:/03- imt sdk/imt_sdk_win_64/winavr/bin/../lib/gcc/avr/4.3.3/../../../../avr/lib/avr5/crtm32.o
                0x0000008e                __vector_1
                0x0000008e                __vector_12
                0x0000008e                __bad_interrupt
                0x0000008e                __vector_6
                0x0000008e                __vector_3
                0x0000008e                __vector_11
                0x0000008e                __vector_17
                0x0000008e                __vector_19
                0x0000008e                __vector_7
                0x0000008e                __vector_5
                0x0000008e                __vector_4
                0x0000008e                __vector_9
                0x0000008e                __vector_2
                0x0000008e                __vector_8
                0x0000008e                __vector_14
                0x0000008e                __vector_10
                0x0000008e                __vector_16
                0x0000008e                __vector_18
                0x0000008e                __vector_20
 .text          0x00000092        0x0 ./3_APP/App_1/App.o
 .text          0x00000092        0x0 ./2_HAL/LCD/LCD_PROGRAME.o
 .text          0x00000092        0x0 ./1_MCAL/USART/USART_program.o
 .text          0x00000092        0x0 ./1_MCAL/DIO/DIO_PROGRAM.o
 .text          0x00000092        0x0 a:/03- imt sdk/imt_sdk_win_64/winavr/bin/../lib/gcc/avr/4.3.3/avr5\libgcc.a(_exit.o)
 .text          0x00000092        0x0 a:/03- imt sdk/imt_sdk_win_64/winavr/bin/../lib/gcc/avr/4.3.3/avr5\libgcc.a(_copy_data.o)
 .text          0x00000092        0x0 a:/03- imt sdk/imt_sdk_win_64/winavr/bin/../lib/gcc/avr/4.3.3/avr5\libgcc.a(_clear_bss.o)
 .text          0x00000092       0xfe a:/03- imt sdk/imt_sdk_win_64/winavr/bin/../lib/gcc/avr/4.3.3/avr5\libgcc.a(_ashldi3.o)
                0x00000092                __ashldi3
 .text          0x00000190     0x1050 a:/03- imt sdk/imt_sdk_win_64/winavr/bin/../lib/gcc/avr/4.3.3/avr5\libgcc.a(_divdi3.o)
                0x00000190                __divdi3
 .text          0x000011e0     0x107a a:/03- imt sdk/imt_sdk_win_64/winavr/bin/../lib/gcc/avr/4.3.3/avr5\libgcc.a(_moddi3.o)
                0x000011e0                __moddi3
 .text          0x0000225a      0xcea a:/03- imt sdk/imt_sdk_win_64/winavr/bin/../lib/gcc/avr/4.3.3/avr5\libgcc.a(_udivdi3.o)
                0x0000225a                __udivdi3
 .text          0x00002f44      0xce0 a:/03- imt sdk/imt_sdk_win_64/winavr/bin/../lib/gcc/avr/4.3.3/avr5\libgcc.a(_umoddi3.o)
                0x00002f44                __umoddi3
 .text          0x00003c24        0x0 a:/03- imt sdk/imt_sdk_win_64/winavr/bin/../lib/gcc/avr/4.3.3/avr5\libgcc.a(_mulsi3.o)
 .text          0x00003c24        0x0 a:/03- imt sdk/imt_sdk_win_64/winavr/bin/../lib/gcc/avr/4.3.3/avr5\libgcc.a(_udivmodsi4.o)
 .text          0x00003c24        0x0 a:/03- imt sdk/imt_sdk_win_64/winavr/bin/../lib/gcc/avr/4.3.3/avr5\libgcc.a(_prologue.o)
 .text          0x00003c24        0x0 a:/03- imt sdk/imt_sdk_win_64/winavr/bin/../lib/gcc/avr/4.3.3/avr5\libgcc.a(_epilogue.o)
 .text          0x00003c24        0x0 a:/03- imt sdk/imt_sdk_win_64/winavr/bin/../lib/gcc/avr/4.3.3/avr5\libgcc.a(_clz.o)
                0x00003c24                . = ALIGN (0x2)
 *(.text.*)
 .text.func_send
                0x00003c24        0x2 ./3_APP/App_1/App.o
                0x00003c24                func_send
 .text.main     0x00003c26       0x30 ./3_APP/App_1/App.o
                0x00003c26                main
 .text.func_receive
                0x00003c56       0x22 ./3_APP/App_1/App.o
                0x00003c56                func_receive
 .text.LCD_enuSendData
                0x00003c78       0x88 ./2_HAL/LCD/LCD_PROGRAME.o
                0x00003c78                LCD_enuSendData
 .text.LCD_enuSendCommand
                0x00003d00       0x88 ./2_HAL/LCD/LCD_PROGRAME.o
                0x00003d00                LCD_enuSendCommand
 .text.LCD_enuClearScreen
                0x00003d88       0x82 ./2_HAL/LCD/LCD_PROGRAME.o
                0x00003d88                LCD_enuClearScreen
 .text.LCD_enuSetPosition
                0x00003e0a       0xbc ./2_HAL/LCD/LCD_PROGRAME.o
                0x00003e0a                LCD_enuSetPosition
 .text.LCD_enuInit
                0x00003ec6      0x2a4 ./2_HAL/LCD/LCD_PROGRAME.o
                0x00003ec6                LCD_enuInit
 .text.LCD_enuSendString
                0x0000416a       0xac ./2_HAL/LCD/LCD_PROGRAME.o
                0x0000416a                LCD_enuSendString
 .text.LCD_WriteNumberIn4Digits
                0x00004216      0x5ea ./2_HAL/LCD/LCD_PROGRAME.o
                0x00004216                LCD_WriteNumberIn4Digits
 .text.LCD_WriteNumberIn3Digits
                0x00004800      0x4c2 ./2_HAL/LCD/LCD_PROGRAME.o
                0x00004800                LCD_WriteNumberIn3Digits
 .text.LCD_enuSendExtraChar
                0x00004cc2      0x524 ./2_HAL/LCD/LCD_PROGRAME.o
                0x00004cc2                LCD_enuSendExtraChar
 .text.LCD_enuSendNumber
                0x000051e6      0x564 ./2_HAL/LCD/LCD_PROGRAME.o
                0x000051e6                LCD_enuSendNumber
 .text.USART_voidInit
                0x0000574a       0x1c ./1_MCAL/USART/USART_program.o
                0x0000574a                USART_voidInit
 .text.USART_u8SendData
                0x00005766       0x5c ./1_MCAL/USART/USART_program.o
                0x00005766                USART_u8SendData
 .text.USART_u8RecevieData
                0x000057c2       0x56 ./1_MCAL/USART/USART_program.o
                0x000057c2                USART_u8RecevieData
 .text.USART_u8SendStringAsynch
                0x00005818       0x40 ./1_MCAL/USART/USART_program.o
                0x00005818                USART_u8SendStringAsynch
 .text.USART_u8ReceiveBufferAsynch
                0x00005858       0x42 ./1_MCAL/USART/USART_program.o
                0x00005858                USART_u8ReceiveBufferAsynch
 .text.__vector_13
                0x0000589a       0x7e ./1_MCAL/USART/USART_program.o
                0x0000589a                __vector_13
 .text.__vector_15
                0x00005918       0x7a ./1_MCAL/USART/USART_program.o
                0x00005918                __vector_15
 .text.USART_u8ReceiveBufferSynch
                0x00005992       0x64 ./1_MCAL/USART/USART_program.o
                0x00005992                USART_u8ReceiveBufferSynch
 .text.USART_u8SendStringSynch
                0x000059f6       0x72 ./1_MCAL/USART/USART_program.o
                0x000059f6                USART_u8SendStringSynch
 .text.DIO_Enu_Init
                0x00005a68       0x1a ./1_MCAL/DIO/DIO_PROGRAM.o
                0x00005a68                DIO_Enu_Init
 .text.DIO_Enu_SetPortDirection
                0x00005a82       0x34 ./1_MCAL/DIO/DIO_PROGRAM.o
                0x00005a82                DIO_Enu_SetPortDirection
 .text.DIO_Enu_SetPortValue
                0x00005ab6       0x34 ./1_MCAL/DIO/DIO_PROGRAM.o
                0x00005ab6                DIO_Enu_SetPortValue
 .text.DIO_Enu_SetPinDirection
                0x00005aea       0xd2 ./1_MCAL/DIO/DIO_PROGRAM.o
                0x00005aea                DIO_Enu_SetPinDirection
 .text.DIO_Enu_SetPinValue
                0x00005bbc       0xd2 ./1_MCAL/DIO/DIO_PROGRAM.o
                0x00005bbc                DIO_Enu_SetPinValue
 .text.DIO_Enu_TogPortValue
                0x00005c8e       0x44 ./1_MCAL/DIO/DIO_PROGRAM.o
                0x00005c8e                DIO_Enu_TogPortValue
 .text.DIO_Enu_TogPinValue
                0x00005cd2       0x7c ./1_MCAL/DIO/DIO_PROGRAM.o
                0x00005cd2                DIO_Enu_TogPinValue
 .text.DIO_Enu_GetPortValue
                0x00005d4e       0x46 ./1_MCAL/DIO/DIO_PROGRAM.o
                0x00005d4e                DIO_Enu_GetPortValue
 .text.DIO_Enu_GetPinValue
                0x00005d94       0x4e ./1_MCAL/DIO/DIO_PROGRAM.o
                0x00005d94                DIO_Enu_GetPinValue
 .text.DIO_Enu_WriteHighNibbles
                0x00005de2       0x50 ./1_MCAL/DIO/DIO_PROGRAM.o
                0x00005de2                DIO_Enu_WriteHighNibbles
 .text.DIO_Enu_WriteLowNibbles
                0x00005e32       0x4e ./1_MCAL/DIO/DIO_PROGRAM.o
                0x00005e32                DIO_Enu_WriteLowNibbles
 .text.libgcc   0x00005e80        0x0 a:/03- imt sdk/imt_sdk_win_64/winavr/bin/../lib/gcc/avr/4.3.3/avr5\libgcc.a(_exit.o)
 .text.libgcc   0x00005e80        0x0 a:/03- imt sdk/imt_sdk_win_64/winavr/bin/../lib/gcc/avr/4.3.3/avr5\libgcc.a(_copy_data.o)
 .text.libgcc   0x00005e80        0x0 a:/03- imt sdk/imt_sdk_win_64/winavr/bin/../lib/gcc/avr/4.3.3/avr5\libgcc.a(_clear_bss.o)
 .text.libgcc   0x00005e80       0x3e a:/03- imt sdk/imt_sdk_win_64/winavr/bin/../lib/gcc/avr/4.3.3/avr5\libgcc.a(_mulsi3.o)
                0x00005e80                __mulsi3
 .text.libgcc   0x00005ebe       0x44 a:/03- imt sdk/imt_sdk_win_64/winavr/bin/../lib/gcc/avr/4.3.3/avr5\libgcc.a(_udivmodsi4.o)
                0x00005ebe                __udivmodsi4
 .text.libgcc   0x00005f02       0x38 a:/03- imt sdk/imt_sdk_win_64/winavr/bin/../lib/gcc/avr/4.3.3/avr5\libgcc.a(_prologue.o)
                0x00005f02                __prologue_saves__
 .text.libgcc   0x00005f3a       0x36 a:/03- imt sdk/imt_sdk_win_64/winavr/bin/../lib/gcc/avr/4.3.3/avr5\libgcc.a(_epilogue.o)
                0x00005f3a                __epilogue_restores__
                0x00005f70                . = ALIGN (0x2)
 *(.fini9)
 .fini9         0x00005f70        0x0 a:/03- imt sdk/imt_sdk_win_64/winavr/bin/../lib/gcc/avr/4.3.3/avr5\libgcc.a(_exit.o)
                0x00005f70                exit
                0x00005f70                _exit
 *(.fini9)
 *(.fini8)
 *(.fini8)
 *(.fini7)
 *(.fini7)
 *(.fini6)
 *(.fini6)
 *(.fini5)
 *(.fini5)
 *(.fini4)
 *(.fini4)
 *(.fini3)
 *(.fini3)
 *(.fini2)
 *(.fini2)
 *(.fini1)
 *(.fini1)
 *(.fini0)
 .fini0         0x00005f70        0x4 a:/03- imt sdk/imt_sdk_win_64/winavr/bin/../lib/gcc/avr/4.3.3/avr5\libgcc.a(_exit.o)
 *(.fini0)
                0x00005f74                _etext = .

.data           0x00800060      0x13e load address 0x00005f74
                0x00800060                PROVIDE (__data_start, .)
 *(.data)
 .data          0x00800060        0x0 a:/03- imt sdk/imt_sdk_win_64/winavr/bin/../lib/gcc/avr/4.3.3/../../../../avr/lib/avr5/crtm32.o
 .data          0x00800060       0x1d ./3_APP/App_1/App.o
 .data          0x0080007d        0x0 ./2_HAL/LCD/LCD_PROGRAME.o
 .data          0x0080007d        0x0 ./1_MCAL/USART/USART_program.o
 .data          0x0080007d        0x0 ./1_MCAL/DIO/DIO_PROGRAM.o
 .data          0x0080007d        0x0 a:/03- imt sdk/imt_sdk_win_64/winavr/bin/../lib/gcc/avr/4.3.3/avr5\libgcc.a(_exit.o)
 .data          0x0080007d        0x0 a:/03- imt sdk/imt_sdk_win_64/winavr/bin/../lib/gcc/avr/4.3.3/avr5\libgcc.a(_copy_data.o)
 .data          0x0080007d        0x0 a:/03- imt sdk/imt_sdk_win_64/winavr/bin/../lib/gcc/avr/4.3.3/avr5\libgcc.a(_clear_bss.o)
 .data          0x0080007d        0x0 a:/03- imt sdk/imt_sdk_win_64/winavr/bin/../lib/gcc/avr/4.3.3/avr5\libgcc.a(_ashldi3.o)
 .data          0x0080007d        0x0 a:/03- imt sdk/imt_sdk_win_64/winavr/bin/../lib/gcc/avr/4.3.3/avr5\libgcc.a(_divdi3.o)
 .data          0x0080007d        0x0 a:/03- imt sdk/imt_sdk_win_64/winavr/bin/../lib/gcc/avr/4.3.3/avr5\libgcc.a(_moddi3.o)
 .data          0x0080007d        0x0 a:/03- imt sdk/imt_sdk_win_64/winavr/bin/../lib/gcc/avr/4.3.3/avr5\libgcc.a(_udivdi3.o)
 .data          0x0080007d        0x0 a:/03- imt sdk/imt_sdk_win_64/winavr/bin/../lib/gcc/avr/4.3.3/avr5\libgcc.a(_umoddi3.o)
 .data          0x0080007d        0x0 a:/03- imt sdk/imt_sdk_win_64/winavr/bin/../lib/gcc/avr/4.3.3/avr5\libgcc.a(_mulsi3.o)
 .data          0x0080007d        0x0 a:/03- imt sdk/imt_sdk_win_64/winavr/bin/../lib/gcc/avr/4.3.3/avr5\libgcc.a(_udivmodsi4.o)
 .data          0x0080007d        0x0 a:/03- imt sdk/imt_sdk_win_64/winavr/bin/../lib/gcc/avr/4.3.3/avr5\libgcc.a(_prologue.o)
 .data          0x0080007d        0x0 a:/03- imt sdk/imt_sdk_win_64/winavr/bin/../lib/gcc/avr/4.3.3/avr5\libgcc.a(_epilogue.o)
 .data          0x0080007d      0x100 a:/03- imt sdk/imt_sdk_win_64/winavr/bin/../lib/gcc/avr/4.3.3/avr5\libgcc.a(_clz.o)
                0x0080007d                __clz_tab
 *(.data*)
 .data.LCD_u8ExtraChar
                0x0080017d       0x20 ./2_HAL/LCD/LCD_PROGRAME.o
                0x0080017d                LCD_u8ExtraChar
 .data.USART_u8State
                0x0080019d        0x1 ./1_MCAL/USART/USART_program.o
 *(.rodata)
 *(.rodata*)
 *(.gnu.linkonce.d*)
                0x0080019e                . = ALIGN (0x2)
                0x0080019e                _edata = .
                0x0080019e                PROVIDE (__data_end, .)

.bss            0x0080019e       0x26
                0x0080019e                PROVIDE (__bss_start, .)
 *(.bss)
 .bss           0x0080019e        0x0 a:/03- imt sdk/imt_sdk_win_64/winavr/bin/../lib/gcc/avr/4.3.3/../../../../avr/lib/avr5/crtm32.o
 .bss           0x0080019e        0x0 ./3_APP/App_1/App.o
 .bss           0x0080019e        0x0 ./2_HAL/LCD/LCD_PROGRAME.o
 .bss           0x0080019e        0x0 ./1_MCAL/USART/USART_program.o
 .bss           0x0080019e        0x0 ./1_MCAL/DIO/DIO_PROGRAM.o
 .bss           0x0080019e        0x0 a:/03- imt sdk/imt_sdk_win_64/winavr/bin/../lib/gcc/avr/4.3.3/avr5\libgcc.a(_exit.o)
 .bss           0x0080019e        0x0 a:/03- imt sdk/imt_sdk_win_64/winavr/bin/../lib/gcc/avr/4.3.3/avr5\libgcc.a(_copy_data.o)
 .bss           0x0080019e        0x0 a:/03- imt sdk/imt_sdk_win_64/winavr/bin/../lib/gcc/avr/4.3.3/avr5\libgcc.a(_clear_bss.o)
 .bss           0x0080019e        0x0 a:/03- imt sdk/imt_sdk_win_64/winavr/bin/../lib/gcc/avr/4.3.3/avr5\libgcc.a(_ashldi3.o)
 .bss           0x0080019e        0x0 a:/03- imt sdk/imt_sdk_win_64/winavr/bin/../lib/gcc/avr/4.3.3/avr5\libgcc.a(_divdi3.o)
 .bss           0x0080019e        0x0 a:/03- imt sdk/imt_sdk_win_64/winavr/bin/../lib/gcc/avr/4.3.3/avr5\libgcc.a(_moddi3.o)
 .bss           0x0080019e        0x0 a:/03- imt sdk/imt_sdk_win_64/winavr/bin/../lib/gcc/avr/4.3.3/avr5\libgcc.a(_udivdi3.o)
 .bss           0x0080019e        0x0 a:/03- imt sdk/imt_sdk_win_64/winavr/bin/../lib/gcc/avr/4.3.3/avr5\libgcc.a(_umoddi3.o)
 .bss           0x0080019e        0x0 a:/03- imt sdk/imt_sdk_win_64/winavr/bin/../lib/gcc/avr/4.3.3/avr5\libgcc.a(_mulsi3.o)
 .bss           0x0080019e        0x0 a:/03- imt sdk/imt_sdk_win_64/winavr/bin/../lib/gcc/avr/4.3.3/avr5\libgcc.a(_udivmodsi4.o)
 .bss           0x0080019e        0x0 a:/03- imt sdk/imt_sdk_win_64/winavr/bin/../lib/gcc/avr/4.3.3/avr5\libgcc.a(_prologue.o)
 .bss           0x0080019e        0x0 a:/03- imt sdk/imt_sdk_win_64/winavr/bin/../lib/gcc/avr/4.3.3/avr5\libgcc.a(_epilogue.o)
 .bss           0x0080019e        0x0 a:/03- imt sdk/imt_sdk_win_64/winavr/bin/../lib/gcc/avr/4.3.3/avr5\libgcc.a(_clz.o)
 *(.bss*)
 .bss.buffer    0x0080019e       0x1e ./3_APP/App_1/App.o
                0x0080019e                buffer
 .bss.USART_pu8SendData
                0x008001bc        0x2 ./1_MCAL/USART/USART_program.o
 .bss.USART_pvNotificationFunc
                0x008001be        0x2 ./1_MCAL/USART/USART_program.o
 .bss.USART_pu8ReceiveData
                0x008001c0        0x2 ./1_MCAL/USART/USART_program.o
 .bss.USART_u8BufferSize
                0x008001c2        0x1 ./1_MCAL/USART/USART_program.o
 .bss.USART_u8Index
                0x008001c3        0x1 ./1_MCAL/USART/USART_program.o
 *(COMMON)
                0x008001c4                PROVIDE (__bss_end, .)
                0x00005f74                __data_load_start = LOADADDR (.data)
                0x000060b2                __data_load_end = (__data_load_start + SIZEOF (.data))

.noinit         0x008001c4        0x0
                0x008001c4                PROVIDE (__noinit_start, .)
 *(.noinit*)
                0x008001c4                PROVIDE (__noinit_end, .)
                0x008001c4                _end = .
                0x008001c4                PROVIDE (__heap_start, .)

.eeprom         0x00810000        0x0
 *(.eeprom*)
                0x00810000                __eeprom_end = .

.fuse
 *(.fuse)
 *(.lfuse)
 *(.hfuse)
 *(.efuse)

.lock
 *(.lock*)

.signature
 *(.signature*)

.stab
 *(.stab)

.stabstr
 *(.stabstr)

.stab.excl
 *(.stab.excl)

.stab.exclstr
 *(.stab.exclstr)

.stab.index
 *(.stab.index)

.stab.indexstr
 *(.stab.indexstr)

.comment
 *(.comment)

.debug
 *(.debug)

.line
 *(.line)

.debug_srcinfo
 *(.debug_srcinfo)

.debug_sfnames
 *(.debug_sfnames)

.debug_aranges  0x00000000      0x208
 *(.debug_aranges)
 .debug_aranges
                0x00000000       0x30 ./3_APP/App_1/App.o
 .debug_aranges
                0x00000030       0x68 ./2_HAL/LCD/LCD_PROGRAME.o
 .debug_aranges
                0x00000098       0x60 ./1_MCAL/USART/USART_program.o
 .debug_aranges
                0x000000f8       0x70 ./1_MCAL/DIO/DIO_PROGRAM.o
 .debug_aranges
                0x00000168       0x20 a:/03- imt sdk/imt_sdk_win_64/winavr/bin/../lib/gcc/avr/4.3.3/avr5\libgcc.a(_ashldi3.o)
 .debug_aranges
                0x00000188       0x20 a:/03- imt sdk/imt_sdk_win_64/winavr/bin/../lib/gcc/avr/4.3.3/avr5\libgcc.a(_divdi3.o)
 .debug_aranges
                0x000001a8       0x20 a:/03- imt sdk/imt_sdk_win_64/winavr/bin/../lib/gcc/avr/4.3.3/avr5\libgcc.a(_moddi3.o)
 .debug_aranges
                0x000001c8       0x20 a:/03- imt sdk/imt_sdk_win_64/winavr/bin/../lib/gcc/avr/4.3.3/avr5\libgcc.a(_udivdi3.o)
 .debug_aranges
                0x000001e8       0x20 a:/03- imt sdk/imt_sdk_win_64/winavr/bin/../lib/gcc/avr/4.3.3/avr5\libgcc.a(_umoddi3.o)

.debug_pubnames
                0x00000000      0x423
 *(.debug_pubnames)
 .debug_pubnames
                0x00000000       0x45 ./3_APP/App_1/App.o
 .debug_pubnames
                0x00000045      0x10e ./2_HAL/LCD/LCD_PROGRAME.o
 .debug_pubnames
                0x00000153       0xea ./1_MCAL/USART/USART_program.o
 .debug_pubnames
                0x0000023d      0x128 ./1_MCAL/DIO/DIO_PROGRAM.o
 .debug_pubnames
                0x00000365       0x20 a:/03- imt sdk/imt_sdk_win_64/winavr/bin/../lib/gcc/avr/4.3.3/avr5\libgcc.a(_ashldi3.o)
 .debug_pubnames
                0x00000385       0x1f a:/03- imt sdk/imt_sdk_win_64/winavr/bin/../lib/gcc/avr/4.3.3/avr5\libgcc.a(_divdi3.o)
 .debug_pubnames
                0x000003a4       0x1f a:/03- imt sdk/imt_sdk_win_64/winavr/bin/../lib/gcc/avr/4.3.3/avr5\libgcc.a(_moddi3.o)
 .debug_pubnames
                0x000003c3       0x20 a:/03- imt sdk/imt_sdk_win_64/winavr/bin/../lib/gcc/avr/4.3.3/avr5\libgcc.a(_udivdi3.o)
 .debug_pubnames
                0x000003e3       0x20 a:/03- imt sdk/imt_sdk_win_64/winavr/bin/../lib/gcc/avr/4.3.3/avr5\libgcc.a(_umoddi3.o)
 .debug_pubnames
                0x00000403       0x20 a:/03- imt sdk/imt_sdk_win_64/winavr/bin/../lib/gcc/avr/4.3.3/avr5\libgcc.a(_clz.o)

.debug_info     0x00000000     0x5383
 *(.debug_info)
 .debug_info    0x00000000       0xf9 ./3_APP/App_1/App.o
 .debug_info    0x000000f9     0x2ad1 ./2_HAL/LCD/LCD_PROGRAME.o
 .debug_info    0x00002bca      0x44b ./1_MCAL/USART/USART_program.o
 .debug_info    0x00003015      0x3fa ./1_MCAL/DIO/DIO_PROGRAM.o
 .debug_info    0x0000340f      0x17f a:/03- imt sdk/imt_sdk_win_64/winavr/bin/../lib/gcc/avr/4.3.3/avr5\libgcc.a(_ashldi3.o)
 .debug_info    0x0000358e      0x756 a:/03- imt sdk/imt_sdk_win_64/winavr/bin/../lib/gcc/avr/4.3.3/avr5\libgcc.a(_divdi3.o)
 .debug_info    0x00003ce4      0x781 a:/03- imt sdk/imt_sdk_win_64/winavr/bin/../lib/gcc/avr/4.3.3/avr5\libgcc.a(_moddi3.o)
 .debug_info    0x00004465      0x71e a:/03- imt sdk/imt_sdk_win_64/winavr/bin/../lib/gcc/avr/4.3.3/avr5\libgcc.a(_udivdi3.o)
 .debug_info    0x00004b83      0x757 a:/03- imt sdk/imt_sdk_win_64/winavr/bin/../lib/gcc/avr/4.3.3/avr5\libgcc.a(_umoddi3.o)
 .debug_info    0x000052da       0xa9 a:/03- imt sdk/imt_sdk_win_64/winavr/bin/../lib/gcc/avr/4.3.3/avr5\libgcc.a(_clz.o)
 *(.gnu.linkonce.wi.*)

.debug_abbrev   0x00000000      0xd66
 *(.debug_abbrev)
 .debug_abbrev  0x00000000       0x98 ./3_APP/App_1/App.o
 .debug_abbrev  0x00000098      0x292 ./2_HAL/LCD/LCD_PROGRAME.o
 .debug_abbrev  0x0000032a      0x18b ./1_MCAL/USART/USART_program.o
 .debug_abbrev  0x000004b5      0x10a ./1_MCAL/DIO/DIO_PROGRAM.o
 .debug_abbrev  0x000005bf       0xee a:/03- imt sdk/imt_sdk_win_64/winavr/bin/../lib/gcc/avr/4.3.3/avr5\libgcc.a(_ashldi3.o)
 .debug_abbrev  0x000006ad      0x19f a:/03- imt sdk/imt_sdk_win_64/winavr/bin/../lib/gcc/avr/4.3.3/avr5\libgcc.a(_divdi3.o)
 .debug_abbrev  0x0000084c      0x19f a:/03- imt sdk/imt_sdk_win_64/winavr/bin/../lib/gcc/avr/4.3.3/avr5\libgcc.a(_moddi3.o)
 .debug_abbrev  0x000009eb      0x181 a:/03- imt sdk/imt_sdk_win_64/winavr/bin/../lib/gcc/avr/4.3.3/avr5\libgcc.a(_udivdi3.o)
 .debug_abbrev  0x00000b6c      0x190 a:/03- imt sdk/imt_sdk_win_64/winavr/bin/../lib/gcc/avr/4.3.3/avr5\libgcc.a(_umoddi3.o)
 .debug_abbrev  0x00000cfc       0x6a a:/03- imt sdk/imt_sdk_win_64/winavr/bin/../lib/gcc/avr/4.3.3/avr5\libgcc.a(_clz.o)

.debug_line     0x00000000     0x2d7f
 *(.debug_line)
 .debug_line    0x00000000      0x122 ./3_APP/App_1/App.o
 .debug_line    0x00000122     0x1883 ./2_HAL/LCD/LCD_PROGRAME.o
 .debug_line    0x000019a5      0x476 ./1_MCAL/USART/USART_program.o
 .debug_line    0x00001e1b      0x561 ./1_MCAL/DIO/DIO_PROGRAM.o
 .debug_line    0x0000237c       0xd7 a:/03- imt sdk/imt_sdk_win_64/winavr/bin/../lib/gcc/avr/4.3.3/avr5\libgcc.a(_ashldi3.o)
 .debug_line    0x00002453      0x228 a:/03- imt sdk/imt_sdk_win_64/winavr/bin/../lib/gcc/avr/4.3.3/avr5\libgcc.a(_divdi3.o)
 .debug_line    0x0000267b      0x280 a:/03- imt sdk/imt_sdk_win_64/winavr/bin/../lib/gcc/avr/4.3.3/avr5\libgcc.a(_moddi3.o)
 .debug_line    0x000028fb      0x1d8 a:/03- imt sdk/imt_sdk_win_64/winavr/bin/../lib/gcc/avr/4.3.3/avr5\libgcc.a(_udivdi3.o)
 .debug_line    0x00002ad3      0x230 a:/03- imt sdk/imt_sdk_win_64/winavr/bin/../lib/gcc/avr/4.3.3/avr5\libgcc.a(_umoddi3.o)
 .debug_line    0x00002d03       0x7c a:/03- imt sdk/imt_sdk_win_64/winavr/bin/../lib/gcc/avr/4.3.3/avr5\libgcc.a(_clz.o)

.debug_frame    0x00000000      0x2f0
 *(.debug_frame)
 .debug_frame   0x00000000       0x40 ./3_APP/App_1/App.o
 .debug_frame   0x00000040       0xb0 ./2_HAL/LCD/LCD_PROGRAME.o
 .debug_frame   0x000000f0       0xa0 ./1_MCAL/USART/USART_program.o
 .debug_frame   0x00000190       0xc0 ./1_MCAL/DIO/DIO_PROGRAM.o
 .debug_frame   0x00000250       0x20 a:/03- imt sdk/imt_sdk_win_64/winavr/bin/../lib/gcc/avr/4.3.3/avr5\libgcc.a(_ashldi3.o)
 .debug_frame   0x00000270       0x20 a:/03- imt sdk/imt_sdk_win_64/winavr/bin/../lib/gcc/avr/4.3.3/avr5\libgcc.a(_divdi3.o)
 .debug_frame   0x00000290       0x20 a:/03- imt sdk/imt_sdk_win_64/winavr/bin/../lib/gcc/avr/4.3.3/avr5\libgcc.a(_moddi3.o)
 .debug_frame   0x000002b0       0x20 a:/03- imt sdk/imt_sdk_win_64/winavr/bin/../lib/gcc/avr/4.3.3/avr5\libgcc.a(_udivdi3.o)
 .debug_frame   0x000002d0       0x20 a:/03- imt sdk/imt_sdk_win_64/winavr/bin/../lib/gcc/avr/4.3.3/avr5\libgcc.a(_umoddi3.o)

.debug_str      0x00000000      0x75f
 *(.debug_str)
 .debug_str     0x00000000       0xc0 ./3_APP/App_1/App.o
                                0x101 (size before relaxing)
 .debug_str     0x000000c0      0x257 ./2_HAL/LCD/LCD_PROGRAME.o
                                0x320 (size before relaxing)
 .debug_str     0x00000317      0x1cf ./1_MCAL/USART/USART_program.o
                                0x32f (size before relaxing)
 .debug_str     0x000004e6      0x13c ./1_MCAL/DIO/DIO_PROGRAM.o
                                0x286 (size before relaxing)
 .debug_str     0x00000622       0xa5 a:/03- imt sdk/imt_sdk_win_64/winavr/bin/../lib/gcc/avr/4.3.3/avr5\libgcc.a(_ashldi3.o)
                                0x131 (size before relaxing)
 .debug_str     0x000006c7       0x7b a:/03- imt sdk/imt_sdk_win_64/winavr/bin/../lib/gcc/avr/4.3.3/avr5\libgcc.a(_divdi3.o)
                                0x189 (size before relaxing)
 .debug_str     0x00000742        0x9 a:/03- imt sdk/imt_sdk_win_64/winavr/bin/../lib/gcc/avr/4.3.3/avr5\libgcc.a(_moddi3.o)
                                0x189 (size before relaxing)
 .debug_str     0x0000074b        0xa a:/03- imt sdk/imt_sdk_win_64/winavr/bin/../lib/gcc/avr/4.3.3/avr5\libgcc.a(_udivdi3.o)
                                0x18a (size before relaxing)
 .debug_str     0x00000755        0xa a:/03- imt sdk/imt_sdk_win_64/winavr/bin/../lib/gcc/avr/4.3.3/avr5\libgcc.a(_umoddi3.o)
                                0x18a (size before relaxing)
 .debug_str     0x00000000       0xf4 a:/03- imt sdk/imt_sdk_win_64/winavr/bin/../lib/gcc/avr/4.3.3/avr5\libgcc.a(_clz.o)

.debug_loc      0x00000000     0x5585
 *(.debug_loc)
 .debug_loc     0x00000000     0x1759 ./2_HAL/LCD/LCD_PROGRAME.o
 .debug_loc     0x00001759      0x36d ./1_MCAL/USART/USART_program.o
 .debug_loc     0x00001ac6      0x6af ./1_MCAL/DIO/DIO_PROGRAM.o
 .debug_loc     0x00002175       0xf8 a:/03- imt sdk/imt_sdk_win_64/winavr/bin/../lib/gcc/avr/4.3.3/avr5\libgcc.a(_ashldi3.o)
 .debug_loc     0x0000226d      0xe71 a:/03- imt sdk/imt_sdk_win_64/winavr/bin/../lib/gcc/avr/4.3.3/avr5\libgcc.a(_divdi3.o)
 .debug_loc     0x000030de      0xb81 a:/03- imt sdk/imt_sdk_win_64/winavr/bin/../lib/gcc/avr/4.3.3/avr5\libgcc.a(_moddi3.o)
 .debug_loc     0x00003c5f      0xe74 a:/03- imt sdk/imt_sdk_win_64/winavr/bin/../lib/gcc/avr/4.3.3/avr5\libgcc.a(_udivdi3.o)
 .debug_loc     0x00004ad3      0xab2 a:/03- imt sdk/imt_sdk_win_64/winavr/bin/../lib/gcc/avr/4.3.3/avr5\libgcc.a(_umoddi3.o)

.debug_macinfo
 *(.debug_macinfo)
OUTPUT(lab19.elf elf32-avr)
LOAD linker stubs

.debug_ranges   0x00000000     0x11d8
 .debug_ranges  0x00000000       0x28 ./3_APP/App_1/App.o
 .debug_ranges  0x00000028     0x1060 ./2_HAL/LCD/LCD_PROGRAME.o
 .debug_ranges  0x00001088       0x88 ./1_MCAL/USART/USART_program.o
 .debug_ranges  0x00001110       0x68 ./1_MCAL/DIO/DIO_PROGRAM.o
 .debug_ranges  0x00001178       0x18 a:/03- imt sdk/imt_sdk_win_64/winavr/bin/../lib/gcc/avr/4.3.3/avr5\libgcc.a(_divdi3.o)
 .debug_ranges  0x00001190       0x18 a:/03- imt sdk/imt_sdk_win_64/winavr/bin/../lib/gcc/avr/4.3.3/avr5\libgcc.a(_moddi3.o)
 .debug_ranges  0x000011a8       0x18 a:/03- imt sdk/imt_sdk_win_64/winavr/bin/../lib/gcc/avr/4.3.3/avr5\libgcc.a(_udivdi3.o)
 .debug_ranges  0x000011c0       0x18 a:/03- imt sdk/imt_sdk_win_64/winavr/bin/../lib/gcc/avr/4.3.3/avr5\libgcc.a(_umoddi3.o)
