Archive member included because of file (symbol)

a:/03- imt sdk/imt_sdk_win_64/winavr/bin/../lib/gcc/avr/4.3.3/avr5\libgcc.a(_exit.o)
                              a:/03- imt sdk/imt_sdk_win_64/winavr/bin/../lib/gcc/avr/4.3.3/../../../../avr/lib/avr5/crtm32.o (exit)
a:/03- imt sdk/imt_sdk_win_64/winavr/bin/../lib/gcc/avr/4.3.3/avr5\libgcc.a(_copy_data.o)
                              ./2_HAL/SWITCH/SWITCH_CONFIG.o (__do_copy_data)
a:/03- imt sdk/imt_sdk_win_64/winavr/bin/../lib/gcc/avr/4.3.3/avr5\libgcc.a(_clear_bss.o)
                              ./3_APP/App_1/App.o (__do_clear_bss)

Memory Configuration

Name             Origin             Length             Attributes
text             0x00000000         0x00020000         xr
data             0x00800060         0x0000ffa0         rw !x
eeprom           0x00810000         0x00010000         rw !x
fuse             0x00820000         0x00000400         rw !x
lock             0x00830000         0x00000400         rw !x
signature        0x00840000         0x00000400         rw !x
*default*        0x00000000         0xffffffff

Linker script and memory map

LOAD a:/03- imt sdk/imt_sdk_win_64/winavr/bin/../lib/gcc/avr/4.3.3/../../../../avr/lib/avr5/crtm32.o
LOAD ./3_APP/App_1/App.o
LOAD ./2_HAL/SWITCH/SWITCH_CONFIG.o
LOAD ./2_HAL/SWITCH/SWITCH_PROGRAM.o
LOAD ./2_HAL/LED/LED_CONFIG.o
LOAD ./2_HAL/LED/LED_PROGRAM.o
LOAD ./1_MCAL/EXTI/EXTI_PP/EXTI_PROGRAME.o
LOAD ./1_MCAL/DIO/DIO_PROGRAM.o
LOAD a:/03- imt sdk/imt_sdk_win_64/winavr/bin/../lib/gcc/avr/4.3.3/avr5\libgcc.a
LOAD a:/03- imt sdk/imt_sdk_win_64/winavr/bin/../lib/gcc/avr/4.3.3/../../../../avr/lib/avr5\libc.a
LOAD a:/03- imt sdk/imt_sdk_win_64/winavr/bin/../lib/gcc/avr/4.3.3/avr5\libgcc.a

.hash
 *(.hash)

.dynsym
 *(.dynsym)

.dynstr
 *(.dynstr)

.gnu.version
 *(.gnu.version)

.gnu.version_d
 *(.gnu.version_d)

.gnu.version_r
 *(.gnu.version_r)

.rel.init
 *(.rel.init)

.rela.init
 *(.rela.init)

.rel.text
 *(.rel.text)
 *(.rel.text.*)
 *(.rel.gnu.linkonce.t*)

.rela.text
 *(.rela.text)
 *(.rela.text.*)
 *(.rela.gnu.linkonce.t*)

.rel.fini
 *(.rel.fini)

.rela.fini
 *(.rela.fini)

.rel.rodata
 *(.rel.rodata)
 *(.rel.rodata.*)
 *(.rel.gnu.linkonce.r*)

.rela.rodata
 *(.rela.rodata)
 *(.rela.rodata.*)
 *(.rela.gnu.linkonce.r*)

.rel.data
 *(.rel.data)
 *(.rel.data.*)
 *(.rel.gnu.linkonce.d*)

.rela.data
 *(.rela.data)
 *(.rela.data.*)
 *(.rela.gnu.linkonce.d*)

.rel.ctors
 *(.rel.ctors)

.rela.ctors
 *(.rela.ctors)

.rel.dtors
 *(.rel.dtors)

.rela.dtors
 *(.rela.dtors)

.rel.got
 *(.rel.got)

.rela.got
 *(.rela.got)

.rel.bss
 *(.rel.bss)

.rela.bss
 *(.rela.bss)

.rel.plt
 *(.rel.plt)

.rela.plt
 *(.rela.plt)

.text           0x00000000     0x153c
 *(.vectors)
 .vectors       0x00000000       0x54 a:/03- imt sdk/imt_sdk_win_64/winavr/bin/../lib/gcc/avr/4.3.3/../../../../avr/lib/avr5/crtm32.o
                0x00000000                __vectors
                0x00000000                __vector_default
 *(.vectors)
 *(.progmem.gcc*)
 *(.progmem*)
                0x00000054                . = ALIGN (0x2)
                0x00000054                __trampolines_start = .
 *(.trampolines)
 .trampolines   0x00000054        0x0 linker stubs
 *(.trampolines*)
                0x00000054                __trampolines_end = .
 *(.jumptables)
 *(.jumptables*)
 *(.lowtext)
 *(.lowtext*)
                0x00000054                __ctors_start = .
 *(.ctors)
                0x00000054                __ctors_end = .
                0x00000054                __dtors_start = .
 *(.dtors)
                0x00000054                __dtors_end = .
 SORT(*)(.ctors)
 SORT(*)(.dtors)
 *(.init0)
 .init0         0x00000054        0x0 a:/03- imt sdk/imt_sdk_win_64/winavr/bin/../lib/gcc/avr/4.3.3/../../../../avr/lib/avr5/crtm32.o
                0x00000054                __init
 *(.init0)
 *(.init1)
 *(.init1)
 *(.init2)
 .init2         0x00000054        0xc a:/03- imt sdk/imt_sdk_win_64/winavr/bin/../lib/gcc/avr/4.3.3/../../../../avr/lib/avr5/crtm32.o
 *(.init2)
 *(.init3)
 *(.init3)
 *(.init4)
 .init4         0x00000060       0x16 a:/03- imt sdk/imt_sdk_win_64/winavr/bin/../lib/gcc/avr/4.3.3/avr5\libgcc.a(_copy_data.o)
                0x00000060                __do_copy_data
 .init4         0x00000076       0x10 a:/03- imt sdk/imt_sdk_win_64/winavr/bin/../lib/gcc/avr/4.3.3/avr5\libgcc.a(_clear_bss.o)
                0x00000076                __do_clear_bss
 *(.init4)
 *(.init5)
 *(.init5)
 *(.init6)
 *(.init6)
 *(.init7)
 *(.init7)
 *(.init8)
 *(.init8)
 *(.init9)
 .init9         0x00000086        0x8 a:/03- imt sdk/imt_sdk_win_64/winavr/bin/../lib/gcc/avr/4.3.3/../../../../avr/lib/avr5/crtm32.o
 *(.init9)
 *(.text)
 .text          0x0000008e        0x4 a:/03- imt sdk/imt_sdk_win_64/winavr/bin/../lib/gcc/avr/4.3.3/../../../../avr/lib/avr5/crtm32.o
                0x0000008e                __vector_12
                0x0000008e                __bad_interrupt
                0x0000008e                __vector_6
                0x0000008e                __vector_11
                0x0000008e                __vector_13
                0x0000008e                __vector_17
                0x0000008e                __vector_19
                0x0000008e                __vector_7
                0x0000008e                __vector_5
                0x0000008e                __vector_4
                0x0000008e                __vector_9
                0x0000008e                __vector_15
                0x0000008e                __vector_8
                0x0000008e                __vector_14
                0x0000008e                __vector_10
                0x0000008e                __vector_16
                0x0000008e                __vector_18
                0x0000008e                __vector_20
 .text          0x00000092        0x0 ./3_APP/App_1/App.o
 .text          0x00000092        0x0 ./2_HAL/SWITCH/SWITCH_CONFIG.o
 .text          0x00000092        0x0 ./2_HAL/SWITCH/SWITCH_PROGRAM.o
 .text          0x00000092        0x0 ./2_HAL/LED/LED_CONFIG.o
 .text          0x00000092        0x0 ./2_HAL/LED/LED_PROGRAM.o
 .text          0x00000092        0x0 ./1_MCAL/EXTI/EXTI_PP/EXTI_PROGRAME.o
 .text          0x00000092        0x0 ./1_MCAL/DIO/DIO_PROGRAM.o
 .text          0x00000092        0x0 a:/03- imt sdk/imt_sdk_win_64/winavr/bin/../lib/gcc/avr/4.3.3/avr5\libgcc.a(_exit.o)
 .text          0x00000092        0x0 a:/03- imt sdk/imt_sdk_win_64/winavr/bin/../lib/gcc/avr/4.3.3/avr5\libgcc.a(_copy_data.o)
 .text          0x00000092        0x0 a:/03- imt sdk/imt_sdk_win_64/winavr/bin/../lib/gcc/avr/4.3.3/avr5\libgcc.a(_clear_bss.o)
                0x00000092                . = ALIGN (0x2)
 *(.text.*)
 .text.main     0x00000092       0x42 ./3_APP/App_1/App.o
                0x00000092                main
 .text.activateAirbag
                0x000000d4       0x1c ./3_APP/App_1/App.o
                0x000000d4                activateAirbag
 .text.deactivateAirbag
                0x000000f0       0x16 ./3_APP/App_1/App.o
                0x000000f0                deactivateAirbag
 .text.SWITCH_EnuInit
                0x00000106       0xea ./2_HAL/SWITCH/SWITCH_PROGRAM.o
                0x00000106                SWITCH_EnuInit
 .text.SWITCH_EnuGetStates
                0x000001f0       0x5a ./2_HAL/SWITCH/SWITCH_PROGRAM.o
                0x000001f0                SWITCH_EnuGetStates
 .text.LED_EnuInit
                0x0000024a      0x280 ./2_HAL/LED/LED_PROGRAM.o
                0x0000024a                LED_EnuInit
 .text.LED_EnuTurnON
                0x000004ca       0x76 ./2_HAL/LED/LED_PROGRAM.o
                0x000004ca                LED_EnuTurnON
 .text.LED_EnuTurnOFF
                0x00000540       0x76 ./2_HAL/LED/LED_PROGRAM.o
                0x00000540                LED_EnuTurnOFF
 .text.EXI_SetCallBack
                0x000005b6       0x72 ./1_MCAL/EXTI/EXTI_PP/EXTI_PROGRAME.o
                0x000005b6                EXI_SetCallBack
 .text.EXI_Enable
                0x00000628       0x6e ./1_MCAL/EXTI/EXTI_PP/EXTI_PROGRAME.o
                0x00000628                EXI_Enable
 .text.EXI_Disable
                0x00000696       0x6e ./1_MCAL/EXTI/EXTI_PP/EXTI_PROGRAME.o
                0x00000696                EXI_Disable
 .text.EXI_TriggerEdge
                0x00000704      0x210 ./1_MCAL/EXTI/EXTI_PP/EXTI_PROGRAME.o
                0x00000704                EXI_TriggerEdge
 .text.__vector_1
                0x00000914       0x66 ./1_MCAL/EXTI/EXTI_PP/EXTI_PROGRAME.o
                0x00000914                __vector_1
 .text.__vector_2
                0x0000097a       0x66 ./1_MCAL/EXTI/EXTI_PP/EXTI_PROGRAME.o
                0x0000097a                __vector_2
 .text.__vector_3
                0x000009e0       0x66 ./1_MCAL/EXTI/EXTI_PP/EXTI_PROGRAME.o
                0x000009e0                __vector_3
 .text.DIO_Enu_Init
                0x00000a46       0x54 ./1_MCAL/DIO/DIO_PROGRAM.o
                0x00000a46                DIO_Enu_Init
 .text.DIO_Enu_SetPortDirection
                0x00000a9a       0x9a ./1_MCAL/DIO/DIO_PROGRAM.o
                0x00000a9a                DIO_Enu_SetPortDirection
 .text.DIO_Enu_SetPortValue
                0x00000b34       0x9a ./1_MCAL/DIO/DIO_PROGRAM.o
                0x00000b34                DIO_Enu_SetPortValue
 .text.DIO_Enu_SetPinDirection
                0x00000bce      0x1d8 ./1_MCAL/DIO/DIO_PROGRAM.o
                0x00000bce                DIO_Enu_SetPinDirection
 .text.DIO_Enu_SetPinValue
                0x00000da6      0x1d8 ./1_MCAL/DIO/DIO_PROGRAM.o
                0x00000da6                DIO_Enu_SetPinValue
 .text.DIO_Enu_TogPortValue
                0x00000f7e       0xae ./1_MCAL/DIO/DIO_PROGRAM.o
                0x00000f7e                DIO_Enu_TogPortValue
 .text.DIO_Enu_TogPinValue
                0x0000102c      0x11c ./1_MCAL/DIO/DIO_PROGRAM.o
                0x0000102c                DIO_Enu_TogPinValue
 .text.DIO_Enu_GetPortValue
                0x00001148       0xbe ./1_MCAL/DIO/DIO_PROGRAM.o
                0x00001148                DIO_Enu_GetPortValue
 .text.DIO_Enu_GetPinValue
                0x00001206      0x13c ./1_MCAL/DIO/DIO_PROGRAM.o
                0x00001206                DIO_Enu_GetPinValue
 .text.DIO_Enu_WriteHighNibbles
                0x00001342       0xfc ./1_MCAL/DIO/DIO_PROGRAM.o
                0x00001342                DIO_Enu_WriteHighNibbles
 .text.DIO_Enu_WriteLowNibbles
                0x0000143e       0xfa ./1_MCAL/DIO/DIO_PROGRAM.o
                0x0000143e                DIO_Enu_WriteLowNibbles
 .text.libgcc   0x00001538        0x0 a:/03- imt sdk/imt_sdk_win_64/winavr/bin/../lib/gcc/avr/4.3.3/avr5\libgcc.a(_exit.o)
 .text.libgcc   0x00001538        0x0 a:/03- imt sdk/imt_sdk_win_64/winavr/bin/../lib/gcc/avr/4.3.3/avr5\libgcc.a(_copy_data.o)
 .text.libgcc   0x00001538        0x0 a:/03- imt sdk/imt_sdk_win_64/winavr/bin/../lib/gcc/avr/4.3.3/avr5\libgcc.a(_clear_bss.o)
                0x00001538                . = ALIGN (0x2)
 *(.fini9)
 .fini9         0x00001538        0x0 a:/03- imt sdk/imt_sdk_win_64/winavr/bin/../lib/gcc/avr/4.3.3/avr5\libgcc.a(_exit.o)
                0x00001538                exit
                0x00001538                _exit
 *(.fini9)
 *(.fini8)
 *(.fini8)
 *(.fini7)
 *(.fini7)
 *(.fini6)
 *(.fini6)
 *(.fini5)
 *(.fini5)
 *(.fini4)
 *(.fini4)
 *(.fini3)
 *(.fini3)
 *(.fini2)
 *(.fini2)
 *(.fini1)
 *(.fini1)
 *(.fini0)
 .fini0         0x00001538        0x4 a:/03- imt sdk/imt_sdk_win_64/winavr/bin/../lib/gcc/avr/4.3.3/avr5\libgcc.a(_exit.o)
 *(.fini0)
                0x0000153c                _etext = .

.data           0x00800060        0x8 load address 0x0000153c
                0x00800060                PROVIDE (__data_start, .)
 *(.data)
 .data          0x00800060        0x0 a:/03- imt sdk/imt_sdk_win_64/winavr/bin/../lib/gcc/avr/4.3.3/../../../../avr/lib/avr5/crtm32.o
 .data          0x00800060        0x0 ./3_APP/App_1/App.o
 .data          0x00800060        0x0 ./2_HAL/SWITCH/SWITCH_CONFIG.o
 .data          0x00800060        0x0 ./2_HAL/SWITCH/SWITCH_PROGRAM.o
 .data          0x00800060        0x0 ./2_HAL/LED/LED_CONFIG.o
 .data          0x00800060        0x0 ./2_HAL/LED/LED_PROGRAM.o
 .data          0x00800060        0x0 ./1_MCAL/EXTI/EXTI_PP/EXTI_PROGRAME.o
 .data          0x00800060        0x0 ./1_MCAL/DIO/DIO_PROGRAM.o
 .data          0x00800060        0x0 a:/03- imt sdk/imt_sdk_win_64/winavr/bin/../lib/gcc/avr/4.3.3/avr5\libgcc.a(_exit.o)
 .data          0x00800060        0x0 a:/03- imt sdk/imt_sdk_win_64/winavr/bin/../lib/gcc/avr/4.3.3/avr5\libgcc.a(_copy_data.o)
 .data          0x00800060        0x0 a:/03- imt sdk/imt_sdk_win_64/winavr/bin/../lib/gcc/avr/4.3.3/avr5\libgcc.a(_clear_bss.o)
 *(.data*)
 .data.Switch_Arr_Stru_SwitchState
                0x00800060        0x3 ./2_HAL/SWITCH/SWITCH_CONFIG.o
                0x00800060                Switch_Arr_Stru_SwitchState
 .data.LED_Arr_Str_LedConfig
                0x00800063        0x4 ./2_HAL/LED/LED_CONFIG.o
                0x00800063                LED_Arr_Str_LedConfig
 *(.rodata)
 *(.rodata*)
 *(.gnu.linkonce.d*)
                0x00800068                . = ALIGN (0x2)
 *fill*         0x00800067        0x1 00
                0x00800068                _edata = .
                0x00800068                PROVIDE (__data_end, .)

.bss            0x00800068        0x7
                0x00800068                PROVIDE (__bss_start, .)
 *(.bss)
 .bss           0x00800068        0x0 a:/03- imt sdk/imt_sdk_win_64/winavr/bin/../lib/gcc/avr/4.3.3/../../../../avr/lib/avr5/crtm32.o
 .bss           0x00800068        0x0 ./3_APP/App_1/App.o
 .bss           0x00800068        0x0 ./2_HAL/SWITCH/SWITCH_CONFIG.o
 .bss           0x00800068        0x0 ./2_HAL/SWITCH/SWITCH_PROGRAM.o
 .bss           0x00800068        0x0 ./2_HAL/LED/LED_CONFIG.o
 .bss           0x00800068        0x0 ./2_HAL/LED/LED_PROGRAM.o
 .bss           0x00800068        0x0 ./1_MCAL/EXTI/EXTI_PP/EXTI_PROGRAME.o
 .bss           0x00800068        0x0 ./1_MCAL/DIO/DIO_PROGRAM.o
 .bss           0x00800068        0x0 a:/03- imt sdk/imt_sdk_win_64/winavr/bin/../lib/gcc/avr/4.3.3/avr5\libgcc.a(_exit.o)
 .bss           0x00800068        0x0 a:/03- imt sdk/imt_sdk_win_64/winavr/bin/../lib/gcc/avr/4.3.3/avr5\libgcc.a(_copy_data.o)
 .bss           0x00800068        0x0 a:/03- imt sdk/imt_sdk_win_64/winavr/bin/../lib/gcc/avr/4.3.3/avr5\libgcc.a(_clear_bss.o)
 *(.bss*)
 .bss.collision_detected
                0x00800068        0x1 ./3_APP/App_1/App.o
                0x00800068                collision_detected
 .bss.INT0_Fptr
                0x00800069        0x2 ./1_MCAL/EXTI/EXTI_PP/EXTI_PROGRAME.o
 .bss.INT1_Fptr
                0x0080006b        0x2 ./1_MCAL/EXTI/EXTI_PP/EXTI_PROGRAME.o
 .bss.INT2_Fptr
                0x0080006d        0x2 ./1_MCAL/EXTI/EXTI_PP/EXTI_PROGRAME.o
 *(COMMON)
                0x0080006f                PROVIDE (__bss_end, .)
                0x0000153c                __data_load_start = LOADADDR (.data)
                0x00001544                __data_load_end = (__data_load_start + SIZEOF (.data))

.noinit         0x0080006f        0x0
                0x0080006f                PROVIDE (__noinit_start, .)
 *(.noinit*)
                0x0080006f                PROVIDE (__noinit_end, .)
                0x0080006f                _end = .
                0x0080006f                PROVIDE (__heap_start, .)

.eeprom         0x00810000        0x0
 *(.eeprom*)
                0x00810000                __eeprom_end = .

.fuse
 *(.fuse)
 *(.lfuse)
 *(.hfuse)
 *(.efuse)

.lock
 *(.lock*)

.signature
 *(.signature*)

.stab           0x00000000     0x2064
 *(.stab)
 .stab          0x00000000      0x390 ./3_APP/App_1/App.o
 .stab          0x00000390      0x234 ./2_HAL/SWITCH/SWITCH_CONFIG.o
                                0x240 (size before relaxing)
 .stab          0x000005c4      0x27c ./2_HAL/SWITCH/SWITCH_PROGRAM.o
                                0x3b4 (size before relaxing)
 .stab          0x00000840      0x234 ./2_HAL/LED/LED_CONFIG.o
                                0x240 (size before relaxing)
 .stab          0x00000a74      0x3f0 ./2_HAL/LED/LED_PROGRAM.o
                                0x528 (size before relaxing)
 .stab          0x00000e64      0x5a0 ./1_MCAL/EXTI/EXTI_PP/EXTI_PROGRAME.o
                                0x5ac (size before relaxing)
 .stab          0x00001404      0xc60 ./1_MCAL/DIO/DIO_PROGRAM.o
                                0xc6c (size before relaxing)

.stabstr        0x00000000      0xebe
 *(.stabstr)
 .stabstr       0x00000000      0xebe ./3_APP/App_1/App.o

.stab.excl
 *(.stab.excl)

.stab.exclstr
 *(.stab.exclstr)

.stab.index
 *(.stab.index)

.stab.indexstr
 *(.stab.indexstr)

.comment
 *(.comment)

.debug
 *(.debug)

.line
 *(.line)

.debug_srcinfo
 *(.debug_srcinfo)

.debug_sfnames
 *(.debug_sfnames)

.debug_aranges
 *(.debug_aranges)

.debug_pubnames
 *(.debug_pubnames)

.debug_info
 *(.debug_info)
 *(.gnu.linkonce.wi.*)

.debug_abbrev
 *(.debug_abbrev)

.debug_line
 *(.debug_line)

.debug_frame
 *(.debug_frame)

.debug_str
 *(.debug_str)

.debug_loc
 *(.debug_loc)

.debug_macinfo
 *(.debug_macinfo)
OUTPUT(lab8.elf elf32-avr)
LOAD linker stubs
